Archive member included to satisfy reference by file (symbol)

c:/arduino/hardware/tools/arm/bin/../lib/gcc/arm-none-eabi/5.4.1/../../../../arm-none-eabi/lib/armv7e-m/fpu\libc.a(lib_a-aeabi_atexit.o)
                              teensy3/Tone.o (symbol from plugin) (__aeabi_atexit)
c:/arduino/hardware/tools/arm/bin/../lib/gcc/arm-none-eabi/5.4.1/../../../../arm-none-eabi/lib/armv7e-m/fpu\libc.a(lib_a-atol.o)
                              teensy3/WString.o (symbol from plugin) (atol)
c:/arduino/hardware/tools/arm/bin/../lib/gcc/arm-none-eabi/5.4.1/../../../../arm-none-eabi/lib/armv7e-m/fpu\libc.a(lib_a-cxa_atexit.o)
                              c:/arduino/hardware/tools/arm/bin/../lib/gcc/arm-none-eabi/5.4.1/../../../../arm-none-eabi/lib/armv7e-m/fpu\libc.a(lib_a-aeabi_atexit.o) (__cxa_atexit)
c:/arduino/hardware/tools/arm/bin/../lib/gcc/arm-none-eabi/5.4.1/../../../../arm-none-eabi/lib/armv7e-m/fpu\libc.a(lib_a-efgcvt.o)
                              teensy3/nonstd.o (symbol from plugin) (fcvtf)
c:/arduino/hardware/tools/arm/bin/../lib/gcc/arm-none-eabi/5.4.1/../../../../arm-none-eabi/lib/armv7e-m/fpu\libc.a(lib_a-errno.o)
                              teensy3/mk20dx128.o (symbol from plugin) (__errno)
c:/arduino/hardware/tools/arm/bin/../lib/gcc/arm-none-eabi/5.4.1/../../../../arm-none-eabi/lib/armv7e-m/fpu\libc.a(lib_a-exit.o)
                              c:/arduino/hardware/tools/arm/bin/../lib/gcc/arm-none-eabi/5.4.1/../../../../arm-none-eabi/lib/armv7e-m/fpu/crt0.o (exit)
c:/arduino/hardware/tools/arm/bin/../lib/gcc/arm-none-eabi/5.4.1/../../../../arm-none-eabi/lib/armv7e-m/fpu\libc.a(lib_a-impure.o)
                              c:/arduino/hardware/tools/arm/bin/../lib/gcc/arm-none-eabi/5.4.1/../../../../arm-none-eabi/lib/armv7e-m/fpu\libc.a(lib_a-exit.o) (_global_impure_ptr)
c:/arduino/hardware/tools/arm/bin/../lib/gcc/arm-none-eabi/5.4.1/../../../../arm-none-eabi/lib/armv7e-m/fpu\libc.a(lib_a-init.o)
                              c:/arduino/hardware/tools/arm/bin/../lib/gcc/arm-none-eabi/5.4.1/../../../../arm-none-eabi/lib/armv7e-m/fpu/crt0.o (__libc_init_array)
c:/arduino/hardware/tools/arm/bin/../lib/gcc/arm-none-eabi/5.4.1/../../../../arm-none-eabi/lib/armv7e-m/fpu\libc.a(lib_a-itoa.o)
                              teensy3/WString.o (symbol from plugin) (itoa)
c:/arduino/hardware/tools/arm/bin/../lib/gcc/arm-none-eabi/5.4.1/../../../../arm-none-eabi/lib/armv7e-m/fpu\libc.a(lib_a-strnlen.o)
                              console/ConsoleCtrl.o (symbol from plugin) (strnlen)
c:/arduino/hardware/tools/arm/bin/../lib/gcc/arm-none-eabi/5.4.1/../../../../arm-none-eabi/lib/armv7e-m/fpu\libc.a(lib_a-strtod.o)
                              teensy3/WString.o (symbol from plugin) (strtof)
c:/arduino/hardware/tools/arm/bin/../lib/gcc/arm-none-eabi/5.4.1/../../../../arm-none-eabi/lib/armv7e-m/fpu\libc.a(lib_a-strtol.o)
                              c:/arduino/hardware/tools/arm/bin/../lib/gcc/arm-none-eabi/5.4.1/../../../../arm-none-eabi/lib/armv7e-m/fpu\libc.a(lib_a-atol.o) (_strtol_r)
c:/arduino/hardware/tools/arm/bin/../lib/gcc/arm-none-eabi/5.4.1/../../../../arm-none-eabi/lib/armv7e-m/fpu\libc.a(lib_a-strtoul.o)
                              console/LedModeCommand.o (symbol from plugin) (strtoul)
c:/arduino/hardware/tools/arm/bin/../lib/gcc/arm-none-eabi/5.4.1/../../../../arm-none-eabi/lib/armv7e-m/fpu\libc.a(lib_a-utoa.o)
                              c:/arduino/hardware/tools/arm/bin/../lib/gcc/arm-none-eabi/5.4.1/../../../../arm-none-eabi/lib/armv7e-m/fpu\libc.a(lib_a-itoa.o) (__utoa)
c:/arduino/hardware/tools/arm/bin/../lib/gcc/arm-none-eabi/5.4.1/../../../../arm-none-eabi/lib/armv7e-m/fpu\libc.a(lib_a-vdprintf.o)
                              teensy3/Print.o (symbol from plugin) (vdprintf)
c:/arduino/hardware/tools/arm/bin/../lib/gcc/arm-none-eabi/5.4.1/../../../../arm-none-eabi/lib/armv7e-m/fpu\libc.a(lib_a-writer.o)
                              c:/arduino/hardware/tools/arm/bin/../lib/gcc/arm-none-eabi/5.4.1/../../../../arm-none-eabi/lib/armv7e-m/fpu\libc.a(lib_a-vdprintf.o) (_write_r)
c:/arduino/hardware/tools/arm/bin/../lib/gcc/arm-none-eabi/5.4.1/../../../../arm-none-eabi/lib/armv7e-m/fpu\libc.a(lib_a-__atexit.o)
                              c:/arduino/hardware/tools/arm/bin/../lib/gcc/arm-none-eabi/5.4.1/../../../../arm-none-eabi/lib/armv7e-m/fpu\libc.a(lib_a-cxa_atexit.o) (__register_exitproc)
c:/arduino/hardware/tools/arm/bin/../lib/gcc/arm-none-eabi/5.4.1/../../../../arm-none-eabi/lib/armv7e-m/fpu\libc.a(lib_a-__call_atexit.o)
                              c:/arduino/hardware/tools/arm/bin/../lib/gcc/arm-none-eabi/5.4.1/../../../../arm-none-eabi/lib/armv7e-m/fpu\libc.a(lib_a-exit.o) (__call_exitprocs)
c:/arduino/hardware/tools/arm/bin/../lib/gcc/arm-none-eabi/5.4.1/../../../../arm-none-eabi/lib/armv7e-m/fpu\libc.a(lib_a-atexit.o)
[...]
Memory Configuration

Name             Origin             Length             Attributes
FLASH            0x00000000         0x00100000         xr
RAM              0x1fff0000         0x00040000         xrw
*default*        0x00000000         0xffffffff

Linker script and memory map

LOAD c:/arduino/hardware/tools/arm/bin/../lib/gcc/arm-none-eabi/5.4.1/armv7e-m/fpu/crti.o
LOAD c:/arduino/hardware/tools/arm/bin/../lib/gcc/arm-none-eabi/5.4.1/armv7e-m/fpu/crtbegin.o
LOAD c:/arduino/hardware/tools/arm/bin/../lib/gcc/arm-none-eabi/5.4.1/../../../../arm-none-eabi/lib/armv7e-m/fpu/crt0.o
LOAD common/stringUtils.o
LOAD C:\Users\Max\AppData\Local\Temp\ccyNzPu9.ltrans0.ltrans.o
LOAD C:\Users\Max\AppData\Local\Temp\ccyNzPu9.ltrans1.ltrans.o
LOAD C:\Users\Max\AppData\Local\Temp\ccyNzPu9.ltrans2.ltrans.o
LOAD C:\Users\Max\AppData\Local\Temp\ccyNzPu9.ltrans3.ltrans.o
LOAD C:\Users\Max\AppData\Local\Temp\ccyNzPu9.ltrans4.ltrans.o
LOAD C:\Users\Max\AppData\Local\Temp\ccyNzPu9.ltrans5.ltrans.o
LOAD C:\Users\Max\AppData\Local\Temp\ccyNzPu9.ltrans6.ltrans.o
LOAD teensy3/serial5.o
LOAD teensy3/usb_serial.o
LOAD teensy3/usb_seremu.o
LOAD teensy3/usb_midi.o
LOAD teensy3/usb_mem.o
LOAD teensy3/usb_touch.o
LOAD teensy3/serial6_lpuart.o
LOAD teensy3/eeprom.o
LOAD teensy3/math_helper.o
LOAD teensy3/mk20dx128.o
LOAD teensy3/analog.o
LOAD teensy3/usb_rawhid.o
LOAD teensy3/usb_desc.o
LOAD teensy3/pins_teensy.o
LOAD teensy3/ser_print.o
LOAD teensy3/serial2.o
LOAD teensy3/serial6.o
LOAD teensy3/touch.o
LOAD teensy3/serial4.o
LOAD teensy3/keylayouts.o
LOAD teensy3/usb_keyboard.o
LOAD teensy3/usb_joystick.o
LOAD teensy3/usb_mouse.o
LOAD teensy3/usb_dev.o
LOAD teensy3/serial1.o
LOAD teensy3/usb_mtp.o
LOAD teensy3/serial3.o
LOAD teensy3/nonstd.o
LOAD mainExec.o
LOAD common/CommonData.o
LOAD common/StopWatch.o
LOAD common/Queue.o
LOAD common/crc.o
LOAD common/MemoryBlock.o
LOAD common/HashTable.o
LOAD console/StatCommand.o
LOAD console/AboutCommand.o
LOAD console/ConsoleCtrl.o
LOAD console/LedModeCommand.o
LOAD console/Command.o
LOAD control/LEDControl.o
LOAD control/Adafruit_NeoPixel.o
LOAD io/MaintenanceComm.o
LOAD io/SerialProcessing.o
LOAD io/SerialComm.o
LOAD mode/SMColorPulse.o
LOAD mode/StateMachine.o
LOAD mode/SMRainbowCycle.o
LOAD mode/LedModeControl.o
LOAD mode/SMWhite.o
LOAD mode/SMSpectrum.o
LOAD mode/SMColor.o
LOAD mode/SMOff.o
LOAD mode/SMWhiteOverRainbow.o
LOAD scheduler/TaskScheduler.o
LOAD scheduler/Task.o
LOAD teensy3/HardwareSerial3.o
LOAD teensy3/HardwareSerial5.o
LOAD teensy3/main.o
LOAD teensy3/usb_audio.o
LOAD teensy3/yield.o
LOAD teensy3/WMath.o
LOAD teensy3/AudioStream.o
LOAD teensy3/IntervalTimer.o
LOAD teensy3/EventResponder.o
LOAD teensy3/avr_emulation.o
LOAD teensy3/HardwareSerial2.o
LOAD teensy3/HardwareSerial4.o
LOAD teensy3/usb_inst.o
LOAD teensy3/Print.o
LOAD teensy3/WString.o
LOAD teensy3/HardwareSerial1.o
LOAD teensy3/usb_flightsim.o
LOAD teensy3/DMAChannel.o
LOAD teensy3/new.o
LOAD teensy3/Stream.o
LOAD teensy3/IPAddress.o
LOAD teensy3/HardwareSerial6.o
LOAD teensy3/Tone.o
LOAD teensy3/memcpy-armv7m.o
LOAD teensy3/memset.o
LOAD c:/arduino/hardware/tools/arm/bin/../lib/gcc/arm-none-eabi/5.4.1/../../../../arm-none-eabi/lib/armv7e-m/fpu\libm.a
LOAD c:/arduino/hardware/tools/arm/bin/../lib/gcc/arm-none-eabi/5.4.1/../../../../arm-none-eabi/lib/armv7e-m/fpu\libc.a
LOAD c:/arduino/hardware/tools/arm/bin/../lib/gcc/arm-none-eabi/5.4.1/../../../../arm-none-eabi/lib\libarm_cortexM4lf_math.a
START GROUP
LOAD c:/arduino/hardware/tools/arm/bin/../lib/gcc/arm-none-eabi/5.4.1/armv7e-m/fpu\libgcc.a
LOAD c:/arduino/hardware/tools/arm/bin/../lib/gcc/arm-none-eabi/5.4.1/../../../../arm-none-eabi/lib/armv7e-m/fpu\libc.a
END GROUP
LOAD c:/arduino/hardware/tools/arm/bin/../lib/gcc/arm-none-eabi/5.4.1/armv7e-m/fpu/crtend.o
LOAD c:/arduino/hardware/tools/arm/bin/../lib/gcc/arm-none-eabi/5.4.1/armv7e-m/fpu/crtn.o

.text           0x00000000     0x9874
                0x00000000                . = 0x0
 *(.vectors)
 .vectors       0x00000000      0x1d0 C:\Users\Max\AppData\Local\Temp\ccyNzPu9.ltrans4.ltrans.o
                0x00000000                _VectorsFlash
 *(.startup*)
 .startup       0x000001d0      0x218 C:\Users\Max\AppData\Local\Temp\ccyNzPu9.ltrans0.ltrans.o
                0x000001d0                ResetHandler
                0x00000400                . = 0x400
 *fill*         0x000003e8       0x18 ff
 *(.flashconfig*)
 .flashconfig   0x00000400       0x10 C:\Users\Max\AppData\Local\Temp\ccyNzPu9.ltrans0.ltrans.o
                0x00000400                flashconfigbytes
 *(.text*)
 .text          0x00000410       0x5c c:/arduino/hardware/tools/arm/bin/../lib/gcc/arm-none-eabi/5.4.1/armv7e-m/fpu/crtbegin.o
 .text          0x0000046c     0x12f8 C:\Users\Max\AppData\Local\Temp\ccyNzPu9.ltrans0.ltrans.o
                0x0000046c                uart2_status_isr
                0x00000500                uart0_status_isr
                0x00000614                uart3_status_isr
                0x000006ac                uart1_status_isr
                0x0000077c                __cxa_pure_virtual
                0x0000077e                lpuart0_status_isr
                0x00000824                uart4_status_isr
                0x000008c0                Queue::pop(void*)
                0x000008f8                StopWatch::timerHasExpired() const
                0x00000920                StopWatch::start(unsigned int)
                0x00000938                Singleton<TaskScheduler>::getInstance()
                0x0000096c                Singleton<LEDControl>::getInstance()
                0x0000099c                Singleton<MaintenanceComm>::getInstance()
                0x00000a40                Singleton<SerialComm>::getInstance()
                0x00000ad4                digitalWrite.part.0
                0x00000b10                micros
                0x00000e3c                abort
                0x00000e3e                _exit
                0x00000e40                _sbrk
                0x00000e6c                usb_free
                0x00000f30                usb_malloc
                0x00000f6c                usb_isr
                0x000015c8                fault_isr
                0x000015c8                usage_fault_isr
                0x000015c8                memmanage_fault_isr
                0x000015c8                bus_fault_isr
                0x000015c8                hard_fault_isr
                0x000015fc                dma_ch7_isr
                0x000015fc                lptmr_isr
                0x000015fc                tpm2_isr
                0x000015fc                can1_bus_off_isr
                0x000015fc                ftm2_isr
                0x000015fc                dma_error_isr
                0x000015fc                dma_ch9_isr
                0x000015fc                dma_ch4_isr
                0x000015fc                i2c3_isr
                0x000015fc                can1_error_isr
                0x000015fc                can0_wakeup_isr
                0x000015fc                flash_cmd_isr
                0x000015fc                portd_isr
                0x000015fc                can1_rx_warn_isr
                0x000015fc                i2c2_isr
                0x000015fc                svcall_isr
                0x000015fc                dma_ch15_isr
                0x000015fc                uart1_error_isr
                0x000015fc                usbhs_phy_isr
                0x000015fc                spi1_isr
                0x000015fc                unused_isr
                0x000015fc                spi0_isr
                0x000015fc                dma_ch3_isr
                0x000015fc                flash_error_isr
                0x000015fc                rtc_seconds_isr
                0x000015fc                pdb_isr
                0x000015fc                dma_ch11_isr
                0x000015fc                dac1_isr
                0x000015fc                dma_ch8_isr
                0x000015fc                rtc_alarm_isr
                0x000015fc                i2c1_isr
                0x000015fc                ftm1_isr
                0x000015fc                dma_ch13_isr
                0x000015fc                uart2_error_isr
                0x000015fc                randnum_isr
                0x000015fc                usb_charge_isr
                0x000015fc                cmt_isr
                0x000015fc                usbhs_isr
                0x000015fc                ftm3_isr
                0x000015fc                tsi0_isr
                0x000015fc                porte_isr
                0x000015fc                spi2_isr
                0x000015fc                can0_bus_off_isr
                0x000015fc                mcm_isr
                0x000015fc                dma_ch6_isr
                0x000015fc                uart3_error_isr
                0x000015fc                porta_isr
                0x000015fc                low_voltage_isr
                0x000015fc                can0_error_isr
                0x000015fc                dma_ch12_isr
                0x000015fc                can1_wakeup_isr
                0x000015fc                watchdog_isr
                0x000015fc                enet_rx_isr
                0x000015fc                portc_isr
                0x000015fc                i2c0_isr
                0x000015fc                debugmonitor_isr
                0x000015fc                tpm1_isr
                0x000015fc                cmp1_isr
                0x000015fc                ftm0_isr
                0x000015fc                cmp3_isr
                0x000015fc                i2s0_rx_isr
                0x000015fc                uart4_error_isr
                0x000015fc                can0_message_isr
                0x000015fc                can1_message_isr
                0x000015fc                nmi_isr
                0x000015fc                sdhc_isr
                0x000015fc                dma_ch10_isr
                0x000015fc                uart0_error_isr
                0x000015fc                portb_isr
                0x000015fc                enet_timer_isr
                0x000015fc                i2s0_tx_isr
                0x000015fc                adc1_isr
                0x000015fc                cmp0_isr
                0x000015fc                dac0_isr
                0x000015fc                can1_tx_warn_isr
                0x000015fc                dma_ch0_isr
                0x000015fc                dma_ch2_isr
                0x000015fc                mcg_isr
                0x000015fc                enet_error_isr
                0x000015fc                dma_ch1_isr
                0x000015fc                dma_ch5_isr
                0x000015fc                can0_rx_warn_isr
                0x000015fc                dma_ch14_isr
                0x000015fc                can0_tx_warn_isr
                0x000015fc                adc0_isr
                0x000015fc                cmp2_isr
                0x000015fc                wakeup_isr
                0x000015fc                enet_tx_isr
                0x00001602                usb_serial_write
                0x000016fc                usb_serial_available
                0x00001718                usb_serial_getchar
 .text          0x00001764      0x5ec C:\Users\Max\AppData\Local\Temp\ccyNzPu9.ltrans1.ltrans.o
                0x00001764                LedModeCommand::exec(char*, char*, char*, char*)
                0x00001950                LedModeCommand::~LedModeCommand()
                0x0000195c                ConsoleCtrl::~ConsoleCtrl()
                0x00001968                AboutCommand::~AboutCommand()
                0x00001974                StatCommand::~StatCommand()
                0x000019f0                ConsoleCtrl::exec()
                0x00001ac4                ConsoleCtrl::init()
                0x00001b94                AboutCommand::exec(char*, char*, char*, char*)
                0x00001c70                StatCommand::exec(char*, char*, char*, char*)
                0x00001d0c                LedModeCommand::~LedModeCommand() [clone .lto_priv.98]
                0x00001d0c                LedModeCommand::~LedModeCommand() [clone .lto_priv.84]
                0x00001d0e                ConsoleCtrl::~ConsoleCtrl() [clone .lto_priv.96]
                0x00001d0e                ConsoleCtrl::~ConsoleCtrl() [clone .lto_priv.82]
                0x00001d10                AboutCommand::~AboutCommand() [clone .lto_priv.83]
                0x00001d10                AboutCommand::~AboutCommand() [clone .lto_priv.97]
                0x00001d12                StatCommand::~StatCommand() [clone .lto_priv.85]
                0x00001d12                StatCommand::~StatCommand() [clone .lto_priv.99]
                0x00001d14                Queue::push(void const*)
 .text          0x00001d50      0x7ec C:\Users\Max\AppData\Local\Temp\ccyNzPu9.ltrans2.ltrans.o
                0x00001d50                LedModeControl::init()
                0x00001d84                SMRainbowCycle::initialState()
                0x00001d98                SMRainbowCycle::reset()
                0x00001da6                SMRainbowCycle::run()
                0x00001dc6                SMColorPulse::fadeOut()
                0x00001dea                SMColorPulse::fadeIn()
                0x00001e0e                SMColorPulse::reset()
                0x00001e1c                SMColorPulse::run()
                0x00001e3c                SMRainbowCycle::idle()
                0x00001e5a                SMColorPulse::idle()
                0x00001e78                SMColorPulse::initialState()
                0x00001ea2                LedModeControl::exec()
                0x000020ec                LedModeControl::~LedModeControl()
                0x000020f8                SMRainbowCycle::~SMRainbowCycle()
                0x00002104                SMColorPulse::~SMColorPulse()
                0x00002110                SMRainbowCycle::updateStrips()
                0x00002142                SMRainbowCycle::updatePixels()
                0x000021b8                SMColorPulse::delay()
                0x00002214                SerialComm::exec()
                0x00002534                SMWhite::~SMWhite() [clone .lto_priv.93]
                0x00002534                SMWhite::~SMWhite() [clone .lto_priv.79]
                0x00002536                LedModeControl::~LedModeControl() [clone .lto_priv.73]
                0x00002536                LedModeControl::~LedModeControl() [clone .lto_priv.87]
                0x00002538                SMRainbowCycle::~SMRainbowCycle() [clone .lto_priv.76]
                0x00002538                SMRainbowCycle::~SMRainbowCycle() [clone .lto_priv.90]
                0x0000253a                SMColorPulse::~SMColorPulse() [clone .lto_priv.91]
                0x0000253a                SMColorPulse::~SMColorPulse() [clone .lto_priv.77]
 .text          0x0000253c      0x4b4 C:\Users\Max\AppData\Local\Temp\ccyNzPu9.ltrans3.ltrans.o
                0x0000253c                SMWhiteOverRainbow::reset()
                0x0000254a                SMWhiteOverRainbow::run()
                0x0000256a                SMWhite::init()
                0x0000256a                SMWhiteOverRainbow::init()
                0x0000256a                SMColor::init()
                0x0000256a                SMSpectrum::init()
                0x0000256a                SMRainbowCycle::init()
                0x0000256a                SMColorPulse::init()
                0x0000256a                SerialProcessing::init()
                0x0000256a                SMOff::init()
                0x0000256c                SMOff::reset()
                0x0000256c                SMWhite::reset()
                0x0000256c                SMColor::reset()
                0x0000257a                SMOff::run()
                0x0000259a                SMColor::run()
                0x000025ba                SMSpectrum::initialState()
                0x000025cc                SMSpectrum::reset()
                0x000025da                SMSpectrum::run()
                0x000025fa                SMWhite::run()
                0x0000261a                SMWhiteOverRainbow::initialState()
                0x0000264a                SMWhiteOverRainbow::idle()
                0x00002668                SMOff::idle()
                0x00002684                SMColor::idle()
                0x000026a2                SMSpectrum::idle()
                0x000026c0                SMWhite::idle()
                0x000026de                SMWhiteOverRainbow::updateStrips()
                0x00002732                SMSpectrum::updateStrips()
                0x00002758                SMWhiteOverRainbow::updatePixels()
                0x00002818                SMOff::turnLedsOff()
                0x00002870                SMColor::setColor()
                0x000028cc                SMSpectrum::updatePixels()
                0x0000294c                SMWhite::setWhiteLight()
                0x000029ac                SMWhiteOverRainbow::~SMWhiteOverRainbow()
                0x000029b8                SMOff::~SMOff()
                0x000029c4                SMColor::~SMColor()
                0x000029d0                SMSpectrum::~SMSpectrum()
                0x000029dc                SMWhite::~SMWhite()
                0x000029e8                SMWhiteOverRainbow::~SMWhiteOverRainbow() [clone .lto_priv.75]
                0x000029e8                SMWhiteOverRainbow::~SMWhiteOverRainbow() [clone .lto_priv.89]
                0x000029ea                SMOff::~SMOff() [clone .lto_priv.94]
                0x000029ea                SMOff::~SMOff() [clone .lto_priv.80]
                0x000029ec                SMColor::~SMColor() [clone .lto_priv.78]
                0x000029ec                SMColor::~SMColor() [clone .lto_priv.92]
                0x000029ee                SMSpectrum::~SMSpectrum() [clone .lto_priv.88]
                0x000029ee                SMSpectrum::~SMSpectrum() [clone .lto_priv.74]
 .text.startup  0x000029f0      0x17c C:\Users\Max\AppData\Local\Temp\ccyNzPu9.ltrans3.ltrans.o
                0x000029f0                main
 .text          0x00002b6c      0x564 C:\Users\Max\AppData\Local\Temp\ccyNzPu9.ltrans4.ltrans.o
                0x00002b6e                IPAddress::printTo(Print&) const
                0x00002c34                systick_isr
                0x00002c98                pendablesrvreq_isr
                0x00002cc8                pit3_isr
                0x00002cdc                pit2_isr
                0x00002cf0                pit1_isr
                0x00002d04                pit0_isr
                0x00002d18                software_isr
                0x00002d98                strnsep.constprop.67
                0x00002dce                usb_rx.constprop.63
                0x00002e48                usb_tx.constprop.62
                0x00002ef0                Task::Task(unsigned int, char const*, TaskIDEnum) [clone .constprop.51]
                0x00002f34                MaintenanceComm::sendData(char const*, bool, bool) [clone .part.2] [clone .constprop.44]
                0x00002fb0                MaintenanceComm::sendData(int, char const*, ...) [clone .constprop.43]
                0x00002fde                Print::printf(char const*, ...) [clone .constprop.37]
                0x00003000                IntervalTimer::~IntervalTimer()
                0x00003000                IntervalTimer::~IntervalTimer() [clone .lto_priv.86]
                0x00003040                _write
                0x0000304e                yield
 .text.startup  0x000030d0       0x74 C:\Users\Max\AppData\Local\Temp\ccyNzPu9.ltrans4.ltrans.o
                0x000030d0                Adafruit_NeoPixel::Adafruit_NeoPixel(unsigned short, unsigned char, unsigned short) [clone .constprop.27]
 .text          0x00003144      0x524 C:\Users\Max\AppData\Local\Temp\ccyNzPu9.ltrans5.ltrans.o
                0x000031f0                SerialProcessing::~SerialProcessing()
                0x00003214                usb_serial_class::write(unsigned char const*, unsigned int)
                0x0000326c                usb_serial_class::write(unsigned char)
                0x00003340                SerialProcessing::~SerialProcessing() [clone .lto_priv.95]
                0x00003340                SerialProcessing::~SerialProcessing() [clone .lto_priv.81]
                0x00003342                Adafruit_NeoPixel::setBrightness(unsigned char)
                0x0000338e                Adafruit_NeoPixel::show()
                0x00003448                LEDControl::setPixelColor(unsigned int, unsigned int, unsigned int) [clone .part.1]
                0x000034bc                LEDControl::Wheel(char, unsigned int)
                0x0000350a                LEDControl::updateStrip(unsigned int)
                0x0000351c                LEDControl::setBrightness(unsigned char)
                0x00003558                LEDControl::setLedMode(LEDModes)
                0x000035f4                SerialProcessing::exec()
 .text.startup  0x00003668      0x404 C:\Users\Max\AppData\Local\Temp\ccyNzPu9.ltrans6.ltrans.o
 .text          0x00003a6c      0x134 teensy3/memcpy-armv7m.o
                0x00003a6c                memcpy
 .text          0x00003ba0       0x44 teensy3/memset.o
                0x00003ba0                memset
 .text.__aeabi_atexit
                0x00003be4        0xc c:/arduino/hardware/tools/arm/bin/../lib/gcc/arm-none-eabi/5.4.1/../../../../arm-none-eabi/lib/armv7e-m/fpu\libc.a(lib_a-aeabi_atexit.o)
                0x00003be4                __aeabi_atexit
 .text.__cxa_atexit
                0x00003bf0        0xc c:/arduino/hardware/tools/arm/bin/../lib/gcc/arm-none-eabi/5.4.1/../../../../arm-none-eabi/lib/armv7e-m/fpu\libc.a(lib_a-cxa_atexit.o)
                0x00003bf0                __cxa_atexit
 .text.__errno  0x00003bfc        0xc c:/arduino/hardware/tools/arm/bin/../lib/gcc/arm-none-eabi/5.4.1/../../../../arm-none-eabi/lib/armv7e-m/fpu\libc.a(lib_a-errno.o)
                0x00003bfc                __errno
 .text.__libc_init_array
                0x00003c08       0x50 c:/arduino/hardware/tools/arm/bin/../lib/gcc/arm-none-eabi/5.4.1/../../../../arm-none-eabi/lib/armv7e-m/fpu\libc.a(lib_a-init.o)
                0x00003c08                __libc_init_array
 .text.strnlen  0x00003c58       0x34 c:/arduino/hardware/tools/arm/bin/../lib/gcc/arm-none-eabi/5.4.1/../../../../arm-none-eabi/lib/armv7e-m/fpu\libc.a(lib_a-strnlen.o)
                0x00003c58                strnlen
 .text._strtoul_l.isra.0
                0x00003c8c      0x168 c:/arduino/hardware/tools/arm/bin/../lib/gcc/arm-none-eabi/5.4.1/../../../../arm-none-eabi/lib/armv7e-m/fpu\libc.a(lib_a-strtoul.o)
 .text.strtoul  0x00003df4       0x2c c:/arduino/hardware/tools/arm/bin/../lib/gcc/arm-none-eabi/5.4.1/../../../../arm-none-eabi/lib/armv7e-m/fpu\libc.a(lib_a-strtoul.o)
                0x00003df4                strtoul
 .text._vdprintf_r
                0x00003e20       0x4c c:/arduino/hardware/tools/arm/bin/../lib/gcc/arm-none-eabi/5.4.1/../../../../arm-none-eabi/lib/armv7e-m/fpu\libc.a(lib_a-vdprintf.o)
                0x00003e20                _vdprintf_r
 .text.vdprintf
                0x00003e6c       0x18 c:/arduino/hardware/tools/arm/bin/../lib/gcc/arm-none-eabi/5.4.1/../../../../arm-none-eabi/lib/armv7e-m/fpu\libc.a(lib_a-vdprintf.o)
                0x00003e6c                vdprintf
 .text._write_r
                0x00003e84       0x2c c:/arduino/hardware/tools/arm/bin/../lib/gcc/arm-none-eabi/5.4.1/../../../../arm-none-eabi/lib/armv7e-m/fpu\libc.a(lib_a-writer.o)
                0x00003e84                _write_r
 .text.__register_exitproc
                0x00003eb0       0xa4 c:/arduino/hardware/tools/arm/bin/../lib/gcc/arm-none-eabi/5.4.1/../../../../arm-none-eabi/lib/armv7e-m/fpu\libc.a(lib_a-__atexit.o)
                0x00003eb0                __register_exitproc
 .text.startup.register_fini
                0x00003f54       0x14 c:/arduino/hardware/tools/arm/bin/../lib/gcc/arm-none-eabi/5.4.1/../../../../arm-none-eabi/lib/armv7e-m/fpu\libc.a(lib_a-__call_atexit.o)
 .text.atexit   0x00003f68        0xc c:/arduino/hardware/tools/arm/bin/../lib/gcc/arm-none-eabi/5.4.1/../../../../arm-none-eabi/lib/armv7e-m/fpu\libc.a(lib_a-atexit.o)
                0x00003f68                atexit
 .text.__libc_fini_array
                0x00003f74       0x28 c:/arduino/hardware/tools/arm/bin/../lib/gcc/arm-none-eabi/5.4.1/../../../../arm-none-eabi/lib/armv7e-m/fpu\libc.a(lib_a-fini.o)
                0x00003f74                __libc_fini_array
 .text._malloc_trim_r
                0x00003f9c       0x9c c:/arduino/hardware/tools/arm/bin/../lib/gcc/arm-none-eabi/5.4.1/../../../../arm-none-eabi/lib/armv7e-m/fpu\libc.a(lib_a-freer.o)
                0x00003f9c                _malloc_trim_r
 .text._free_r  0x00004038      0x1d0 c:/arduino/hardware/tools/arm/bin/../lib/gcc/arm-none-eabi/5.4.1/../../../../arm-none-eabi/lib/armv7e-m/fpu\libc.a(lib_a-freer.o)
                0x00004038                _free_r
 .text.__locale_ctype_ptr_l
                0x00004208        0x8 c:/arduino/hardware/tools/arm/bin/../lib/gcc/arm-none-eabi/5.4.1/../../../../arm-none-eabi/lib/armv7e-m/fpu\libc.a(lib_a-locale.o)
                0x00004208                __locale_ctype_ptr_l
 .text._localeconv_r
                0x00004210       0x1c c:/arduino/hardware/tools/arm/bin/../lib/gcc/arm-none-eabi/5.4.1/../../../../arm-none-eabi/lib/armv7e-m/fpu\libc.a(lib_a-localeconv.o)
                0x00004210                _localeconv_r
 .text._malloc_r
                0x0000422c      0x570 c:/arduino/hardware/tools/arm/bin/../lib/gcc/arm-none-eabi/5.4.1/../../../../arm-none-eabi/lib/armv7e-m/fpu\libc.a(lib_a-mallocr.o)
                0x0000422c                _malloc_r
 .text.__ascii_mbtowc
                0x0000479c       0x2c c:/arduino/hardware/tools/arm/bin/../lib/gcc/arm-none-eabi/5.4.1/../../../../arm-none-eabi/lib/armv7e-m/fpu\libc.a(lib_a-mbtowc_r.o)
                0x0000479c                __ascii_mbtowc
 .text.__malloc_lock
                0x000047c8        0x4 c:/arduino/hardware/tools/arm/bin/../lib/gcc/arm-none-eabi/5.4.1/../../../../arm-none-eabi/lib/armv7e-m/fpu\libc.a(lib_a-mlock.o)
                0x000047c8                __malloc_lock
 .text.__malloc_unlock
                0x000047cc        0x4 c:/arduino/hardware/tools/arm/bin/../lib/gcc/arm-none-eabi/5.4.1/../../../../arm-none-eabi/lib/armv7e-m/fpu\libc.a(lib_a-mlock.o)
                0x000047cc                __malloc_unlock
 .text._Balloc  0x000047d0       0x4c c:/arduino/hardware/tools/arm/bin/../lib/gcc/arm-none-eabi/5.4.1/../../../../arm-none-eabi/lib/armv7e-m/fpu\libc.a(lib_a-mprec.o)
                0x000047d0                _Balloc
 .text._Bfree   0x0000481c       0x14 c:/arduino/hardware/tools/arm/bin/../lib/gcc/arm-none-eabi/5.4.1/../../../../arm-none-eabi/lib/armv7e-m/fpu\libc.a(lib_a-mprec.o)
                0x0000481c                _Bfree
 .text.__multadd
                0x00004830       0x80 c:/arduino/hardware/tools/arm/bin/../lib/gcc/arm-none-eabi/5.4.1/../../../../arm-none-eabi/lib/armv7e-m/fpu\libc.a(lib_a-mprec.o)
                0x00004830                __multadd
 .text.__hi0bits
                0x000048b0       0x40 c:/arduino/hardware/tools/arm/bin/../lib/gcc/arm-none-eabi/5.4.1/../../../../arm-none-eabi/lib/armv7e-m/fpu\libc.a(lib_a-mprec.o)
                0x000048b0                __hi0bits
 .text.__lo0bits
                0x000048f0       0x5c c:/arduino/hardware/tools/arm/bin/../lib/gcc/arm-none-eabi/5.4.1/../../../../arm-none-eabi/lib/armv7e-m/fpu\libc.a(lib_a-mprec.o)
                0x000048f0                __lo0bits
 .text.__i2b    0x0000494c       0x14 c:/arduino/hardware/tools/arm/bin/../lib/gcc/arm-none-eabi/5.4.1/../../../../arm-none-eabi/lib/armv7e-m/fpu\libc.a(lib_a-mprec.o)
                0x0000494c                __i2b
 .text.__multiply
                0x00004960      0x130 c:/arduino/hardware/tools/arm/bin/../lib/gcc/arm-none-eabi/5.4.1/../../../../arm-none-eabi/lib/armv7e-m/fpu\libc.a(lib_a-mprec.o)
                0x00004960                __multiply
 .text.__pow5mult
                0x00004a90       0xa0 c:/arduino/hardware/tools/arm/bin/../lib/gcc/arm-none-eabi/5.4.1/../../../../arm-none-eabi/lib/armv7e-m/fpu\libc.a(lib_a-mprec.o)
                0x00004a90                __pow5mult
 .text.__lshift
                0x00004b30       0xb0 c:/arduino/hardware/tools/arm/bin/../lib/gcc/arm-none-eabi/5.4.1/../../../../arm-none-eabi/lib/armv7e-m/fpu\libc.a(lib_a-mprec.o)
                0x00004b30                __lshift
 .text.__mcmp   0x00004be0       0x44 c:/arduino/hardware/tools/arm/bin/../lib/gcc/arm-none-eabi/5.4.1/../../../../arm-none-eabi/lib/armv7e-m/fpu\libc.a(lib_a-mprec.o)
                0x00004be0                __mcmp
 .text.__mdiff  0x00004c24      0x114 c:/arduino/hardware/tools/arm/bin/../lib/gcc/arm-none-eabi/5.4.1/../../../../arm-none-eabi/lib/armv7e-m/fpu\libc.a(lib_a-mprec.o)
                0x00004c24                __mdiff
 .text.__d2b    0x00004d38       0xbc c:/arduino/hardware/tools/arm/bin/../lib/gcc/arm-none-eabi/5.4.1/../../../../arm-none-eabi/lib/armv7e-m/fpu\libc.a(lib_a-mprec.o)
                0x00004d38                __d2b
 .text._realloc_r
                0x00004df4      0x3e0 c:/arduino/hardware/tools/arm/bin/../lib/gcc/arm-none-eabi/5.4.1/../../../../arm-none-eabi/lib/armv7e-m/fpu\libc.a(lib_a-reallocr.o)
                0x00004df4                _realloc_r
 .text._sbrk_r  0x000051d4       0x24 c:/arduino/hardware/tools/arm/bin/../lib/gcc/arm-none-eabi/5.4.1/../../../../arm-none-eabi/lib/armv7e-m/fpu\libc.a(lib_a-sbrkr.o)
                0x000051d4                _sbrk_r
 *fill*         0x000051f8        0x8 ff
 .text          0x00005200       0xdc c:/arduino/hardware/tools/arm/bin/../lib/gcc/arm-none-eabi/5.4.1/../../../../arm-none-eabi/lib/armv7e-m/fpu\libc.a(lib_a-strlen.o)
                0x00005200                strlen
 .text.strncmp  0x000052dc       0xa0 c:/arduino/hardware/tools/arm/bin/../lib/gcc/arm-none-eabi/5.4.1/../../../../arm-none-eabi/lib/armv7e-m/fpu\libc.a(lib_a-strncmp.o)
                0x000052dc                strncmp
 .text._vasnprintf_r
                0x0000537c       0x60 c:/arduino/hardware/tools/arm/bin/../lib/gcc/arm-none-eabi/5.4.1/../../../../arm-none-eabi/lib/armv7e-m/fpu\libc.a(lib_a-vasnprintf.o)
                0x0000537c                _vasnprintf_r
 .text.__ascii_wctomb
                0x000053dc       0x1c c:/arduino/hardware/tools/arm/bin/../lib/gcc/arm-none-eabi/5.4.1/../../../../arm-none-eabi/lib/armv7e-m/fpu\libc.a(lib_a-wctomb_r.o)
                0x000053dc                __ascii_wctomb
 .text._calloc_r
                0x000053f8       0x60 c:/arduino/hardware/tools/arm/bin/../lib/gcc/arm-none-eabi/5.4.1/../../../../arm-none-eabi/lib/armv7e-m/fpu\libc.a(lib_a-callocr.o)
                0x000053f8                _calloc_r
 .text.quorem   0x00005458      0x128 c:/arduino/hardware/tools/arm/bin/../lib/gcc/arm-none-eabi/5.4.1/../../../../arm-none-eabi/lib/armv7e-m/fpu\libc.a(lib_a-dtoa.o)
 .text._dtoa_r  0x00005580      0xe34 c:/arduino/hardware/tools/arm/bin/../lib/gcc/arm-none-eabi/5.4.1/../../../../arm-none-eabi/lib/armv7e-m/fpu\libc.a(lib_a-dtoa.o)
                0x00005580                _dtoa_r
 .text.memmove  0x000063b4       0xc8 c:/arduino/hardware/tools/arm/bin/../lib/gcc/arm-none-eabi/5.4.1/../../../../arm-none-eabi/lib/armv7e-m/fpu\libc.a(lib_a-memmove.o)
                0x000063b4                memmove
 *fill*         0x0000647c        0x4 ff
 .text._svfprintf_r
                0x00006480     0x16e4 c:/arduino/hardware/tools/arm/bin/../lib/gcc/arm-none-eabi/5.4.1/../../../../arm-none-eabi/lib/armv7e-m/fpu\libc.a(lib_a-svfprintf.o)
                0x00006480                _svfprintf_r
 *fill*         0x00007b64        0xc ff
 .text          0x00007b70       0xa0 c:/arduino/hardware/tools/arm/bin/../lib/gcc/arm-none-eabi/5.4.1/../../../../arm-none-eabi/lib/armv7e-m/fpu\libc.a(lib_a-memchr.o)
                0x00007b70                memchr
 .text.__ssprint_r
                0x00007c10      0x100 c:/arduino/hardware/tools/arm/bin/../lib/gcc/arm-none-eabi/5.4.1/../../../../arm-none-eabi/lib/armv7e-m/fpu\libc.a(lib_a-svfiprintf.o)
                0x00007c10                __ssprint_r
 .text          0x00007d10      0x370 c:/arduino/hardware/tools/arm/bin/../lib/gcc/arm-none-eabi/5.4.1/armv7e-m/fpu\libgcc.a(_arm_addsubdf3.o)
                0x00007d10                __aeabi_drsub
                0x00007d18                __aeabi_dsub
                0x00007d18                __subdf3
                0x00007d1c                __aeabi_dadd
                0x00007d1c                __adddf3
                0x00007f94                __floatunsidf
                0x00007f94                __aeabi_ui2d
                0x00007fb4                __floatsidf
                0x00007fb4                __aeabi_i2d
                0x00007fd8                __aeabi_f2d
                0x00007fd8                __extendsfdf2
                0x00008014                __floatundidf
                0x00008014                __aeabi_ul2d
                0x00008024                __floatdidf
                0x00008024                __aeabi_l2d
 .text          0x00008080      0x424 c:/arduino/hardware/tools/arm/bin/../lib/gcc/arm-none-eabi/5.4.1/armv7e-m/fpu\libgcc.a(_arm_muldivdf3.o)
                0x00008080                __aeabi_dmul
                0x00008080                __muldf3
                0x000082d4                __divdf3
                0x000082d4                __aeabi_ddiv
 .text          0x000084a4      0x110 c:/arduino/hardware/tools/arm/bin/../lib/gcc/arm-none-eabi/5.4.1/armv7e-m/fpu\libgcc.a(_arm_cmpdf2.o)
                0x000084a4                __gtdf2
                0x000084a4                __gedf2
                0x000084ac                __ltdf2
                0x000084ac                __ledf2
                0x000084b4                __nedf2
                0x000084b4                __eqdf2
                0x000084b4                __cmpdf2
                0x00008530                __aeabi_cdrcmple
                0x00008540                __aeabi_cdcmpeq
                0x00008540                __aeabi_cdcmple
                0x00008550                __aeabi_dcmpeq
                0x00008564                __aeabi_dcmplt
                0x00008578                __aeabi_dcmple
                0x0000858c                __aeabi_dcmpge
                0x000085a0                __aeabi_dcmpgt
 .text          0x000085b4       0x2c c:/arduino/hardware/tools/arm/bin/../lib/gcc/arm-none-eabi/5.4.1/armv7e-m/fpu\libgcc.a(_arm_unorddf2.o)
                0x000085b4                __unorddf2
                0x000085b4                __aeabi_dcmpun
 .text          0x000085e0       0x50 c:/arduino/hardware/tools/arm/bin/../lib/gcc/arm-none-eabi/5.4.1/armv7e-m/fpu\libgcc.a(_arm_fixdfsi.o)
                0x000085e0                __aeabi_d2iz
                0x000085e0                __fixdfsi
 .text          0x00008630       0x30 c:/arduino/hardware/tools/arm/bin/../lib/gcc/arm-none-eabi/5.4.1/armv7e-m/fpu\libgcc.a(_aeabi_uldivmod.o)
                0x00008630                __aeabi_uldivmod
 .text          0x00008660      0x2e4 c:/arduino/hardware/tools/arm/bin/../lib/gcc/arm-none-eabi/5.4.1/armv7e-m/fpu\libgcc.a(_udivmoddi4.o)
                0x00008660                __udivmoddi4
 .text          0x00008944        0x4 c:/arduino/hardware/tools/arm/bin/../lib/gcc/arm-none-eabi/5.4.1/armv7e-m/fpu\libgcc.a(_dvmd_tls.o)
                0x00008944                __aeabi_idiv0
                0x00008944                __aeabi_ldiv0
 .text.malloc   0x00008948       0x10 c:/arduino/hardware/tools/arm/bin/../lib/gcc/arm-none-eabi/5.4.1/../../../../arm-none-eabi/lib/armv7e-m/fpu\libc.a(lib_a-malloc.o)
                0x00008948                malloc
 .text.free     0x00008958       0x10 c:/arduino/hardware/tools/arm/bin/../lib/gcc/arm-none-eabi/5.4.1/../../../../arm-none-eabi/lib/armv7e-m/fpu\libc.a(lib_a-malloc.o)
                0x00008958                free
 .text.snprintf
                0x00008968       0x9c c:/arduino/hardware/tools/arm/bin/../lib/gcc/arm-none-eabi/5.4.1/../../../../arm-none-eabi/lib/armv7e-m/fpu\libc.a(lib_a-snprintf.o)
                0x00008968                snprintf
 .text.strncpy  0x00008a04       0x68 c:/arduino/hardware/tools/arm/bin/../lib/gcc/arm-none-eabi/5.4.1/../../../../arm-none-eabi/lib/armv7e-m/fpu\libc.a(lib_a-strncpy.o)
                0x00008a04                strncpy
 .text._vsnprintf_r
                0x00008a6c       0x74 c:/arduino/hardware/tools/arm/bin/../lib/gcc/arm-none-eabi/5.4.1/../../../../arm-none-eabi/lib/armv7e-m/fpu\libc.a(lib_a-vsnprintf.o)
                0x00008a6c                _vsnprintf_r
 .text.vsnprintf
                0x00008ae0       0x20 c:/arduino/hardware/tools/arm/bin/../lib/gcc/arm-none-eabi/5.4.1/../../../../arm-none-eabi/lib/armv7e-m/fpu\libc.a(lib_a-vsnprintf.o)
                0x00008ae0                vsnprintf
 *(.rodata*)
 .rodata        0x00008b00       0x98 C:\Users\Max\AppData\Local\Temp\ccyNzPu9.ltrans0.ltrans.o
 .rodata.str1.1
                0x00008b98      0x245 C:\Users\Max\AppData\Local\Temp\ccyNzPu9.ltrans1.ltrans.o
                                0x258 (size before relaxing)
 *fill*         0x00008ddd        0x3 ff
 .rodata        0x00008de0      0x208 C:\Users\Max\AppData\Local\Temp\ccyNzPu9.ltrans2.ltrans.o
                0x00008fe0                rts_pin.lto_priv.123
                0x00008fe4                transmit_pin.lto_priv.150
 .rodata.str1.1
                0x00008fe8       0x83 C:\Users\Max\AppData\Local\Temp\ccyNzPu9.ltrans2.ltrans.o
 *fill*         0x0000906b        0x1 ff
 .rodata        0x0000906c      0x240 C:\Users\Max\AppData\Local\Temp\ccyNzPu9.ltrans4.ltrans.o
                0x0000906c                vtable for Task
                0x00009084                digital_pin_to_info_PGM
 .rodata.str1.1
                0x000092ac       0x83 C:\Users\Max\AppData\Local\Temp\ccyNzPu9.ltrans4.ltrans.o
                                  0x8 (size before relaxing)
 .rodata        0x000092ac       0x38 C:\Users\Max\AppData\Local\Temp\ccyNzPu9.ltrans5.ltrans.o
                0x000092b4                vtable for MaintenanceComm
                0x000092cc                vtable for SerialComm
 .rodata.str1.1
                0x000092e4       0xd9 C:\Users\Max\AppData\Local\Temp\ccyNzPu9.ltrans5.ltrans.o
                                 0xdc (size before relaxing)
 *fill*         0x000093bd        0x3 ff
 .rodata        0x000093c0      0x1d8 C:\Users\Max\AppData\Local\Temp\ccyNzPu9.ltrans6.ltrans.o
                0x000093c0                vtable for AboutCommand
                0x000093d4                vtable for LedModeCommand
                0x000093e8                vtable for StatCommand
                0x0000941c                vtable for LedModeControl
                0x00009434                vtable for SMOff
                0x00009450                vtable for SMWhite
                0x0000946c                vtable for SMColor
                0x00009488                vtable for SMColorPulse
                0x000094a4                vtable for SMRainbowCycle
                0x000094c0                vtable for SMWhiteOverRainbow
                0x000094dc                vtable for SMSpectrum
                0x00009518                vtable for SerialProcessing
                0x00009550                vtable for ConsoleCtrl
                0x00009568                vtable for Command
                0x0000957c                vtable for StateMachine
 .rodata.str1.1
                0x00009598       0x38 C:\Users\Max\AppData\Local\Temp\ccyNzPu9.ltrans6.ltrans.o
 .rodata._global_impure_ptr
                0x000095d0        0x4 c:/arduino/hardware/tools/arm/bin/../lib/gcc/arm-none-eabi/5.4.1/../../../../arm-none-eabi/lib/armv7e-m/fpu\libc.a(lib_a-impure.o)
                0x000095d0                _global_impure_ptr
 .rodata.str1.4
                0x000095d4        0xe c:/arduino/hardware/tools/arm/bin/../lib/gcc/arm-none-eabi/5.4.1/../../../../arm-none-eabi/lib/armv7e-m/fpu\libc.a(lib_a-locale.o)
                                 0x12 (size before relaxing)
 *fill*         0x000095e2        0x6 ff
 .rodata.__mprec_tens
                0x000095e8       0xc8 c:/arduino/hardware/tools/arm/bin/../lib/gcc/arm-none-eabi/5.4.1/../../../../arm-none-eabi/lib/armv7e-m/fpu\libc.a(lib_a-mprec.o)
                0x000095e8                __mprec_tens
 .rodata.__mprec_bigtens
                0x000096b0       0x28 c:/arduino/hardware/tools/arm/bin/../lib/gcc/arm-none-eabi/5.4.1/../../../../arm-none-eabi/lib/armv7e-m/fpu\libc.a(lib_a-mprec.o)
                0x000096b0                __mprec_bigtens
 .rodata.p05.6087
                0x000096d8        0xc c:/arduino/hardware/tools/arm/bin/../lib/gcc/arm-none-eabi/5.4.1/../../../../arm-none-eabi/lib/armv7e-m/fpu\libc.a(lib_a-mprec.o)
 .rodata._ctype_
                0x000096e4      0x101 c:/arduino/hardware/tools/arm/bin/../lib/gcc/arm-none-eabi/5.4.1/../../../../arm-none-eabi/lib/armv7e-m/fpu\libc.a(lib_a-ctype_.o)
                0x000096e4                _ctype_
 *fill*         0x000097e5        0x3 ff
 .rodata.str1.4
                0x000097e8       0x12 c:/arduino/hardware/tools/arm/bin/../lib/gcc/arm-none-eabi/5.4.1/../../../../arm-none-eabi/lib/armv7e-m/fpu\libc.a(lib_a-dtoa.o)
 *fill*         0x000097fa        0x2 ff
 .rodata.zeroes.7258
                0x000097fc       0x10 c:/arduino/hardware/tools/arm/bin/../lib/gcc/arm-none-eabi/5.4.1/../../../../arm-none-eabi/lib/armv7e-m/fpu\libc.a(lib_a-svfprintf.o)
 .rodata.str1.4
                0x0000980c       0x40 c:/arduino/hardware/tools/arm/bin/../lib/gcc/arm-none-eabi/5.4.1/../../../../arm-none-eabi/lib/armv7e-m/fpu\libc.a(lib_a-svfprintf.o)
                                 0x42 (size before relaxing)
 .rodata.blanks.7257
                0x0000984c       0x10 c:/arduino/hardware/tools/arm/bin/../lib/gcc/arm-none-eabi/5.4.1/../../../../arm-none-eabi/lib/armv7e-m/fpu\libc.a(lib_a-svfprintf.o)
                0x0000985c                . = ALIGN (0x4)
 *(.init)
 .init          0x0000985c        0x4 c:/arduino/hardware/tools/arm/bin/../lib/gcc/arm-none-eabi/5.4.1/armv7e-m/fpu/crti.o
                0x0000985c                _init
 .init          0x00009860        0x8 c:/arduino/hardware/tools/arm/bin/../lib/gcc/arm-none-eabi/5.4.1/armv7e-m/fpu/crtn.o
                0x00009868                . = ALIGN (0x4)
                0x00009868                __preinit_array_start = .
 *(.preinit_array)
                0x00009868                __preinit_array_end = .
                0x00009868                __init_array_start = .
 *(SORT(.init_array.*))
 .init_array.00000
                0x00009868        0x4 c:/arduino/hardware/tools/arm/bin/../lib/gcc/arm-none-eabi/5.4.1/../../../../arm-none-eabi/lib/armv7e-m/fpu\libc.a(lib_a-__call_atexit.o)
 *(.init_array)
 .init_array    0x0000986c        0x4 c:/arduino/hardware/tools/arm/bin/../lib/gcc/arm-none-eabi/5.4.1/armv7e-m/fpu/crtbegin.o
 .init_array    0x00009870        0x4 C:\Users\Max\AppData\Local\Temp\ccyNzPu9.ltrans6.ltrans.o
                0x00009874                __init_array_end = .

.glue_7         0x00009874        0x0
 .glue_7        0x00009874        0x0 linker stubs

.glue_7t        0x00009874        0x0
 .glue_7t       0x00009874        0x0 linker stubs

.vfp11_veneer   0x00009874        0x0
 .vfp11_veneer  0x00009874        0x0 linker stubs

.v4_bx          0x00009874        0x0
 .v4_bx         0x00009874        0x0 linker stubs

.fini           0x00009874        0x4
 .fini          0x00009874        0x4 c:/arduino/hardware/tools/arm/bin/../lib/gcc/arm-none-eabi/5.4.1/armv7e-m/fpu/crti.o
                0x00009874                _fini

.iplt           0x00009878        0x0
 .iplt          0x00009878        0x0 c:/arduino/hardware/tools/arm/bin/../lib/gcc/arm-none-eabi/5.4.1/armv7e-m/fpu/crtbegin.o

.eh_frame       0x00009878        0x0
 .eh_frame      0x00009878        0x0 c:/arduino/hardware/tools/arm/bin/../lib/gcc/arm-none-eabi/5.4.1/armv7e-m/fpu/crtbegin.o

.ARM.exidx      0x00009878        0x8
                0x00009878                __exidx_start = .
 *(.ARM.exidx* .gnu.linkonce.armexidx.*)
 .ARM.exidx     0x00009878        0x8 c:/arduino/hardware/tools/arm/bin/../lib/gcc/arm-none-eabi/5.4.1/armv7e-m/fpu\libgcc.a(_udivmoddi4.o)
                0x00009880                __exidx_end = .
                0x00009880                _etext = .

.rel.dyn        0x00009880        0x0
 .rel.iplt      0x00009880        0x0 c:/arduino/hardware/tools/arm/bin/../lib/gcc/arm-none-eabi/5.4.1/armv7e-m/fpu/crtbegin.o

.usbdescriptortable
                0x1fff0000       0xa0
                0x1fff0000                . = ALIGN (0x200)
 *(.usbdescriptortable*)
 .usbdescriptortable
                0x1fff0000       0xa0 C:\Users\Max\AppData\Local\Temp\ccyNzPu9.ltrans4.ltrans.o
                0x1fff0000                table.lto_priv.156

.dmabuffers     0x1fff0200      0x1d0
                0x1fff0200                . = ALIGN (0x4)
 *(.dmabuffers*)
 .dmabuffers    0x1fff0200      0x1d0 C:\Users\Max\AppData\Local\Temp\ccyNzPu9.ltrans0.ltrans.o
                0x1fff0200                _VectorsRam

.usbbuffers     0x1fff03d0      0x360
                0x1fff03d0                . = ALIGN (0x4)
 *(.usbbuffers*)
 .usbbuffers    0x1fff03d0      0x360 C:\Users\Max\AppData\Local\Temp\ccyNzPu9.ltrans0.ltrans.o
                0x1fff03d0                usb_buffer_memory

.data           0x1fff0730      0xab0 load address 0x00009880
                0x1fff0730                . = ALIGN (0x4)
                0x1fff0730                _sdata = .
 *(.fastrun*)
 *(.data*)
 .data          0x1fff0730        0x4 c:/arduino/hardware/tools/arm/bin/../lib/gcc/arm-none-eabi/5.4.1/armv7e-m/fpu/crtbegin.o
                0x1fff0730                __dso_handle
 .data          0x1fff0734       0xa7 C:\Users\Max\AppData\Local\Temp\ccyNzPu9.ltrans0.ltrans.o
 .data          0x1fff07db        0x1 C:\Users\Max\AppData\Local\Temp\ccyNzPu9.ltrans2.ltrans.o
 .data          0x1fff07dc        0x1 C:\Users\Max\AppData\Local\Temp\ccyNzPu9.ltrans3.ltrans.o
 *fill*         0x1fff07dd        0x3 
 .data          0x1fff07e0       0x20 C:\Users\Max\AppData\Local\Temp\ccyNzPu9.ltrans4.ltrans.o
                0x1fff07f0                Serial
 .data          0x1fff0800        0x1 C:\Users\Max\AppData\Local\Temp\ccyNzPu9.ltrans5.ltrans.o
 *fill*         0x1fff0801        0x3 
 .data          0x1fff0804       0x30 C:\Users\Max\AppData\Local\Temp\ccyNzPu9.ltrans6.ltrans.o
                0x1fff0804                cmdList
 *fill*         0x1fff0834        0x4 
 .data.impure_data
                0x1fff0838      0x428 c:/arduino/hardware/tools/arm/bin/../lib/gcc/arm-none-eabi/5.4.1/../../../../arm-none-eabi/lib/armv7e-m/fpu\libc.a(lib_a-impure.o)
 .data._impure_ptr
                0x1fff0c60        0x4 c:/arduino/hardware/tools/arm/bin/../lib/gcc/arm-none-eabi/5.4.1/../../../../arm-none-eabi/lib/armv7e-m/fpu\libc.a(lib_a-impure.o)
                0x1fff0c60                _impure_ptr
 .data.__global_locale
                0x1fff0c64      0x16c c:/arduino/hardware/tools/arm/bin/../lib/gcc/arm-none-eabi/5.4.1/../../../../arm-none-eabi/lib/armv7e-m/fpu\libc.a(lib_a-locale.o)
                0x1fff0c64                __global_locale
 .data.__malloc_av_
                0x1fff0dd0      0x408 c:/arduino/hardware/tools/arm/bin/../lib/gcc/arm-none-eabi/5.4.1/../../../../arm-none-eabi/lib/armv7e-m/fpu\libc.a(lib_a-mallocr.o)
                0x1fff0dd0                __malloc_av_
 .data.__malloc_trim_threshold
                0x1fff11d8        0x4 c:/arduino/hardware/tools/arm/bin/../lib/gcc/arm-none-eabi/5.4.1/../../../../arm-none-eabi/lib/armv7e-m/fpu\libc.a(lib_a-mallocr.o)
                0x1fff11d8                __malloc_trim_threshold
 .data.__malloc_sbrk_base
                0x1fff11dc        0x4 c:/arduino/hardware/tools/arm/bin/../lib/gcc/arm-none-eabi/5.4.1/../../../../arm-none-eabi/lib/armv7e-m/fpu\libc.a(lib_a-mallocr.o)
                0x1fff11dc                __malloc_sbrk_base
                0x1fff11e0                . = ALIGN (0x4)
                0x1fff11e0                _edata = .

.jcr            0x1fff11e0        0x0 load address 0x0000a330
 .jcr           0x1fff11e0        0x0 c:/arduino/hardware/tools/arm/bin/../lib/gcc/arm-none-eabi/5.4.1/armv7e-m/fpu/crtbegin.o

.igot.plt       0x1fff11e0        0x0 load address 0x0000a330
 .igot.plt      0x1fff11e0        0x0 c:/arduino/hardware/tools/arm/bin/../lib/gcc/arm-none-eabi/5.4.1/armv7e-m/fpu/crtbegin.o

.noinit
 *(.noinit*)

.bss            0x1fff11e0      0x494 load address 0x0000a330
                0x1fff11e0                . = ALIGN (0x4)
                0x1fff11e0                _sbss = .
                0x1fff11e0                __bss_start__ = .
 *(.bss*)
 .bss           0x1fff11e0       0x1c c:/arduino/hardware/tools/arm/bin/../lib/gcc/arm-none-eabi/5.4.1/armv7e-m/fpu/crtbegin.o
 .bss           0x1fff11fc      0x2f9 C:\Users\Max\AppData\Local\Temp\ccyNzPu9.ltrans0.ltrans.o
 *fill*         0x1fff14f5        0x3 
 .bss           0x1fff14f8       0x7b C:\Users\Max\AppData\Local\Temp\ccyNzPu9.ltrans2.ltrans.o
                0x1fff14f9                calibrating.lto_priv.163
                0x1fff1503                rx_buffer.lto_priv.117
                0x1fff1547                tx_buffer_head.lto_priv.112
                0x1fff1548                tx_buffer_tail.lto_priv.113
                0x1fff1549                tx_buffer.lto_priv.139
                0x1fff1571                transmitting.lto_priv.114
 *fill*         0x1fff1573        0x1 
 .bss           0x1fff1574       0x71 C:\Users\Max\AppData\Local\Temp\ccyNzPu9.ltrans4.ltrans.o
                0x1fff1578                systick_millis_count
                0x1fff1586                tx_noautoflush.lto_priv.161
                0x1fff1588                tx_packet.lto_priv.162
                0x1fff158c                usb_configuration
                0x1fff1590                tx_first.lto_priv.157
                0x1fff15a0                rx_first.lto_priv.159
                0x1fff15b0                usb_rx_byte_count_data
                0x1fff15b8                rx_packet.lto_priv.164
                0x1fff15bc                tx_state.lto_priv.158
                0x1fff15c0                tx_last.lto_priv.160
                0x1fff15d0                usb_cdc_transmit_flush_timer
                0x1fff15d2                rx_buffer_head.lto_priv.104
                0x1fff15d3                rx_buffer_tail.lto_priv.110
                0x1fff15d4                rx_buffer_head.lto_priv.102
                0x1fff15d5                rx_buffer_tail.lto_priv.108
                0x1fff15d6                rx_buffer_head.lto_priv.105
                0x1fff15d7                rx_buffer_tail.lto_priv.111
                0x1fff15d8                rx_buffer_head.lto_priv.103
                0x1fff15d9                rx_buffer_tail.lto_priv.109
                0x1fff15da                rx_buffer_head.lto_priv.100
                0x1fff15db                rx_buffer_tail.lto_priv.106
                0x1fff15dc                rx_buffer_head.lto_priv.101
                0x1fff15dd                rx_buffer_tail.lto_priv.107
 *fill*         0x1fff15e5        0x3 
 .bss           0x1fff15e8        0x8 C:\Users\Max\AppData\Local\Temp\ccyNzPu9.ltrans5.ltrans.o
                0x1fff15e8                usb_cdc_line_rtsdtr
                0x1fff15ec                usb_cdc_line_rtsdtr_millis
 .bss           0x1fff15f0       0x4c C:\Users\Max\AppData\Local\Temp\ccyNzPu9.ltrans6.ltrans.o
                0x1fff15f8                strips
                0x1fff161c                taskList
 .bss.__malloc_max_total_mem
                0x1fff163c        0x4 c:/arduino/hardware/tools/arm/bin/../lib/gcc/arm-none-eabi/5.4.1/../../../../arm-none-eabi/lib/armv7e-m/fpu\libc.a(lib_a-mallocr.o)
                0x1fff163c                __malloc_max_total_mem
 .bss.__malloc_max_sbrked_mem
                0x1fff1640        0x4 c:/arduino/hardware/tools/arm/bin/../lib/gcc/arm-none-eabi/5.4.1/../../../../arm-none-eabi/lib/armv7e-m/fpu\libc.a(lib_a-mallocr.o)
                0x1fff1640                __malloc_max_sbrked_mem
 .bss.__malloc_top_pad
                0x1fff1644        0x4 c:/arduino/hardware/tools/arm/bin/../lib/gcc/arm-none-eabi/5.4.1/../../../../arm-none-eabi/lib/armv7e-m/fpu\libc.a(lib_a-mallocr.o)
                0x1fff1644                __malloc_top_pad
 .bss.__malloc_current_mallinfo
                0x1fff1648       0x28 c:/arduino/hardware/tools/arm/bin/../lib/gcc/arm-none-eabi/5.4.1/../../../../arm-none-eabi/lib/armv7e-m/fpu\libc.a(lib_a-mallocr.o)
                0x1fff1648                __malloc_current_mallinfo
 *(COMMON)
 COMMON         0x1fff1670        0x4 c:/arduino/hardware/tools/arm/bin/../lib/gcc/arm-none-eabi/5.4.1/../../../../arm-none-eabi/lib/armv7e-m/fpu\libc.a(lib_a-reent.o)
                0x1fff1670                errno
                0x1fff1674                . = ALIGN (0x4)
                0x1fff1674                _ebss = .
                0x1fff1674                __bss_end = .
                0x1fff1674                __bss_end__ = .
                0x20030000                _estack = (ORIGIN (RAM) + LENGTH (RAM))
OUTPUT(bins/LEDBoard.elf elf32-littlearm)

.ARM.attributes
                0x00000000       0x30
 .ARM.attributes
                0x00000000       0x22 c:/arduino/hardware/tools/arm/bin/../lib/gcc/arm-none-eabi/5.4.1/armv7e-m/fpu/crti.o
 .ARM.attributes
                0x00000022       0x34 c:/arduino/hardware/tools/arm/bin/../lib/gcc/arm-none-eabi/5.4.1/armv7e-m/fpu/crtbegin.o
 .ARM.attributes
                0x00000056       0x37 C:\Users\Max\AppData\Local\Temp\ccyNzPu9.ltrans0.ltrans.o
 .ARM.attributes
                0x0000008d       0x37 C:\Users\Max\AppData\Local\Temp\ccyNzPu9.ltrans1.ltrans.o
 .ARM.attributes
                0x000000c4       0x37 C:\Users\Max\AppData\Local\Temp\ccyNzPu9.ltrans2.ltrans.o
 .ARM.attributes
                0x000000fb       0x37 C:\Users\Max\AppData\Local\Temp\ccyNzPu9.ltrans3.ltrans.o
 .ARM.attributes
                0x00000132       0x37 C:\Users\Max\AppData\Local\Temp\ccyNzPu9.ltrans4.ltrans.o
 .ARM.attributes
                0x00000169       0x37 C:\Users\Max\AppData\Local\Temp\ccyNzPu9.ltrans5.ltrans.o
 .ARM.attributes
                0x000001a0       0x37 C:\Users\Max\AppData\Local\Temp\ccyNzPu9.ltrans6.ltrans.o
 .ARM.attributes
                0x000001d7       0x25 teensy3/memcpy-armv7m.o
 .ARM.attributes
                0x000001fc       0x25 teensy3/memset.o
 .ARM.attributes
                0x00000221       0x34 c:/arduino/hardware/tools/arm/bin/../lib/gcc/arm-none-eabi/5.4.1/../../../../arm-none-eabi/lib/armv7e-m/fpu\libc.a(lib_a-aeabi_atexit.o)
 .ARM.attributes
                0x00000255       0x34 c:/arduino/hardware/tools/arm/bin/../lib/gcc/arm-none-eabi/5.4.1/../../../../arm-none-eabi/lib/armv7e-m/fpu\libc.a(lib_a-cxa_atexit.o)
 .ARM.attributes
                0x00000289       0x34 c:/arduino/hardware/tools/arm/bin/../lib/gcc/arm-none-eabi/5.4.1/../../../../arm-none-eabi/lib/armv7e-m/fpu\libc.a(lib_a-errno.o)
 .ARM.attributes
                0x000002bd       0x34 c:/arduino/hardware/tools/arm/bin/../lib/gcc/arm-none-eabi/5.4.1/../../../../arm-none-eabi/lib/armv7e-m/fpu\libc.a(lib_a-impure.o)
 .ARM.attributes
                0x000002f1       0x34 c:/arduino/hardware/tools/arm/bin/../lib/gcc/arm-none-eabi/5.4.1/../../../../arm-none-eabi/lib/armv7e-m/fpu\libc.a(lib_a-init.o)
 .ARM.attributes
                0x00000325       0x34 c:/arduino/hardware/tools/arm/bin/../lib/gcc/arm-none-eabi/5.4.1/../../../../arm-none-eabi/lib/armv7e-m/fpu\libc.a(lib_a-strnlen.o)
 .ARM.attributes
                0x00000359       0x34 c:/arduino/hardware/tools/arm/bin/../lib/gcc/arm-none-eabi/5.4.1/../../../../arm-none-eabi/lib/armv7e-m/fpu\libc.a(lib_a-strtoul.o)
 .ARM.attributes
                0x0000038d       0x34 c:/arduino/hardware/tools/arm/bin/../lib/gcc/arm-none-eabi/5.4.1/../../../../arm-none-eabi/lib/armv7e-m/fpu\libc.a(lib_a-vdprintf.o)
 .ARM.attributes
                0x000003c1       0x34 c:/arduino/hardware/tools/arm/bin/../lib/gcc/arm-none-eabi/5.4.1/../../../../arm-none-eabi/lib/armv7e-m/fpu\libc.a(lib_a-writer.o)
 .ARM.attributes
                0x000003f5       0x34 c:/arduino/hardware/tools/arm/bin/../lib/gcc/arm-none-eabi/5.4.1/../../../../arm-none-eabi/lib/armv7e-m/fpu\libc.a(lib_a-__atexit.o)
 .ARM.attributes
                0x00000429       0x34 c:/arduino/hardware/tools/arm/bin/../lib/gcc/arm-none-eabi/5.4.1/../../../../arm-none-eabi/lib/armv7e-m/fpu\libc.a(lib_a-__call_atexit.o)
 .ARM.attributes
                0x0000045d       0x34 c:/arduino/hardware/tools/arm/bin/../lib/gcc/arm-none-eabi/5.4.1/../../../../arm-none-eabi/lib/armv7e-m/fpu\libc.a(lib_a-atexit.o)
 .ARM.attributes
                0x00000491       0x34 c:/arduino/hardware/tools/arm/bin/../lib/gcc/arm-none-eabi/5.4.1/../../../../arm-none-eabi/lib/armv7e-m/fpu\libc.a(lib_a-fini.o)
 .ARM.attributes
                0x000004c5       0x34 c:/arduino/hardware/tools/arm/bin/../lib/gcc/arm-none-eabi/5.4.1/../../../../arm-none-eabi/lib/armv7e-m/fpu\libc.a(lib_a-freer.o)
 .ARM.attributes
                0x000004f9       0x34 c:/arduino/hardware/tools/arm/bin/../lib/gcc/arm-none-eabi/5.4.1/../../../../arm-none-eabi/lib/armv7e-m/fpu\libc.a(lib_a-locale.o)
 .ARM.attributes
                0x0000052d       0x34 c:/arduino/hardware/tools/arm/bin/../lib/gcc/arm-none-eabi/5.4.1/../../../../arm-none-eabi/lib/armv7e-m/fpu\libc.a(lib_a-localeconv.o)
 .ARM.attributes
                0x00000561       0x34 c:/arduino/hardware/tools/arm/bin/../lib/gcc/arm-none-eabi/5.4.1/../../../../arm-none-eabi/lib/armv7e-m/fpu\libc.a(lib_a-mallocr.o)
 .ARM.attributes
                0x00000595       0x34 c:/arduino/hardware/tools/arm/bin/../lib/gcc/arm-none-eabi/5.4.1/../../../../arm-none-eabi/lib/armv7e-m/fpu\libc.a(lib_a-mbtowc_r.o)
 .ARM.attributes
                0x000005c9       0x34 c:/arduino/hardware/tools/arm/bin/../lib/gcc/arm-none-eabi/5.4.1/../../../../arm-none-eabi/lib/armv7e-m/fpu\libc.a(lib_a-mlock.o)
 .ARM.attributes
                0x000005fd       0x34 c:/arduino/hardware/tools/arm/bin/../lib/gcc/arm-none-eabi/5.4.1/../../../../arm-none-eabi/lib/armv7e-m/fpu\libc.a(lib_a-mprec.o)
 .ARM.attributes
                0x00000631       0x34 c:/arduino/hardware/tools/arm/bin/../lib/gcc/arm-none-eabi/5.4.1/../../../../arm-none-eabi/lib/armv7e-m/fpu\libc.a(lib_a-reallocr.o)
 .ARM.attributes
                0x00000665       0x34 c:/arduino/hardware/tools/arm/bin/../lib/gcc/arm-none-eabi/5.4.1/../../../../arm-none-eabi/lib/armv7e-m/fpu\libc.a(lib_a-reent.o)
 .ARM.attributes
                0x00000699       0x34 c:/arduino/hardware/tools/arm/bin/../lib/gcc/arm-none-eabi/5.4.1/../../../../arm-none-eabi/lib/armv7e-m/fpu\libc.a(lib_a-sbrkr.o)
 .ARM.attributes
                0x000006cd       0x20 c:/arduino/hardware/tools/arm/bin/../lib/gcc/arm-none-eabi/5.4.1/../../../../arm-none-eabi/lib/armv7e-m/fpu\libc.a(lib_a-strlen.o)
 .ARM.attributes
                0x000006ed       0x34 c:/arduino/hardware/tools/arm/bin/../lib/gcc/arm-none-eabi/5.4.1/../../../../arm-none-eabi/lib/armv7e-m/fpu\libc.a(lib_a-strncmp.o)
 .ARM.attributes
                0x00000721       0x34 c:/arduino/hardware/tools/arm/bin/../lib/gcc/arm-none-eabi/5.4.1/../../../../arm-none-eabi/lib/armv7e-m/fpu\libc.a(lib_a-vasnprintf.o)
 .ARM.attributes
                0x00000755       0x34 c:/arduino/hardware/tools/arm/bin/../lib/gcc/arm-none-eabi/5.4.1/../../../../arm-none-eabi/lib/armv7e-m/fpu\libc.a(lib_a-wctomb_r.o)
 .ARM.attributes
                0x00000789       0x34 c:/arduino/hardware/tools/arm/bin/../lib/gcc/arm-none-eabi/5.4.1/../../../../arm-none-eabi/lib/armv7e-m/fpu\libc.a(lib_a-callocr.o)
 .ARM.attributes
                0x000007bd       0x34 c:/arduino/hardware/tools/arm/bin/../lib/gcc/arm-none-eabi/5.4.1/../../../../arm-none-eabi/lib/armv7e-m/fpu\libc.a(lib_a-ctype_.o)
 .ARM.attributes
                0x000007f1       0x34 c:/arduino/hardware/tools/arm/bin/../lib/gcc/arm-none-eabi/5.4.1/../../../../arm-none-eabi/lib/armv7e-m/fpu\libc.a(lib_a-dtoa.o)
 .ARM.attributes
                0x00000825       0x34 c:/arduino/hardware/tools/arm/bin/../lib/gcc/arm-none-eabi/5.4.1/../../../../arm-none-eabi/lib/armv7e-m/fpu\libc.a(lib_a-memmove.o)
 .ARM.attributes
                0x00000859       0x34 c:/arduino/hardware/tools/arm/bin/../lib/gcc/arm-none-eabi/5.4.1/../../../../arm-none-eabi/lib/armv7e-m/fpu\libc.a(lib_a-svfprintf.o)
 .ARM.attributes
                0x0000088d       0x20 c:/arduino/hardware/tools/arm/bin/../lib/gcc/arm-none-eabi/5.4.1/../../../../arm-none-eabi/lib/armv7e-m/fpu\libc.a(lib_a-memchr.o)
 .ARM.attributes
                0x000008ad       0x34 c:/arduino/hardware/tools/arm/bin/../lib/gcc/arm-none-eabi/5.4.1/../../../../arm-none-eabi/lib/armv7e-m/fpu\libc.a(lib_a-svfiprintf.o)
 .ARM.attributes
                0x000008e1       0x22 c:/arduino/hardware/tools/arm/bin/../lib/gcc/arm-none-eabi/5.4.1/armv7e-m/fpu\libgcc.a(_arm_addsubdf3.o)
 .ARM.attributes
                0x00000903       0x22 c:/arduino/hardware/tools/arm/bin/../lib/gcc/arm-none-eabi/5.4.1/armv7e-m/fpu\libgcc.a(_arm_muldivdf3.o)
 .ARM.attributes
                0x00000925       0x22 c:/arduino/hardware/tools/arm/bin/../lib/gcc/arm-none-eabi/5.4.1/armv7e-m/fpu\libgcc.a(_arm_cmpdf2.o)
 .ARM.attributes
                0x00000947       0x22 c:/arduino/hardware/tools/arm/bin/../lib/gcc/arm-none-eabi/5.4.1/armv7e-m/fpu\libgcc.a(_arm_unorddf2.o)
 .ARM.attributes
                0x00000969       0x22 c:/arduino/hardware/tools/arm/bin/../lib/gcc/arm-none-eabi/5.4.1/armv7e-m/fpu\libgcc.a(_arm_fixdfsi.o)
 .ARM.attributes
                0x0000098b       0x22 c:/arduino/hardware/tools/arm/bin/../lib/gcc/arm-none-eabi/5.4.1/armv7e-m/fpu\libgcc.a(_aeabi_uldivmod.o)
 .ARM.attributes
                0x000009ad       0x34 c:/arduino/hardware/tools/arm/bin/../lib/gcc/arm-none-eabi/5.4.1/armv7e-m/fpu\libgcc.a(_udivmoddi4.o)
 .ARM.attributes
                0x000009e1       0x22 c:/arduino/hardware/tools/arm/bin/../lib/gcc/arm-none-eabi/5.4.1/armv7e-m/fpu\libgcc.a(_dvmd_tls.o)
 .ARM.attributes
                0x00000a03       0x22 c:/arduino/hardware/tools/arm/bin/../lib/gcc/arm-none-eabi/5.4.1/armv7e-m/fpu/crtn.o
 .ARM.attributes
                0x00000a25       0x34 c:/arduino/hardware/tools/arm/bin/../lib/gcc/arm-none-eabi/5.4.1/../../../../arm-none-eabi/lib/armv7e-m/fpu\libc.a(lib_a-malloc.o)
 .ARM.attributes
                0x00000a59       0x34 c:/arduino/hardware/tools/arm/bin/../lib/gcc/arm-none-eabi/5.4.1/../../../../arm-none-eabi/lib/armv7e-m/fpu\libc.a(lib_a-snprintf.o)
 .ARM.attributes
                0x00000a8d       0x34 c:/arduino/hardware/tools/arm/bin/../lib/gcc/arm-none-eabi/5.4.1/../../../../arm-none-eabi/lib/armv7e-m/fpu\libc.a(lib_a-strncpy.o)
 .ARM.attributes
                0x00000ac1       0x34 c:/arduino/hardware/tools/arm/bin/../lib/gcc/arm-none-eabi/5.4.1/../../../../arm-none-eabi/lib/armv7e-m/fpu\libc.a(lib_a-vsnprintf.o)

.comment        0x00000000       0x6e
 .comment       0x00000000       0x6e C:\Users\Max\AppData\Local\Temp\ccyNzPu9.ltrans0.ltrans.o
                                 0x6f (size before relaxing)
 .comment       0x0000006e       0x6f C:\Users\Max\AppData\Local\Temp\ccyNzPu9.ltrans1.ltrans.o
 .comment       0x0000006e       0x6f C:\Users\Max\AppData\Local\Temp\ccyNzPu9.ltrans2.ltrans.o
 .comment       0x0000006e       0x6f C:\Users\Max\AppData\Local\Temp\ccyNzPu9.ltrans3.ltrans.o
 .comment       0x0000006e       0x6f C:\Users\Max\AppData\Local\Temp\ccyNzPu9.ltrans4.ltrans.o
 .comment       0x0000006e       0x6f C:\Users\Max\AppData\Local\Temp\ccyNzPu9.ltrans5.ltrans.o
 .comment       0x0000006e       0x6f C:\Users\Max\AppData\Local\Temp\ccyNzPu9.ltrans6.ltrans.o

.debug_line     0x00000000       0xeb
 .debug_line    0x00000000       0x93 teensy3/memcpy-armv7m.o
 .debug_line    0x00000093       0x58 teensy3/memset.o

.debug_info     0x00000000       0xad
 .debug_info    0x00000000       0x5a teensy3/memcpy-armv7m.o
 .debug_info    0x0000005a       0x53 teensy3/memset.o

.debug_abbrev   0x00000000       0x28
 .debug_abbrev  0x00000000       0x14 teensy3/memcpy-armv7m.o
 .debug_abbrev  0x00000014       0x14 teensy3/memset.o

.debug_aranges  0x00000000       0x40
 .debug_aranges
                0x00000000       0x20 teensy3/memcpy-armv7m.o
 .debug_aranges
                0x00000020       0x20 teensy3/memset.o

.debug_frame    0x00000000      0xc74
 .debug_frame   0x00000000       0x20 c:/arduino/hardware/tools/arm/bin/../lib/gcc/arm-none-eabi/5.4.1/../../../../arm-none-eabi/lib/armv7e-m/fpu\libc.a(lib_a-aeabi_atexit.o)
 .debug_frame   0x00000020       0x20 c:/arduino/hardware/tools/arm/bin/../lib/gcc/arm-none-eabi/5.4.1/../../../../arm-none-eabi/lib/armv7e-m/fpu\libc.a(lib_a-cxa_atexit.o)
 .debug_frame   0x00000040       0x20 c:/arduino/hardware/tools/arm/bin/../lib/gcc/arm-none-eabi/5.4.1/../../../../arm-none-eabi/lib/armv7e-m/fpu\libc.a(lib_a-errno.o)
 .debug_frame   0x00000060       0x2c c:/arduino/hardware/tools/arm/bin/../lib/gcc/arm-none-eabi/5.4.1/../../../../arm-none-eabi/lib/armv7e-m/fpu\libc.a(lib_a-init.o)
 .debug_frame   0x0000008c       0x30 c:/arduino/hardware/tools/arm/bin/../lib/gcc/arm-none-eabi/5.4.1/../../../../arm-none-eabi/lib/armv7e-m/fpu\libc.a(lib_a-strnlen.o)
 .debug_frame   0x000000bc       0x98 c:/arduino/hardware/tools/arm/bin/../lib/gcc/arm-none-eabi/5.4.1/../../../../arm-none-eabi/lib/armv7e-m/fpu\libc.a(lib_a-strtoul.o)
 .debug_frame   0x00000154       0x54 c:/arduino/hardware/tools/arm/bin/../lib/gcc/arm-none-eabi/5.4.1/../../../../arm-none-eabi/lib/armv7e-m/fpu\libc.a(lib_a-vdprintf.o)
 .debug_frame   0x000001a8       0x2c c:/arduino/hardware/tools/arm/bin/../lib/gcc/arm-none-eabi/5.4.1/../../../../arm-none-eabi/lib/armv7e-m/fpu\libc.a(lib_a-writer.o)
 .debug_frame   0x000001d4       0x34 c:/arduino/hardware/tools/arm/bin/../lib/gcc/arm-none-eabi/5.4.1/../../../../arm-none-eabi/lib/armv7e-m/fpu\libc.a(lib_a-__atexit.o)
 .debug_frame   0x00000208       0x50 c:/arduino/hardware/tools/arm/bin/../lib/gcc/arm-none-eabi/5.4.1/../../../../arm-none-eabi/lib/armv7e-m/fpu\libc.a(lib_a-__call_atexit.o)
 .debug_frame   0x00000258       0x20 c:/arduino/hardware/tools/arm/bin/../lib/gcc/arm-none-eabi/5.4.1/../../../../arm-none-eabi/lib/armv7e-m/fpu\libc.a(lib_a-atexit.o)
 .debug_frame   0x00000278       0x34 c:/arduino/hardware/tools/arm/bin/../lib/gcc/arm-none-eabi/5.4.1/../../../../arm-none-eabi/lib/armv7e-m/fpu\libc.a(lib_a-fini.o)
 .debug_frame   0x000002ac       0x74 c:/arduino/hardware/tools/arm/bin/../lib/gcc/arm-none-eabi/5.4.1/../../../../arm-none-eabi/lib/armv7e-m/fpu\libc.a(lib_a-freer.o)
 .debug_frame   0x00000320       0x84 c:/arduino/hardware/tools/arm/bin/../lib/gcc/arm-none-eabi/5.4.1/../../../../arm-none-eabi/lib/armv7e-m/fpu\libc.a(lib_a-locale.o)
 .debug_frame   0x000003a4       0x40 c:/arduino/hardware/tools/arm/bin/../lib/gcc/arm-none-eabi/5.4.1/../../../../arm-none-eabi/lib/armv7e-m/fpu\libc.a(lib_a-localeconv.o)
 .debug_frame   0x000003e4       0x58 c:/arduino/hardware/tools/arm/bin/../lib/gcc/arm-none-eabi/5.4.1/../../../../arm-none-eabi/lib/armv7e-m/fpu\libc.a(lib_a-mallocr.o)
 .debug_frame   0x0000043c       0x4c c:/arduino/hardware/tools/arm/bin/../lib/gcc/arm-none-eabi/5.4.1/../../../../arm-none-eabi/lib/armv7e-m/fpu\libc.a(lib_a-mbtowc_r.o)
 .debug_frame   0x00000488       0x30 c:/arduino/hardware/tools/arm/bin/../lib/gcc/arm-none-eabi/5.4.1/../../../../arm-none-eabi/lib/armv7e-m/fpu\libc.a(lib_a-mlock.o)
 .debug_frame   0x000004b8      0x264 c:/arduino/hardware/tools/arm/bin/../lib/gcc/arm-none-eabi/5.4.1/../../../../arm-none-eabi/lib/armv7e-m/fpu\libc.a(lib_a-mprec.o)
 .debug_frame   0x0000071c       0x60 c:/arduino/hardware/tools/arm/bin/../lib/gcc/arm-none-eabi/5.4.1/../../../../arm-none-eabi/lib/armv7e-m/fpu\libc.a(lib_a-reallocr.o)
 .debug_frame   0x0000077c       0x58 c:/arduino/hardware/tools/arm/bin/../lib/gcc/arm-none-eabi/5.4.1/../../../../arm-none-eabi/lib/armv7e-m/fpu\libc.a(lib_a-reent.o)
 .debug_frame   0x000007d4       0x2c c:/arduino/hardware/tools/arm/bin/../lib/gcc/arm-none-eabi/5.4.1/../../../../arm-none-eabi/lib/armv7e-m/fpu\libc.a(lib_a-sbrkr.o)
 .debug_frame   0x00000800       0x54 c:/arduino/hardware/tools/arm/bin/../lib/gcc/arm-none-eabi/5.4.1/../../../../arm-none-eabi/lib/armv7e-m/fpu\libc.a(lib_a-strncmp.o)
 .debug_frame   0x00000854       0x54 c:/arduino/hardware/tools/arm/bin/../lib/gcc/arm-none-eabi/5.4.1/../../../../arm-none-eabi/lib/armv7e-m/fpu\libc.a(lib_a-vasnprintf.o)
 .debug_frame   0x000008a8       0x3c c:/arduino/hardware/tools/arm/bin/../lib/gcc/arm-none-eabi/5.4.1/../../../../arm-none-eabi/lib/armv7e-m/fpu\libc.a(lib_a-wctomb_r.o)
 .debug_frame   0x000008e4       0x28 c:/arduino/hardware/tools/arm/bin/../lib/gcc/arm-none-eabi/5.4.1/../../../../arm-none-eabi/lib/armv7e-m/fpu\libc.a(lib_a-callocr.o)
 .debug_frame   0x0000090c       0x88 c:/arduino/hardware/tools/arm/bin/../lib/gcc/arm-none-eabi/5.4.1/../../../../arm-none-eabi/lib/armv7e-m/fpu\libc.a(lib_a-dtoa.o)
 .debug_frame   0x00000994       0x30 c:/arduino/hardware/tools/arm/bin/../lib/gcc/arm-none-eabi/5.4.1/../../../../arm-none-eabi/lib/armv7e-m/fpu\libc.a(lib_a-memmove.o)
 .debug_frame   0x000009c4       0x44 c:/arduino/hardware/tools/arm/bin/../lib/gcc/arm-none-eabi/5.4.1/../../../../arm-none-eabi/lib/armv7e-m/fpu\libc.a(lib_a-svfprintf.o)
 .debug_frame   0x00000a08       0x78 c:/arduino/hardware/tools/arm/bin/../lib/gcc/arm-none-eabi/5.4.1/../../../../arm-none-eabi/lib/armv7e-m/fpu\libc.a(lib_a-svfiprintf.o)
 .debug_frame   0x00000a80       0x2c c:/arduino/hardware/tools/arm/bin/../lib/gcc/arm-none-eabi/5.4.1/armv7e-m/fpu\libgcc.a(_aeabi_uldivmod.o)
 .debug_frame   0x00000aac       0x34 c:/arduino/hardware/tools/arm/bin/../lib/gcc/arm-none-eabi/5.4.1/armv7e-m/fpu\libgcc.a(_udivmoddi4.o)
 .debug_frame   0x00000ae0       0x30 c:/arduino/hardware/tools/arm/bin/../lib/gcc/arm-none-eabi/5.4.1/../../../../arm-none-eabi/lib/armv7e-m/fpu\libc.a(lib_a-malloc.o)
 .debug_frame   0x00000b10       0xd0 c:/arduino/hardware/tools/arm/bin/../lib/gcc/arm-none-eabi/5.4.1/../../../../arm-none-eabi/lib/armv7e-m/fpu\libc.a(lib_a-snprintf.o)
 .debug_frame   0x00000be0       0x34 c:/arduino/hardware/tools/arm/bin/../lib/gcc/arm-none-eabi/5.4.1/../../../../arm-none-eabi/lib/armv7e-m/fpu\libc.a(lib_a-strncpy.o)
 .debug_frame   0x00000c14       0x60 c:/arduino/hardware/tools/arm/bin/../lib/gcc/arm-none-eabi/5.4.1/../../../../arm-none-eabi/lib/armv7e-m/fpu\libc.a(lib_a-vsnprintf.o)
