Archive member included to satisfy reference by file (symbol)

c:/arduino/hardware/tools/arm/bin/../lib/gcc/arm-none-eabi/5.4.1/../../../../arm-none-eabi/lib/armv7e-m/fpu\libc.a(lib_a-aeabi_atexit.o)
                              teensy3/Tone.o (symbol from plugin) (__aeabi_atexit)
c:/arduino/hardware/tools/arm/bin/../lib/gcc/arm-none-eabi/5.4.1/../../../../arm-none-eabi/lib/armv7e-m/fpu\libc.a(lib_a-atol.o)
                              teensy3/WString.o (symbol from plugin) (atol)
c:/arduino/hardware/tools/arm/bin/../lib/gcc/arm-none-eabi/5.4.1/../../../../arm-none-eabi/lib/armv7e-m/fpu\libc.a(lib_a-cxa_atexit.o)
                              c:/arduino/hardware/tools/arm/bin/../lib/gcc/arm-none-eabi/5.4.1/../../../../arm-none-eabi/lib/armv7e-m/fpu\libc.a(lib_a-aeabi_atexit.o) (__cxa_atexit)
c:/arduino/hardware/tools/arm/bin/../lib/gcc/arm-none-eabi/5.4.1/../../../../arm-none-eabi/lib/armv7e-m/fpu\libc.a(lib_a-efgcvt.o)
                              teensy3/nonstd.o (symbol from plugin) (fcvtf)
c:/arduino/hardware/tools/arm/bin/../lib/gcc/arm-none-eabi/5.4.1/../../../../arm-none-eabi/lib/armv7e-m/fpu\libc.a(lib_a-errno.o)
                              teensy3/mk20dx128.o (symbol from plugin) (__errno)
c:/arduino/hardware/tools/arm/bin/../lib/gcc/arm-none-eabi/5.4.1/../../../../arm-none-eabi/lib/armv7e-m/fpu\libc.a(lib_a-exit.o)
                              c:/arduino/hardware/tools/arm/bin/../lib/gcc/arm-none-eabi/5.4.1/../../../../arm-none-eabi/lib/armv7e-m/fpu/crt0.o (exit)
c:/arduino/hardware/tools/arm/bin/../lib/gcc/arm-none-eabi/5.4.1/../../../../arm-none-eabi/lib/armv7e-m/fpu\libc.a(lib_a-impure.o)
                              c:/arduino/hardware/tools/arm/bin/../lib/gcc/arm-none-eabi/5.4.1/../../../../arm-none-eabi/lib/armv7e-m/fpu\libc.a(lib_a-exit.o) (_global_impure_ptr)
c:/arduino/hardware/tools/arm/bin/../lib/gcc/arm-none-eabi/5.4.1/../../../../arm-none-eabi/lib/armv7e-m/fpu\libc.a(lib_a-init.o)
                              c:/arduino/hardware/tools/arm/bin/../lib/gcc/arm-none-eabi/5.4.1/../../../../arm-none-eabi/lib/armv7e-m/fpu/crt0.o (__libc_init_array)
c:/arduino/hardware/tools/arm/bin/../lib/gcc/arm-none-eabi/5.4.1/../../../../arm-none-eabi/lib/armv7e-m/fpu\libc.a(lib_a-itoa.o)
                              teensy3/WString.o (symbol from plugin) (itoa)
c:/arduino/hardware/tools/arm/bin/../lib/gcc/arm-none-eabi/5.4.1/../../../../arm-none-eabi/lib/armv7e-m/fpu\libc.a(lib_a-strnlen.o)
                              console/ConsoleCtrl.o (symbol from plugin) (strnlen)
c:/arduino/hardware/tools/arm/bin/../lib/gcc/arm-none-eabi/5.4.1/../../../../arm-none-eabi/lib/armv7e-m/fpu\libc.a(lib_a-strtod.o)
                              teensy3/WString.o (symbol from plugin) (strtof)
c:/arduino/hardware/tools/arm/bin/../lib/gcc/arm-none-eabi/5.4.1/../../../../arm-none-eabi/lib/armv7e-m/fpu\libc.a(lib_a-strtol.o)
                              c:/arduino/hardware/tools/arm/bin/../lib/gcc/arm-none-eabi/5.4.1/../../../../arm-none-eabi/lib/armv7e-m/fpu\libc.a(lib_a-atol.o) (_strtol_r)
c:/arduino/hardware/tools/arm/bin/../lib/gcc/arm-none-eabi/5.4.1/../../../../arm-none-eabi/lib/armv7e-m/fpu\libc.a(lib_a-strtoul.o)
                              console/LedModeCommand.o (symbol from plugin) (strtoul)
c:/arduino/hardware/tools/arm/bin/../lib/gcc/arm-none-eabi/5.4.1/../../../../arm-none-eabi/lib/armv7e-m/fpu\libc.a(lib_a-utoa.o)
                              c:/arduino/hardware/tools/arm/bin/../lib/gcc/arm-none-eabi/5.4.1/../../../../arm-none-eabi/lib/armv7e-m/fpu\libc.a(lib_a-itoa.o) (__utoa)
c:/arduino/hardware/tools/arm/bin/../lib/gcc/arm-none-eabi/5.4.1/../../../../arm-none-eabi/lib/armv7e-m/fpu\libc.a(lib_a-vdprintf.o)
                              teensy3/Print.o (symbol from plugin) (vdprintf)
c:/arduino/hardware/tools/arm/bin/../lib/gcc/arm-none-eabi/5.4.1/../../../../arm-none-eabi/lib/armv7e-m/fpu\libc.a(lib_a-writer.o)
                              c:/arduino/hardware/tools/arm/bin/../lib/gcc/arm-none-eabi/5.4.1/../../../../arm-none-eabi/lib/armv7e-m/fpu\libc.a(lib_a-vdprintf.o) (_write_r)
c:/arduino/hardware/tools/arm/bin/../lib/gcc/arm-none-eabi/5.4.1/../../../../arm-none-eabi/lib/armv7e-m/fpu\libc.a(lib_a-__atexit.o)
                              c:/arduino/hardware/tools/arm/bin/../lib/gcc/arm-none-eabi/5.4.1/../../../../arm-none-eabi/lib/armv7e-m/fpu\libc.a(lib_a-cxa_atexit.o) (__register_exitproc)
c:/arduino/hardware/tools/arm/bin/../lib/gcc/arm-none-eabi/5.4.1/../../../../arm-none-eabi/lib/armv7e-m/fpu\libc.a(lib_a-__call_atexit.o)
                              c:/arduino/hardware/tools/arm/bin/../lib/gcc/arm-none-eabi/5.4.1/../../../../arm-none-eabi/lib/armv7e-m/fpu\libc.a(lib_a-exit.o) (__call_exitprocs)
c:/arduino/hardware/tools/arm/bin/../lib/gcc/arm-none-eabi/5.4.1/../../../../arm-none-eabi/lib/armv7e-m/fpu\libc.a(lib_a-atexit.o)
[...]
Memory Configuration

Name             Origin             Length             Attributes
FLASH            0x00000000         0x00100000         xr
RAM              0x1fff0000         0x00040000         xrw
*default*        0x00000000         0xffffffff

Linker script and memory map

LOAD c:/arduino/hardware/tools/arm/bin/../lib/gcc/arm-none-eabi/5.4.1/armv7e-m/fpu/crti.o
LOAD c:/arduino/hardware/tools/arm/bin/../lib/gcc/arm-none-eabi/5.4.1/armv7e-m/fpu/crtbegin.o
LOAD c:/arduino/hardware/tools/arm/bin/../lib/gcc/arm-none-eabi/5.4.1/../../../../arm-none-eabi/lib/armv7e-m/fpu/crt0.o
LOAD common/stringUtils.o
LOAD C:\Users\Max\AppData\Local\Temp\ccEtprEy.ltrans0.ltrans.o
LOAD C:\Users\Max\AppData\Local\Temp\ccEtprEy.ltrans1.ltrans.o
LOAD C:\Users\Max\AppData\Local\Temp\ccEtprEy.ltrans2.ltrans.o
LOAD C:\Users\Max\AppData\Local\Temp\ccEtprEy.ltrans3.ltrans.o
LOAD C:\Users\Max\AppData\Local\Temp\ccEtprEy.ltrans4.ltrans.o
LOAD C:\Users\Max\AppData\Local\Temp\ccEtprEy.ltrans5.ltrans.o
LOAD C:\Users\Max\AppData\Local\Temp\ccEtprEy.ltrans6.ltrans.o
LOAD teensy3/usb_serial.o
LOAD teensy3/touch.o
LOAD teensy3/math_helper.o
LOAD teensy3/serial2.o
LOAD teensy3/serial3.o
LOAD teensy3/serial4.o
LOAD teensy3/usb_dev.o
LOAD teensy3/mk20dx128.o
LOAD teensy3/serial5.o
LOAD teensy3/analog.o
LOAD teensy3/serial1.o
LOAD teensy3/usb_desc.o
LOAD teensy3/usb_joystick.o
LOAD teensy3/usb_mem.o
LOAD teensy3/serial6_lpuart.o
LOAD teensy3/eeprom.o
LOAD teensy3/serial6.o
LOAD teensy3/nonstd.o
LOAD teensy3/usb_rawhid.o
LOAD teensy3/usb_touch.o
LOAD teensy3/pins_teensy.o
LOAD teensy3/ser_print.o
LOAD teensy3/usb_midi.o
LOAD teensy3/keylayouts.o
LOAD teensy3/usb_keyboard.o
LOAD teensy3/usb_seremu.o
LOAD teensy3/usb_mtp.o
LOAD teensy3/usb_mouse.o
LOAD mainExec.o
LOAD common/CommonData.o
LOAD common/StopWatch.o
LOAD common/Queue.o
LOAD common/MemoryBlock.o
LOAD common/HashTable.o
LOAD console/StatCommand.o
LOAD console/AboutCommand.o
LOAD console/ConsoleCtrl.o
LOAD console/LedModeCommand.o
LOAD console/Command.o
LOAD control/LEDControl.o
LOAD control/Adafruit_NeoPixel.o
LOAD io/MaintenanceComm.o
LOAD mode/SMColorPulse.o
LOAD mode/StateMachine.o
LOAD mode/SMRainbowCycle.o
LOAD mode/LedModeControl.o
LOAD mode/SMWhite.o
LOAD mode/SMColor.o
LOAD mode/SMOff.o
LOAD mode/SMWhiteOverRainbow.o
LOAD scheduler/TaskScheduler.o
LOAD scheduler/Task.o
LOAD teensy3/HardwareSerial5.o
LOAD teensy3/WMath.o
LOAD teensy3/EventResponder.o
LOAD teensy3/avr_emulation.o
LOAD teensy3/yield.o
LOAD teensy3/IntervalTimer.o
LOAD teensy3/HardwareSerial4.o
LOAD teensy3/usb_audio.o
LOAD teensy3/DMAChannel.o
LOAD teensy3/usb_flightsim.o
LOAD teensy3/WString.o
LOAD teensy3/Tone.o
LOAD teensy3/HardwareSerial6.o
LOAD teensy3/main.o
LOAD teensy3/AudioStream.o
LOAD teensy3/IPAddress.o
LOAD teensy3/Stream.o
LOAD teensy3/usb_inst.o
LOAD teensy3/Print.o
LOAD teensy3/HardwareSerial2.o
LOAD teensy3/HardwareSerial3.o
LOAD teensy3/HardwareSerial1.o
LOAD teensy3/new.o
LOAD teensy3/memcpy-armv7m.o
LOAD teensy3/memset.o
LOAD c:/arduino/hardware/tools/arm/bin/../lib/gcc/arm-none-eabi/5.4.1/../../../../arm-none-eabi/lib/armv7e-m/fpu\libm.a
LOAD c:/arduino/hardware/tools/arm/bin/../lib/gcc/arm-none-eabi/5.4.1/../../../../arm-none-eabi/lib/armv7e-m/fpu\libc.a
LOAD c:/arduino/hardware/tools/arm/bin/../lib/gcc/arm-none-eabi/5.4.1/../../../../arm-none-eabi/lib\libarm_cortexM4lf_math.a
START GROUP
LOAD c:/arduino/hardware/tools/arm/bin/../lib/gcc/arm-none-eabi/5.4.1/armv7e-m/fpu\libgcc.a
LOAD c:/arduino/hardware/tools/arm/bin/../lib/gcc/arm-none-eabi/5.4.1/../../../../arm-none-eabi/lib/armv7e-m/fpu\libc.a
END GROUP
LOAD c:/arduino/hardware/tools/arm/bin/../lib/gcc/arm-none-eabi/5.4.1/armv7e-m/fpu/crtend.o
LOAD c:/arduino/hardware/tools/arm/bin/../lib/gcc/arm-none-eabi/5.4.1/armv7e-m/fpu/crtn.o

.text           0x00000000     0x8f44
                0x00000000                . = 0x0
 *(.vectors)
 .vectors       0x00000000      0x1d0 C:\Users\Max\AppData\Local\Temp\ccEtprEy.ltrans5.ltrans.o
                0x00000000                _VectorsFlash
 *(.startup*)
 .startup       0x000001d0      0x218 C:\Users\Max\AppData\Local\Temp\ccEtprEy.ltrans4.ltrans.o
                0x000001d0                ResetHandler
                0x00000400                . = 0x400
 *fill*         0x000003e8       0x18 ff
 *(.flashconfig*)
 .flashconfig   0x00000400       0x10 C:\Users\Max\AppData\Local\Temp\ccEtprEy.ltrans4.ltrans.o
                0x00000400                flashconfigbytes
 *(.text*)
 .text          0x00000410       0x5c c:/arduino/hardware/tools/arm/bin/../lib/gcc/arm-none-eabi/5.4.1/armv7e-m/fpu/crtbegin.o
 .text          0x0000046c      0x778 C:\Users\Max\AppData\Local\Temp\ccEtprEy.ltrans0.ltrans.o
                0x0000046e                pit3_isr
                0x00000484                pit2_isr
                0x00000498                pit1_isr
                0x000004ac                pit0_isr
                0x0000051c                systick_isr
                0x00000584                pendablesrvreq_isr
                0x000005b4                HardwareSerial5::write(int)
                0x000005b4                HardwareSerial5::write(long)
                0x000005bc                HardwareSerial5::write(unsigned int)
                0x000005bc                HardwareSerial5::write(unsigned long)
                0x000005c4                HardwareSerial5::availableForWrite()
                0x000005e0                HardwareSerial5::clear()
                0x000005f8                HardwareSerial5::peek()
                0x00000620                HardwareSerial5::attachCts(unsigned char)
                0x00000660                HardwareSerial5::attachRts(unsigned char)
                0x000006b4                HardwareSerial5::setRX(unsigned char)
                0x000006b6                SMWhiteOverRainbow::reset()
                0x000006c4                SMWhiteOverRainbow::run()
                0x000006e4                SMColorPulse::init()
                0x000006e4                SMWhite::init()
                0x000006e4                SMWhiteOverRainbow::init()
                0x000006e4                SMOff::init()
                0x000006e4                SMRainbowCycle::init()
                0x000006e4                SMColor::init()
                0x000006e6                SMOff::reset()
                0x000006e6                SMWhite::reset()
                0x000006e6                SMColor::reset()
                0x000006f4                SMOff::run()
                0x00000714                SMColor::run()
                0x00000734                HardwareSerial5::available()
                0x00000738                HardwareSerial5::write9bit(unsigned long)
                0x00000744                HardwareSerial5::write(char const*)
                0x0000075c                HardwareSerial5::read()
                0x00000760                HardwareSerial5::setTX(unsigned char, bool)
                0x00000768                HardwareSerial5::transmitterEnable(unsigned char)
                0x000007b8                HardwareSerial5::begin(unsigned long, unsigned long)
                0x00000834                HardwareSerial5::begin(unsigned long)
                0x00000848                SMWhiteOverRainbow::updateStrips()
                0x0000089c                SMWhiteOverRainbow::idle()
                0x000008ba                SMOff::idle()
                0x000008d6                SMColor::idle()
                0x000008f4                SMWhiteOverRainbow::initialState()
                0x00000924                SMWhiteOverRainbow::updatePixels()
                0x000009e4                SMOff::turnLedsOff()
                0x00000a3c                SMColor::setColor()
                0x00000a98                SMWhiteOverRainbow::~SMWhiteOverRainbow()
                0x00000aa4                SMOff::~SMOff()
                0x00000ab0                IntervalTimer::~IntervalTimer()
                0x00000ab0                IntervalTimer::~IntervalTimer() [clone .lto_priv.75]
                0x00000af0                yield
                0x00000b70                HardwareSerial5::flush()
                0x00000b88                HardwareSerial5::end()
                0x00000be0                SMWhiteOverRainbow::~SMWhiteOverRainbow() [clone .lto_priv.65]
                0x00000be0                SMWhiteOverRainbow::~SMWhiteOverRainbow() [clone .lto_priv.77]
                0x00000be2                SMOff::~SMOff() [clone .lto_priv.82]
                0x00000be2                SMOff::~SMOff() [clone .lto_priv.70]
 .text          0x00000be4      0x7b8 C:\Users\Max\AppData\Local\Temp\ccEtprEy.ltrans1.ltrans.o
                0x00000be4                SMWhite::run()
                0x00000c04                LedModeControl::init()
                0x00000c38                SMRainbowCycle::initialState()
                0x00000c4c                SMRainbowCycle::reset()
                0x00000c5a                SMRainbowCycle::run()
                0x00000c7a                SMColorPulse::fadeOut()
                0x00000c9e                SMColorPulse::fadeIn()
                0x00000cc2                SMColorPulse::reset()
                0x00000cd0                SMColorPulse::run()
                0x00000cf2                SMColor::~SMColor()
                0x00000cfe                SMWhite::~SMWhite()
                0x00000d0a                LedModeControl::~LedModeControl()
                0x00000d16                SMRainbowCycle::~SMRainbowCycle()
                0x00000d22                SMColorPulse::~SMColorPulse()
                0x00000d3a                SMWhite::idle()
                0x00000d58                SMRainbowCycle::updateStrips()
                0x00000d8a                SMRainbowCycle::idle()
                0x00000da8                SMColorPulse::idle()
                0x00000dc6                SMWhite::setWhiteLight()
                0x00000e24                SMColorPulse::initialState()
                0x00000e4e                LedModeControl::exec()
                0x00001098                SMRainbowCycle::updatePixels()
                0x0000110c                HardwareSerial5::write(unsigned char)
                0x000011e8                HardwareSerial5::write(unsigned char const*, unsigned int)
                0x00001230                SMColor::~SMColor() [clone .lto_priv.80]
                0x00001230                SMColor::~SMColor() [clone .lto_priv.68]
                0x00001232                SMWhite::~SMWhite() [clone .lto_priv.81]
                0x00001232                SMWhite::~SMWhite() [clone .lto_priv.69]
                0x00001234                LedModeControl::~LedModeControl() [clone .lto_priv.76]
                0x00001234                LedModeControl::~LedModeControl() [clone .lto_priv.64]
                0x00001236                SMRainbowCycle::~SMRainbowCycle() [clone .lto_priv.66]
                0x00001236                SMRainbowCycle::~SMRainbowCycle() [clone .lto_priv.78]
                0x00001238                SMColorPulse::~SMColorPulse() [clone .lto_priv.79]
                0x00001238                SMColorPulse::~SMColorPulse() [clone .lto_priv.67]
                0x0000123a                Adafruit_NeoPixel::setBrightness(unsigned char)
                0x00001286                Adafruit_NeoPixel::show()
                0x00001340                SMColorPulse::delay()
 .text          0x0000139c      0xa58 C:\Users\Max\AppData\Local\Temp\ccEtprEy.ltrans2.ltrans.o
                0x0000139c                lpuart0_status_isr
                0x0000143c                uart0_status_isr
                0x0000150c                uart4_status_isr
                0x000015dc                ConsoleCtrl::~ConsoleCtrl()
                0x000015e8                AboutCommand::~AboutCommand()
                0x000015f4                StatCommand::~StatCommand()
                0x00001600                ConsoleCtrl::~ConsoleCtrl() [clone .lto_priv.71]
                0x00001600                ConsoleCtrl::~ConsoleCtrl() [clone .lto_priv.83]
                0x00001602                AboutCommand::~AboutCommand() [clone .lto_priv.72]
                0x00001602                AboutCommand::~AboutCommand() [clone .lto_priv.84]
                0x00001604                StatCommand::~StatCommand() [clone .lto_priv.74]
                0x00001604                StatCommand::~StatCommand() [clone .lto_priv.86]
                0x00001606                Queue::push(void const*)
                0x00001640                StopWatch::timerHasExpired() const
                0x00001668                StopWatch::start(unsigned int)
                0x00001680                Singleton<TaskScheduler>::getInstance()
                0x000016b4                Singleton<LEDControl>::getInstance()
                0x000016e4                Singleton<MaintenanceComm>::getInstance()
                0x00001784                ConsoleCtrl::init()
                0x00001854                AboutCommand::exec(char*, char*, char*, char*)
                0x0000186c                StatCommand::exec(char*, char*, char*, char*)
                0x00001908                digitalWrite.part.0
                0x00001944                micros
                0x000019ae                _init_Teensyduino_internal_
                0x00001c70                usb_free
                0x00001d2c                usb_malloc
                0x00001d68                serial5_getchar
                0x00001dbc                serial5_available
                0x00001ddc                serial5_write
 .text          0x00001df4      0x4f8 C:\Users\Max\AppData\Local\Temp\ccEtprEy.ltrans3.ltrans.o
                0x00001df4                LedModeCommand::~LedModeCommand()
                0x00001e00                LEDControl::setPixelColor(unsigned int, unsigned int, unsigned int) [clone .part.1]
                0x00001e74                LEDControl::Wheel(char, unsigned int)
                0x00001ec2                LEDControl::updateStrip(unsigned int)
                0x00001ed8                LEDControl::setBrightness(unsigned char)
                0x00001f14                LEDControl::setLedMode(LEDModes)
                0x00001fa0                LedModeCommand::exec(char*, char*, char*, char*)
                0x0000218c                LedModeCommand::~LedModeCommand() [clone .lto_priv.73]
                0x0000218c                LedModeCommand::~LedModeCommand() [clone .lto_priv.85]
                0x0000218e                HashTable<int>::findPos(char*) const
                0x000021fe                ConsoleCtrl::exec()
 .text          0x000022ec      0xa78 C:\Users\Max\AppData\Local\Temp\ccEtprEy.ltrans4.ltrans.o
                0x000022ec                __cxa_pure_virtual
                0x00002328                uart3_status_isr
                0x000023bc                uart2_status_isr
                0x00002454                uart1_status_isr
                0x00002524                usb_isr
                0x00002b54                memmanage_fault_isr
                0x00002b54                bus_fault_isr
                0x00002b54                hard_fault_isr
                0x00002b54                usage_fault_isr
                0x00002b54                fault_isr
                0x00002b88                tpm1_isr
                0x00002b88                porte_isr
                0x00002b88                portb_isr
                0x00002b88                spi1_isr
                0x00002b88                enet_error_isr
                0x00002b88                mcm_isr
                0x00002b88                portd_isr
                0x00002b88                randnum_isr
                0x00002b88                i2c0_isr
                0x00002b88                watchdog_isr
                0x00002b88                i2c1_isr
                0x00002b88                dma_ch11_isr
                0x00002b88                i2c2_isr
                0x00002b88                dma_ch4_isr
                0x00002b88                dma_ch7_isr
                0x00002b88                lptmr_isr
                0x00002b88                can1_bus_off_isr
                0x00002b88                ftm2_isr
                0x00002b88                dma_ch9_isr
                0x00002b88                i2c3_isr
                0x00002b88                can1_error_isr
                0x00002b88                can0_wakeup_isr
                0x00002b88                dma_error_isr
                0x00002b88                tpm2_isr
                0x00002b88                can1_rx_warn_isr
                0x00002b88                cmp3_isr
                0x00002b88                svcall_isr
                0x00002b88                dma_ch15_isr
                0x00002b88                uart1_error_isr
                0x00002b88                usbhs_phy_isr
                0x00002b88                unused_isr
                0x00002b88                wakeup_isr
                0x00002b88                spi0_isr
                0x00002b88                dma_ch3_isr
                0x00002b88                flash_error_isr
                0x00002b88                rtc_seconds_isr
                0x00002b88                pdb_isr
                0x00002b88                dma_ch0_isr
                0x00002b88                dac1_isr
                0x00002b88                dma_ch14_isr
                0x00002b88                rtc_alarm_isr
                0x00002b88                dma_ch2_isr
                0x00002b88                ftm1_isr
                0x00002b88                dma_ch13_isr
                0x00002b88                uart2_error_isr
                0x00002b88                dma_ch8_isr
                0x00002b88                usb_charge_isr
                0x00002b88                cmt_isr
                0x00002b88                usbhs_isr
                0x00002b88                ftm3_isr
                0x00002b88                tsi0_isr
                0x00002b88                dma_ch6_isr
                0x00002b88                spi2_isr
                0x00002b88                can0_bus_off_isr
                0x00002b88                flash_cmd_isr
                0x00002b88                uart3_error_isr
                0x00002b88                porta_isr
                0x00002b88                low_voltage_isr
                0x00002b88                can0_error_isr
                0x00002b88                dma_ch12_isr
                0x00002b88                can1_wakeup_isr
                0x00002b88                enet_rx_isr
                0x00002b88                portc_isr
                0x00002b88                adc0_isr
                0x00002b88                debugmonitor_isr
                0x00002b88                cmp1_isr
                0x00002b88                ftm0_isr
                0x00002b88                i2s0_rx_isr
                0x00002b88                uart4_error_isr
                0x00002b88                can0_message_isr
                0x00002b88                can1_message_isr
                0x00002b88                nmi_isr
                0x00002b88                sdhc_isr
                0x00002b88                dma_ch10_isr
                0x00002b88                uart0_error_isr
                0x00002b88                enet_timer_isr
                0x00002b88                i2s0_tx_isr
                0x00002b88                adc1_isr
                0x00002b88                cmp0_isr
                0x00002b88                dac0_isr
                0x00002b88                can1_tx_warn_isr
                0x00002b88                cmp2_isr
                0x00002b88                mcg_isr
                0x00002b88                dma_ch1_isr
                0x00002b88                dma_ch5_isr
                0x00002b88                can0_rx_warn_isr
                0x00002b88                can0_tx_warn_isr
                0x00002b88                enet_tx_isr
                0x00002b8e                serial5_putchar
                0x00002c5c                serial5_set_tx
                0x00002cac                serial5_begin
                0x00002d34                abort
                0x00002d36                _exit
                0x00002d38                _sbrk
 .text          0x00002d64      0x254 C:\Users\Max\AppData\Local\Temp\ccEtprEy.ltrans5.ltrans.o
                0x00002d64                IPAddress::printTo(Print&) const
                0x00002dcc                software_isr
                0x00002e00                strnsep.constprop.58
                0x00002e36                usb_tx.constprop.57
                0x00002e98                Task::Task(unsigned int, char const*, TaskIDEnum) [clone .constprop.46]
                0x00002edc                MaintenanceComm::sendData(char const*, bool, bool) [clone .part.1] [clone .constprop.39]
                0x00002f58                MaintenanceComm::sendData(int, char const*, ...) [clone .constprop.38]
                0x00002f88                Print::printf(char const*, ...) [clone .constprop.32]
                0x00002fa8                _write
 .text.startup  0x00002fb8      0x1f4 C:\Users\Max\AppData\Local\Temp\ccEtprEy.ltrans5.ltrans.o
                0x00002fb8                Adafruit_NeoPixel::Adafruit_NeoPixel(unsigned short, unsigned char, unsigned short) [clone .constprop.22]
                0x0000302c                main
 .text.startup  0x000031ac      0x388 C:\Users\Max\AppData\Local\Temp\ccEtprEy.ltrans6.ltrans.o
 .text          0x00003534      0x134 teensy3/memcpy-armv7m.o
                0x00003534                memcpy
 .text          0x00003668       0x44 teensy3/memset.o
                0x00003668                memset
 .text.__aeabi_atexit
                0x000036ac        0xc c:/arduino/hardware/tools/arm/bin/../lib/gcc/arm-none-eabi/5.4.1/../../../../arm-none-eabi/lib/armv7e-m/fpu\libc.a(lib_a-aeabi_atexit.o)
                0x000036ac                __aeabi_atexit
 .text.__cxa_atexit
                0x000036b8        0xc c:/arduino/hardware/tools/arm/bin/../lib/gcc/arm-none-eabi/5.4.1/../../../../arm-none-eabi/lib/armv7e-m/fpu\libc.a(lib_a-cxa_atexit.o)
                0x000036b8                __cxa_atexit
 .text.__errno  0x000036c4        0xc c:/arduino/hardware/tools/arm/bin/../lib/gcc/arm-none-eabi/5.4.1/../../../../arm-none-eabi/lib/armv7e-m/fpu\libc.a(lib_a-errno.o)
                0x000036c4                __errno
 .text.__libc_init_array
                0x000036d0       0x50 c:/arduino/hardware/tools/arm/bin/../lib/gcc/arm-none-eabi/5.4.1/../../../../arm-none-eabi/lib/armv7e-m/fpu\libc.a(lib_a-init.o)
                0x000036d0                __libc_init_array
 .text.strnlen  0x00003720       0x34 c:/arduino/hardware/tools/arm/bin/../lib/gcc/arm-none-eabi/5.4.1/../../../../arm-none-eabi/lib/armv7e-m/fpu\libc.a(lib_a-strnlen.o)
                0x00003720                strnlen
 .text._strtoul_l.isra.0
                0x00003754      0x168 c:/arduino/hardware/tools/arm/bin/../lib/gcc/arm-none-eabi/5.4.1/../../../../arm-none-eabi/lib/armv7e-m/fpu\libc.a(lib_a-strtoul.o)
 .text.strtoul  0x000038bc       0x2c c:/arduino/hardware/tools/arm/bin/../lib/gcc/arm-none-eabi/5.4.1/../../../../arm-none-eabi/lib/armv7e-m/fpu\libc.a(lib_a-strtoul.o)
                0x000038bc                strtoul
 .text._vdprintf_r
                0x000038e8       0x4c c:/arduino/hardware/tools/arm/bin/../lib/gcc/arm-none-eabi/5.4.1/../../../../arm-none-eabi/lib/armv7e-m/fpu\libc.a(lib_a-vdprintf.o)
                0x000038e8                _vdprintf_r
 .text.vdprintf
                0x00003934       0x18 c:/arduino/hardware/tools/arm/bin/../lib/gcc/arm-none-eabi/5.4.1/../../../../arm-none-eabi/lib/armv7e-m/fpu\libc.a(lib_a-vdprintf.o)
                0x00003934                vdprintf
 .text._write_r
                0x0000394c       0x2c c:/arduino/hardware/tools/arm/bin/../lib/gcc/arm-none-eabi/5.4.1/../../../../arm-none-eabi/lib/armv7e-m/fpu\libc.a(lib_a-writer.o)
                0x0000394c                _write_r
 .text.__register_exitproc
                0x00003978       0xa4 c:/arduino/hardware/tools/arm/bin/../lib/gcc/arm-none-eabi/5.4.1/../../../../arm-none-eabi/lib/armv7e-m/fpu\libc.a(lib_a-__atexit.o)
                0x00003978                __register_exitproc
 .text.startup.register_fini
                0x00003a1c       0x14 c:/arduino/hardware/tools/arm/bin/../lib/gcc/arm-none-eabi/5.4.1/../../../../arm-none-eabi/lib/armv7e-m/fpu\libc.a(lib_a-__call_atexit.o)
 .text.atexit   0x00003a30        0xc c:/arduino/hardware/tools/arm/bin/../lib/gcc/arm-none-eabi/5.4.1/../../../../arm-none-eabi/lib/armv7e-m/fpu\libc.a(lib_a-atexit.o)
                0x00003a30                atexit
 .text.__libc_fini_array
                0x00003a3c       0x28 c:/arduino/hardware/tools/arm/bin/../lib/gcc/arm-none-eabi/5.4.1/../../../../arm-none-eabi/lib/armv7e-m/fpu\libc.a(lib_a-fini.o)
                0x00003a3c                __libc_fini_array
 .text._malloc_trim_r
                0x00003a64       0x9c c:/arduino/hardware/tools/arm/bin/../lib/gcc/arm-none-eabi/5.4.1/../../../../arm-none-eabi/lib/armv7e-m/fpu\libc.a(lib_a-freer.o)
                0x00003a64                _malloc_trim_r
 .text._free_r  0x00003b00      0x1d0 c:/arduino/hardware/tools/arm/bin/../lib/gcc/arm-none-eabi/5.4.1/../../../../arm-none-eabi/lib/armv7e-m/fpu\libc.a(lib_a-freer.o)
                0x00003b00                _free_r
 .text.__locale_ctype_ptr_l
                0x00003cd0        0x8 c:/arduino/hardware/tools/arm/bin/../lib/gcc/arm-none-eabi/5.4.1/../../../../arm-none-eabi/lib/armv7e-m/fpu\libc.a(lib_a-locale.o)
                0x00003cd0                __locale_ctype_ptr_l
 .text._localeconv_r
                0x00003cd8       0x1c c:/arduino/hardware/tools/arm/bin/../lib/gcc/arm-none-eabi/5.4.1/../../../../arm-none-eabi/lib/armv7e-m/fpu\libc.a(lib_a-localeconv.o)
                0x00003cd8                _localeconv_r
 .text._malloc_r
                0x00003cf4      0x570 c:/arduino/hardware/tools/arm/bin/../lib/gcc/arm-none-eabi/5.4.1/../../../../arm-none-eabi/lib/armv7e-m/fpu\libc.a(lib_a-mallocr.o)
                0x00003cf4                _malloc_r
 .text.__ascii_mbtowc
                0x00004264       0x2c c:/arduino/hardware/tools/arm/bin/../lib/gcc/arm-none-eabi/5.4.1/../../../../arm-none-eabi/lib/armv7e-m/fpu\libc.a(lib_a-mbtowc_r.o)
                0x00004264                __ascii_mbtowc
 .text.__malloc_lock
                0x00004290        0x4 c:/arduino/hardware/tools/arm/bin/../lib/gcc/arm-none-eabi/5.4.1/../../../../arm-none-eabi/lib/armv7e-m/fpu\libc.a(lib_a-mlock.o)
                0x00004290                __malloc_lock
 .text.__malloc_unlock
                0x00004294        0x4 c:/arduino/hardware/tools/arm/bin/../lib/gcc/arm-none-eabi/5.4.1/../../../../arm-none-eabi/lib/armv7e-m/fpu\libc.a(lib_a-mlock.o)
                0x00004294                __malloc_unlock
 .text._Balloc  0x00004298       0x4c c:/arduino/hardware/tools/arm/bin/../lib/gcc/arm-none-eabi/5.4.1/../../../../arm-none-eabi/lib/armv7e-m/fpu\libc.a(lib_a-mprec.o)
                0x00004298                _Balloc
 .text._Bfree   0x000042e4       0x14 c:/arduino/hardware/tools/arm/bin/../lib/gcc/arm-none-eabi/5.4.1/../../../../arm-none-eabi/lib/armv7e-m/fpu\libc.a(lib_a-mprec.o)
                0x000042e4                _Bfree
 .text.__multadd
                0x000042f8       0x80 c:/arduino/hardware/tools/arm/bin/../lib/gcc/arm-none-eabi/5.4.1/../../../../arm-none-eabi/lib/armv7e-m/fpu\libc.a(lib_a-mprec.o)
                0x000042f8                __multadd
 .text.__hi0bits
                0x00004378       0x40 c:/arduino/hardware/tools/arm/bin/../lib/gcc/arm-none-eabi/5.4.1/../../../../arm-none-eabi/lib/armv7e-m/fpu\libc.a(lib_a-mprec.o)
                0x00004378                __hi0bits
 .text.__lo0bits
                0x000043b8       0x5c c:/arduino/hardware/tools/arm/bin/../lib/gcc/arm-none-eabi/5.4.1/../../../../arm-none-eabi/lib/armv7e-m/fpu\libc.a(lib_a-mprec.o)
                0x000043b8                __lo0bits
 .text.__i2b    0x00004414       0x14 c:/arduino/hardware/tools/arm/bin/../lib/gcc/arm-none-eabi/5.4.1/../../../../arm-none-eabi/lib/armv7e-m/fpu\libc.a(lib_a-mprec.o)
                0x00004414                __i2b
 .text.__multiply
                0x00004428      0x130 c:/arduino/hardware/tools/arm/bin/../lib/gcc/arm-none-eabi/5.4.1/../../../../arm-none-eabi/lib/armv7e-m/fpu\libc.a(lib_a-mprec.o)
                0x00004428                __multiply
 .text.__pow5mult
                0x00004558       0xa0 c:/arduino/hardware/tools/arm/bin/../lib/gcc/arm-none-eabi/5.4.1/../../../../arm-none-eabi/lib/armv7e-m/fpu\libc.a(lib_a-mprec.o)
                0x00004558                __pow5mult
 .text.__lshift
                0x000045f8       0xb0 c:/arduino/hardware/tools/arm/bin/../lib/gcc/arm-none-eabi/5.4.1/../../../../arm-none-eabi/lib/armv7e-m/fpu\libc.a(lib_a-mprec.o)
                0x000045f8                __lshift
 .text.__mcmp   0x000046a8       0x44 c:/arduino/hardware/tools/arm/bin/../lib/gcc/arm-none-eabi/5.4.1/../../../../arm-none-eabi/lib/armv7e-m/fpu\libc.a(lib_a-mprec.o)
                0x000046a8                __mcmp
 .text.__mdiff  0x000046ec      0x114 c:/arduino/hardware/tools/arm/bin/../lib/gcc/arm-none-eabi/5.4.1/../../../../arm-none-eabi/lib/armv7e-m/fpu\libc.a(lib_a-mprec.o)
                0x000046ec                __mdiff
 .text.__d2b    0x00004800       0xbc c:/arduino/hardware/tools/arm/bin/../lib/gcc/arm-none-eabi/5.4.1/../../../../arm-none-eabi/lib/armv7e-m/fpu\libc.a(lib_a-mprec.o)
                0x00004800                __d2b
 .text._realloc_r
                0x000048bc      0x3e0 c:/arduino/hardware/tools/arm/bin/../lib/gcc/arm-none-eabi/5.4.1/../../../../arm-none-eabi/lib/armv7e-m/fpu\libc.a(lib_a-reallocr.o)
                0x000048bc                _realloc_r
 .text._sbrk_r  0x00004c9c       0x24 c:/arduino/hardware/tools/arm/bin/../lib/gcc/arm-none-eabi/5.4.1/../../../../arm-none-eabi/lib/armv7e-m/fpu\libc.a(lib_a-sbrkr.o)
                0x00004c9c                _sbrk_r
 .text          0x00004cc0       0xdc c:/arduino/hardware/tools/arm/bin/../lib/gcc/arm-none-eabi/5.4.1/../../../../arm-none-eabi/lib/armv7e-m/fpu\libc.a(lib_a-strlen.o)
                0x00004cc0                strlen
 .text.strncmp  0x00004d9c       0xa0 c:/arduino/hardware/tools/arm/bin/../lib/gcc/arm-none-eabi/5.4.1/../../../../arm-none-eabi/lib/armv7e-m/fpu\libc.a(lib_a-strncmp.o)
                0x00004d9c                strncmp
 .text._vasnprintf_r
                0x00004e3c       0x60 c:/arduino/hardware/tools/arm/bin/../lib/gcc/arm-none-eabi/5.4.1/../../../../arm-none-eabi/lib/armv7e-m/fpu\libc.a(lib_a-vasnprintf.o)
                0x00004e3c                _vasnprintf_r
 .text.__ascii_wctomb
                0x00004e9c       0x1c c:/arduino/hardware/tools/arm/bin/../lib/gcc/arm-none-eabi/5.4.1/../../../../arm-none-eabi/lib/armv7e-m/fpu\libc.a(lib_a-wctomb_r.o)
                0x00004e9c                __ascii_wctomb
 .text._calloc_r
                0x00004eb8       0x60 c:/arduino/hardware/tools/arm/bin/../lib/gcc/arm-none-eabi/5.4.1/../../../../arm-none-eabi/lib/armv7e-m/fpu\libc.a(lib_a-callocr.o)
                0x00004eb8                _calloc_r
 .text.quorem   0x00004f18      0x128 c:/arduino/hardware/tools/arm/bin/../lib/gcc/arm-none-eabi/5.4.1/../../../../arm-none-eabi/lib/armv7e-m/fpu\libc.a(lib_a-dtoa.o)
 .text._dtoa_r  0x00005040      0xe34 c:/arduino/hardware/tools/arm/bin/../lib/gcc/arm-none-eabi/5.4.1/../../../../arm-none-eabi/lib/armv7e-m/fpu\libc.a(lib_a-dtoa.o)
                0x00005040                _dtoa_r
 .text.memmove  0x00005e74       0xc8 c:/arduino/hardware/tools/arm/bin/../lib/gcc/arm-none-eabi/5.4.1/../../../../arm-none-eabi/lib/armv7e-m/fpu\libc.a(lib_a-memmove.o)
                0x00005e74                memmove
 *fill*         0x00005f3c        0x4 ff
 .text._svfprintf_r
                0x00005f40     0x16e4 c:/arduino/hardware/tools/arm/bin/../lib/gcc/arm-none-eabi/5.4.1/../../../../arm-none-eabi/lib/armv7e-m/fpu\libc.a(lib_a-svfprintf.o)
                0x00005f40                _svfprintf_r
 *fill*         0x00007624        0xc ff
 .text          0x00007630       0xa0 c:/arduino/hardware/tools/arm/bin/../lib/gcc/arm-none-eabi/5.4.1/../../../../arm-none-eabi/lib/armv7e-m/fpu\libc.a(lib_a-memchr.o)
                0x00007630                memchr
 .text.__ssprint_r
                0x000076d0      0x100 c:/arduino/hardware/tools/arm/bin/../lib/gcc/arm-none-eabi/5.4.1/../../../../arm-none-eabi/lib/armv7e-m/fpu\libc.a(lib_a-svfiprintf.o)
                0x000076d0                __ssprint_r
 .text          0x000077d0      0x370 c:/arduino/hardware/tools/arm/bin/../lib/gcc/arm-none-eabi/5.4.1/armv7e-m/fpu\libgcc.a(_arm_addsubdf3.o)
                0x000077d0                __aeabi_drsub
                0x000077d8                __aeabi_dsub
                0x000077d8                __subdf3
                0x000077dc                __aeabi_dadd
                0x000077dc                __adddf3
                0x00007a54                __floatunsidf
                0x00007a54                __aeabi_ui2d
                0x00007a74                __floatsidf
                0x00007a74                __aeabi_i2d
                0x00007a98                __aeabi_f2d
                0x00007a98                __extendsfdf2
                0x00007ad4                __floatundidf
                0x00007ad4                __aeabi_ul2d
                0x00007ae4                __floatdidf
                0x00007ae4                __aeabi_l2d
 .text          0x00007b40      0x424 c:/arduino/hardware/tools/arm/bin/../lib/gcc/arm-none-eabi/5.4.1/armv7e-m/fpu\libgcc.a(_arm_muldivdf3.o)
                0x00007b40                __aeabi_dmul
                0x00007b40                __muldf3
                0x00007d94                __divdf3
                0x00007d94                __aeabi_ddiv
 .text          0x00007f64      0x110 c:/arduino/hardware/tools/arm/bin/../lib/gcc/arm-none-eabi/5.4.1/armv7e-m/fpu\libgcc.a(_arm_cmpdf2.o)
                0x00007f64                __gtdf2
                0x00007f64                __gedf2
                0x00007f6c                __ltdf2
                0x00007f6c                __ledf2
                0x00007f74                __nedf2
                0x00007f74                __eqdf2
                0x00007f74                __cmpdf2
                0x00007ff0                __aeabi_cdrcmple
                0x00008000                __aeabi_cdcmpeq
                0x00008000                __aeabi_cdcmple
                0x00008010                __aeabi_dcmpeq
                0x00008024                __aeabi_dcmplt
                0x00008038                __aeabi_dcmple
                0x0000804c                __aeabi_dcmpge
                0x00008060                __aeabi_dcmpgt
 .text          0x00008074       0x2c c:/arduino/hardware/tools/arm/bin/../lib/gcc/arm-none-eabi/5.4.1/armv7e-m/fpu\libgcc.a(_arm_unorddf2.o)
                0x00008074                __unorddf2
                0x00008074                __aeabi_dcmpun
 .text          0x000080a0       0x50 c:/arduino/hardware/tools/arm/bin/../lib/gcc/arm-none-eabi/5.4.1/armv7e-m/fpu\libgcc.a(_arm_fixdfsi.o)
                0x000080a0                __aeabi_d2iz
                0x000080a0                __fixdfsi
 .text          0x000080f0       0x30 c:/arduino/hardware/tools/arm/bin/../lib/gcc/arm-none-eabi/5.4.1/armv7e-m/fpu\libgcc.a(_aeabi_uldivmod.o)
                0x000080f0                __aeabi_uldivmod
 .text          0x00008120      0x2e4 c:/arduino/hardware/tools/arm/bin/../lib/gcc/arm-none-eabi/5.4.1/armv7e-m/fpu\libgcc.a(_udivmoddi4.o)
                0x00008120                __udivmoddi4
 .text          0x00008404        0x4 c:/arduino/hardware/tools/arm/bin/../lib/gcc/arm-none-eabi/5.4.1/armv7e-m/fpu\libgcc.a(_dvmd_tls.o)
                0x00008404                __aeabi_idiv0
                0x00008404                __aeabi_ldiv0
 .text.malloc   0x00008408       0x10 c:/arduino/hardware/tools/arm/bin/../lib/gcc/arm-none-eabi/5.4.1/../../../../arm-none-eabi/lib/armv7e-m/fpu\libc.a(lib_a-malloc.o)
                0x00008408                malloc
 .text.free     0x00008418       0x10 c:/arduino/hardware/tools/arm/bin/../lib/gcc/arm-none-eabi/5.4.1/../../../../arm-none-eabi/lib/armv7e-m/fpu\libc.a(lib_a-malloc.o)
                0x00008418                free
 .text.snprintf
                0x00008428       0x9c c:/arduino/hardware/tools/arm/bin/../lib/gcc/arm-none-eabi/5.4.1/../../../../arm-none-eabi/lib/armv7e-m/fpu\libc.a(lib_a-snprintf.o)
                0x00008428                snprintf
 .text.strncpy  0x000084c4       0x68 c:/arduino/hardware/tools/arm/bin/../lib/gcc/arm-none-eabi/5.4.1/../../../../arm-none-eabi/lib/armv7e-m/fpu\libc.a(lib_a-strncpy.o)
                0x000084c4                strncpy
 .text._vsnprintf_r
                0x0000852c       0x74 c:/arduino/hardware/tools/arm/bin/../lib/gcc/arm-none-eabi/5.4.1/../../../../arm-none-eabi/lib/armv7e-m/fpu\libc.a(lib_a-vsnprintf.o)
                0x0000852c                _vsnprintf_r
 .text.vsnprintf
                0x000085a0       0x20 c:/arduino/hardware/tools/arm/bin/../lib/gcc/arm-none-eabi/5.4.1/../../../../arm-none-eabi/lib/armv7e-m/fpu\libc.a(lib_a-vsnprintf.o)
                0x000085a0                vsnprintf
 *(.rodata*)
 .rodata        0x000085c0       0x20 C:\Users\Max\AppData\Local\Temp\ccEtprEy.ltrans1.ltrans.o
                0x000085c8                vtable for MaintenanceComm
 .rodata.str1.1
                0x000085e0       0x1e C:\Users\Max\AppData\Local\Temp\ccEtprEy.ltrans1.ltrans.o
 .rodata        0x000085fe       0x24 C:\Users\Max\AppData\Local\Temp\ccEtprEy.ltrans2.ltrans.o
                0x0000861e                usb_endpoint_config_table
 .rodata.str1.1
                0x00008622       0x53 C:\Users\Max\AppData\Local\Temp\ccEtprEy.ltrans2.ltrans.o
                                 0x5b (size before relaxing)
 .rodata.str1.1
                0x00008675      0x19e C:\Users\Max\AppData\Local\Temp\ccEtprEy.ltrans3.ltrans.o
                                0x1a9 (size before relaxing)
 *fill*         0x00008813        0x1 ff
 .rodata        0x00008814       0x54 C:\Users\Max\AppData\Local\Temp\ccEtprEy.ltrans4.ltrans.o
 .rodata        0x00008868      0x278 C:\Users\Max\AppData\Local\Temp\ccEtprEy.ltrans5.ltrans.o
                0x00008868                vtable for Task
                0x00008880                digital_pin_to_info_PGM
 .rodata.str1.1
                0x00008ae0        0x4 C:\Users\Max\AppData\Local\Temp\ccEtprEy.ltrans5.ltrans.o
                                 0x40 (size before relaxing)
 .rodata        0x00008ae4      0x184 C:\Users\Max\AppData\Local\Temp\ccEtprEy.ltrans6.ltrans.o
                0x00008ae4                vtable for AboutCommand
                0x00008af8                vtable for LedModeCommand
                0x00008b0c                vtable for StatCommand
                0x00008b40                vtable for LedModeControl
                0x00008b58                vtable for SMOff
                0x00008b74                vtable for SMWhite
                0x00008b90                vtable for SMColor
                0x00008bac                vtable for SMColorPulse
                0x00008bc8                vtable for SMRainbowCycle
                0x00008be4                vtable for SMWhiteOverRainbow
                0x00008c20                vtable for ConsoleCtrl
                0x00008c38                vtable for Command
                0x00008c4c                vtable for StateMachine
 .rodata.str1.1
                0x00008c68       0x38 C:\Users\Max\AppData\Local\Temp\ccEtprEy.ltrans6.ltrans.o
 .rodata._global_impure_ptr
                0x00008ca0        0x4 c:/arduino/hardware/tools/arm/bin/../lib/gcc/arm-none-eabi/5.4.1/../../../../arm-none-eabi/lib/armv7e-m/fpu\libc.a(lib_a-impure.o)
                0x00008ca0                _global_impure_ptr
 .rodata.str1.4
                0x00008ca4        0xe c:/arduino/hardware/tools/arm/bin/../lib/gcc/arm-none-eabi/5.4.1/../../../../arm-none-eabi/lib/armv7e-m/fpu\libc.a(lib_a-locale.o)
                                 0x12 (size before relaxing)
 *fill*         0x00008cb2        0x6 ff
 .rodata.__mprec_tens
                0x00008cb8       0xc8 c:/arduino/hardware/tools/arm/bin/../lib/gcc/arm-none-eabi/5.4.1/../../../../arm-none-eabi/lib/armv7e-m/fpu\libc.a(lib_a-mprec.o)
                0x00008cb8                __mprec_tens
 .rodata.__mprec_bigtens
                0x00008d80       0x28 c:/arduino/hardware/tools/arm/bin/../lib/gcc/arm-none-eabi/5.4.1/../../../../arm-none-eabi/lib/armv7e-m/fpu\libc.a(lib_a-mprec.o)
                0x00008d80                __mprec_bigtens
 .rodata.p05.6087
                0x00008da8        0xc c:/arduino/hardware/tools/arm/bin/../lib/gcc/arm-none-eabi/5.4.1/../../../../arm-none-eabi/lib/armv7e-m/fpu\libc.a(lib_a-mprec.o)
 .rodata._ctype_
                0x00008db4      0x101 c:/arduino/hardware/tools/arm/bin/../lib/gcc/arm-none-eabi/5.4.1/../../../../arm-none-eabi/lib/armv7e-m/fpu\libc.a(lib_a-ctype_.o)
                0x00008db4                _ctype_
 *fill*         0x00008eb5        0x3 ff
 .rodata.str1.4
                0x00008eb8       0x12 c:/arduino/hardware/tools/arm/bin/../lib/gcc/arm-none-eabi/5.4.1/../../../../arm-none-eabi/lib/armv7e-m/fpu\libc.a(lib_a-dtoa.o)
 *fill*         0x00008eca        0x2 ff
 .rodata.zeroes.7258
                0x00008ecc       0x10 c:/arduino/hardware/tools/arm/bin/../lib/gcc/arm-none-eabi/5.4.1/../../../../arm-none-eabi/lib/armv7e-m/fpu\libc.a(lib_a-svfprintf.o)
 .rodata.str1.4
                0x00008edc       0x40 c:/arduino/hardware/tools/arm/bin/../lib/gcc/arm-none-eabi/5.4.1/../../../../arm-none-eabi/lib/armv7e-m/fpu\libc.a(lib_a-svfprintf.o)
                                 0x42 (size before relaxing)
 .rodata.blanks.7257
                0x00008f1c       0x10 c:/arduino/hardware/tools/arm/bin/../lib/gcc/arm-none-eabi/5.4.1/../../../../arm-none-eabi/lib/armv7e-m/fpu\libc.a(lib_a-svfprintf.o)
                0x00008f2c                . = ALIGN (0x4)
 *(.init)
 .init          0x00008f2c        0x4 c:/arduino/hardware/tools/arm/bin/../lib/gcc/arm-none-eabi/5.4.1/armv7e-m/fpu/crti.o
                0x00008f2c                _init
 .init          0x00008f30        0x8 c:/arduino/hardware/tools/arm/bin/../lib/gcc/arm-none-eabi/5.4.1/armv7e-m/fpu/crtn.o
                0x00008f38                . = ALIGN (0x4)
                0x00008f38                __preinit_array_start = .
 *(.preinit_array)
                0x00008f38                __preinit_array_end = .
                0x00008f38                __init_array_start = .
 *(SORT(.init_array.*))
 .init_array.00000
                0x00008f38        0x4 c:/arduino/hardware/tools/arm/bin/../lib/gcc/arm-none-eabi/5.4.1/../../../../arm-none-eabi/lib/armv7e-m/fpu\libc.a(lib_a-__call_atexit.o)
 *(.init_array)
 .init_array    0x00008f3c        0x4 c:/arduino/hardware/tools/arm/bin/../lib/gcc/arm-none-eabi/5.4.1/armv7e-m/fpu/crtbegin.o
 .init_array    0x00008f40        0x4 C:\Users\Max\AppData\Local\Temp\ccEtprEy.ltrans6.ltrans.o
                0x00008f44                __init_array_end = .

.glue_7         0x00008f44        0x0
 .glue_7        0x00008f44        0x0 linker stubs

.glue_7t        0x00008f44        0x0
 .glue_7t       0x00008f44        0x0 linker stubs

.vfp11_veneer   0x00008f44        0x0
 .vfp11_veneer  0x00008f44        0x0 linker stubs

.v4_bx          0x00008f44        0x0
 .v4_bx         0x00008f44        0x0 linker stubs

.fini           0x00008f44        0x4
 .fini          0x00008f44        0x4 c:/arduino/hardware/tools/arm/bin/../lib/gcc/arm-none-eabi/5.4.1/armv7e-m/fpu/crti.o
                0x00008f44                _fini

.iplt           0x00008f48        0x0
 .iplt          0x00008f48        0x0 c:/arduino/hardware/tools/arm/bin/../lib/gcc/arm-none-eabi/5.4.1/armv7e-m/fpu/crtbegin.o

.eh_frame       0x00008f48        0x0
 .eh_frame      0x00008f48        0x0 c:/arduino/hardware/tools/arm/bin/../lib/gcc/arm-none-eabi/5.4.1/armv7e-m/fpu/crtbegin.o

.ARM.exidx      0x00008f48        0x8
                0x00008f48                __exidx_start = .
 *(.ARM.exidx* .gnu.linkonce.armexidx.*)
 .ARM.exidx     0x00008f48        0x8 c:/arduino/hardware/tools/arm/bin/../lib/gcc/arm-none-eabi/5.4.1/armv7e-m/fpu\libgcc.a(_udivmoddi4.o)
                0x00008f50                __exidx_end = .
                0x00008f50                _etext = .

.rel.dyn        0x00008f50        0x0
 .rel.iplt      0x00008f50        0x0 c:/arduino/hardware/tools/arm/bin/../lib/gcc/arm-none-eabi/5.4.1/armv7e-m/fpu/crtbegin.o

.usbdescriptortable
                0x1fff0000       0xa0
                0x1fff0000                . = ALIGN (0x200)
 *(.usbdescriptortable*)
 .usbdescriptortable
                0x1fff0000       0xa0 C:\Users\Max\AppData\Local\Temp\ccEtprEy.ltrans5.ltrans.o
                0x1fff0000                table.lto_priv.101

.dmabuffers     0x1fff0200      0x1d0
                0x1fff0200                . = ALIGN (0x4)
 *(.dmabuffers*)
 .dmabuffers    0x1fff0200      0x1d0 C:\Users\Max\AppData\Local\Temp\ccEtprEy.ltrans4.ltrans.o
                0x1fff0200                _VectorsRam

.usbbuffers     0x1fff03d0      0x360
                0x1fff03d0                . = ALIGN (0x4)
 *(.usbbuffers*)
 .usbbuffers    0x1fff03d0      0x360 C:\Users\Max\AppData\Local\Temp\ccEtprEy.ltrans2.ltrans.o
                0x1fff03d0                usb_buffer_memory

.data           0x1fff0730      0xab0 load address 0x00008f50
                0x1fff0730                . = ALIGN (0x4)
                0x1fff0730                _sdata = .
 *(.fastrun*)
 *(.data*)
 .data          0x1fff0730        0x4 c:/arduino/hardware/tools/arm/bin/../lib/gcc/arm-none-eabi/5.4.1/armv7e-m/fpu/crtbegin.o
                0x1fff0730                __dso_handle
 .data          0x1fff0734       0x10 C:\Users\Max\AppData\Local\Temp\ccEtprEy.ltrans0.ltrans.o
 .data          0x1fff0744        0x1 C:\Users\Max\AppData\Local\Temp\ccEtprEy.ltrans1.ltrans.o
 *fill*         0x1fff0745        0x3 
 .data          0x1fff0748       0x1c C:\Users\Max\AppData\Local\Temp\ccEtprEy.ltrans2.ltrans.o
                0x1fff0748                usb_string_serial_number
                0x1fff0748                usb_string_serial_number_default
 .data          0x1fff0764       0x8f C:\Users\Max\AppData\Local\Temp\ccEtprEy.ltrans4.ltrans.o
 *fill*         0x1fff07f3        0x1 
 .data          0x1fff07f4       0x11 C:\Users\Max\AppData\Local\Temp\ccEtprEy.ltrans5.ltrans.o
                0x1fff07f4                Serial5
 *fill*         0x1fff0805        0x3 
 .data          0x1fff0808       0x30 C:\Users\Max\AppData\Local\Temp\ccEtprEy.ltrans6.ltrans.o
                0x1fff0808                cmdList
 .data.impure_data
                0x1fff0838      0x428 c:/arduino/hardware/tools/arm/bin/../lib/gcc/arm-none-eabi/5.4.1/../../../../arm-none-eabi/lib/armv7e-m/fpu\libc.a(lib_a-impure.o)
 .data._impure_ptr
                0x1fff0c60        0x4 c:/arduino/hardware/tools/arm/bin/../lib/gcc/arm-none-eabi/5.4.1/../../../../arm-none-eabi/lib/armv7e-m/fpu\libc.a(lib_a-impure.o)
                0x1fff0c60                _impure_ptr
 .data.__global_locale
                0x1fff0c64      0x16c c:/arduino/hardware/tools/arm/bin/../lib/gcc/arm-none-eabi/5.4.1/../../../../arm-none-eabi/lib/armv7e-m/fpu\libc.a(lib_a-locale.o)
                0x1fff0c64                __global_locale
 .data.__malloc_av_
                0x1fff0dd0      0x408 c:/arduino/hardware/tools/arm/bin/../lib/gcc/arm-none-eabi/5.4.1/../../../../arm-none-eabi/lib/armv7e-m/fpu\libc.a(lib_a-mallocr.o)
                0x1fff0dd0                __malloc_av_
 .data.__malloc_trim_threshold
                0x1fff11d8        0x4 c:/arduino/hardware/tools/arm/bin/../lib/gcc/arm-none-eabi/5.4.1/../../../../arm-none-eabi/lib/armv7e-m/fpu\libc.a(lib_a-mallocr.o)
                0x1fff11d8                __malloc_trim_threshold
 .data.__malloc_sbrk_base
                0x1fff11dc        0x4 c:/arduino/hardware/tools/arm/bin/../lib/gcc/arm-none-eabi/5.4.1/../../../../arm-none-eabi/lib/armv7e-m/fpu\libc.a(lib_a-mallocr.o)
                0x1fff11dc                __malloc_sbrk_base
                0x1fff11e0                . = ALIGN (0x4)
                0x1fff11e0                _edata = .

.jcr            0x1fff11e0        0x0 load address 0x00009a00
 .jcr           0x1fff11e0        0x0 c:/arduino/hardware/tools/arm/bin/../lib/gcc/arm-none-eabi/5.4.1/armv7e-m/fpu/crtbegin.o

.igot.plt       0x1fff11e0        0x0 load address 0x00009a00
 .igot.plt      0x1fff11e0        0x0 c:/arduino/hardware/tools/arm/bin/../lib/gcc/arm-none-eabi/5.4.1/armv7e-m/fpu/crtbegin.o

.noinit
 *(.noinit*)

.bss            0x1fff11e0      0x47c load address 0x00009a00
                0x1fff11e0                . = ALIGN (0x4)
                0x1fff11e0                _sbss = .
                0x1fff11e0                __bss_start__ = .
 *(.bss*)
 .bss           0x1fff11e0       0x1c c:/arduino/hardware/tools/arm/bin/../lib/gcc/arm-none-eabi/5.4.1/armv7e-m/fpu/crtbegin.o
 .bss           0x1fff11fc       0x76 C:\Users\Max\AppData\Local\Temp\ccEtprEy.ltrans0.ltrans.o
                0x1fff1208                tx_buffer_head.lto_priv.112
                0x1fff1209                tx_buffer_tail.lto_priv.109
                0x1fff120a                rx_buffer_tail.lto_priv.96
                0x1fff120b                rx_buffer_head.lto_priv.90
                0x1fff120c                rts_pin.lto_priv.106
                0x1fff1210                rx_buffer.lto_priv.103
                0x1fff1250                transmitting.lto_priv.118
                0x1fff1254                transmit_pin.lto_priv.121
                0x1fff1259                rx_buffer_head.lto_priv.91
                0x1fff125a                rx_buffer_tail.lto_priv.97
                0x1fff125b                rx_buffer_head.lto_priv.87
                0x1fff125c                rx_buffer_tail.lto_priv.93
                0x1fff125d                rx_buffer_head.lto_priv.88
                0x1fff125e                rx_buffer_tail.lto_priv.94
                0x1fff125f                rx_buffer_head.lto_priv.89
                0x1fff1260                rx_buffer_tail.lto_priv.95
                0x1fff1261                rx_buffer_head.lto_priv.92
                0x1fff1262                rx_buffer_tail.lto_priv.98
                0x1fff126a                usb_rx_byte_count_data
 *fill*         0x1fff1272        0x2 
 .bss           0x1fff1274        0xb C:\Users\Max\AppData\Local\Temp\ccEtprEy.ltrans1.ltrans.o
                0x1fff1275                calibrating.lto_priv.102
 *fill*         0x1fff127f        0x1 
 .bss           0x1fff1280      0x126 C:\Users\Max\AppData\Local\Temp\ccEtprEy.ltrans2.ltrans.o
                0x1fff136e                tx_buffer.lto_priv.115
                0x1fff13a4                usb_rx_memory_needed
                0x1fff13a5                usb_configuration
 *fill*         0x1fff13a6        0x2 
 .bss           0x1fff13a8      0x210 C:\Users\Max\AppData\Local\Temp\ccEtprEy.ltrans4.ltrans.o
 .bss           0x1fff15b8       0x2c C:\Users\Max\AppData\Local\Temp\ccEtprEy.ltrans5.ltrans.o
                0x1fff15ba                tx_state.lto_priv.125
                0x1fff15c0                tx_first.lto_priv.124
                0x1fff15d0                tx_last.lto_priv.126
                0x1fff15e0                systick_millis_count
 .bss           0x1fff15e4       0x40 C:\Users\Max\AppData\Local\Temp\ccEtprEy.ltrans6.ltrans.o
                0x1fff15ec                strips
                0x1fff1610                taskList
 .bss.__malloc_max_total_mem
                0x1fff1624        0x4 c:/arduino/hardware/tools/arm/bin/../lib/gcc/arm-none-eabi/5.4.1/../../../../arm-none-eabi/lib/armv7e-m/fpu\libc.a(lib_a-mallocr.o)
                0x1fff1624                __malloc_max_total_mem
 .bss.__malloc_max_sbrked_mem
                0x1fff1628        0x4 c:/arduino/hardware/tools/arm/bin/../lib/gcc/arm-none-eabi/5.4.1/../../../../arm-none-eabi/lib/armv7e-m/fpu\libc.a(lib_a-mallocr.o)
                0x1fff1628                __malloc_max_sbrked_mem
 .bss.__malloc_top_pad
                0x1fff162c        0x4 c:/arduino/hardware/tools/arm/bin/../lib/gcc/arm-none-eabi/5.4.1/../../../../arm-none-eabi/lib/armv7e-m/fpu\libc.a(lib_a-mallocr.o)
                0x1fff162c                __malloc_top_pad
 .bss.__malloc_current_mallinfo
                0x1fff1630       0x28 c:/arduino/hardware/tools/arm/bin/../lib/gcc/arm-none-eabi/5.4.1/../../../../arm-none-eabi/lib/armv7e-m/fpu\libc.a(lib_a-mallocr.o)
                0x1fff1630                __malloc_current_mallinfo
 *(COMMON)
 COMMON         0x1fff1658        0x4 c:/arduino/hardware/tools/arm/bin/../lib/gcc/arm-none-eabi/5.4.1/../../../../arm-none-eabi/lib/armv7e-m/fpu\libc.a(lib_a-reent.o)
                0x1fff1658                errno
                0x1fff165c                . = ALIGN (0x4)
                0x1fff165c                _ebss = .
                0x1fff165c                __bss_end = .
                0x1fff165c                __bss_end__ = .
                0x20030000                _estack = (ORIGIN (RAM) + LENGTH (RAM))
OUTPUT(bins/LEDBoard.elf elf32-littlearm)

.ARM.attributes
                0x00000000       0x30
 .ARM.attributes
                0x00000000       0x22 c:/arduino/hardware/tools/arm/bin/../lib/gcc/arm-none-eabi/5.4.1/armv7e-m/fpu/crti.o
 .ARM.attributes
                0x00000022       0x34 c:/arduino/hardware/tools/arm/bin/../lib/gcc/arm-none-eabi/5.4.1/armv7e-m/fpu/crtbegin.o
 .ARM.attributes
                0x00000056       0x37 C:\Users\Max\AppData\Local\Temp\ccEtprEy.ltrans0.ltrans.o
 .ARM.attributes
                0x0000008d       0x37 C:\Users\Max\AppData\Local\Temp\ccEtprEy.ltrans1.ltrans.o
 .ARM.attributes
                0x000000c4       0x37 C:\Users\Max\AppData\Local\Temp\ccEtprEy.ltrans2.ltrans.o
 .ARM.attributes
                0x000000fb       0x37 C:\Users\Max\AppData\Local\Temp\ccEtprEy.ltrans3.ltrans.o
 .ARM.attributes
                0x00000132       0x37 C:\Users\Max\AppData\Local\Temp\ccEtprEy.ltrans4.ltrans.o
 .ARM.attributes
                0x00000169       0x37 C:\Users\Max\AppData\Local\Temp\ccEtprEy.ltrans5.ltrans.o
 .ARM.attributes
                0x000001a0       0x37 C:\Users\Max\AppData\Local\Temp\ccEtprEy.ltrans6.ltrans.o
 .ARM.attributes
                0x000001d7       0x25 teensy3/memcpy-armv7m.o
 .ARM.attributes
                0x000001fc       0x25 teensy3/memset.o
 .ARM.attributes
                0x00000221       0x34 c:/arduino/hardware/tools/arm/bin/../lib/gcc/arm-none-eabi/5.4.1/../../../../arm-none-eabi/lib/armv7e-m/fpu\libc.a(lib_a-aeabi_atexit.o)
 .ARM.attributes
                0x00000255       0x34 c:/arduino/hardware/tools/arm/bin/../lib/gcc/arm-none-eabi/5.4.1/../../../../arm-none-eabi/lib/armv7e-m/fpu\libc.a(lib_a-cxa_atexit.o)
 .ARM.attributes
                0x00000289       0x34 c:/arduino/hardware/tools/arm/bin/../lib/gcc/arm-none-eabi/5.4.1/../../../../arm-none-eabi/lib/armv7e-m/fpu\libc.a(lib_a-errno.o)
 .ARM.attributes
                0x000002bd       0x34 c:/arduino/hardware/tools/arm/bin/../lib/gcc/arm-none-eabi/5.4.1/../../../../arm-none-eabi/lib/armv7e-m/fpu\libc.a(lib_a-impure.o)
 .ARM.attributes
                0x000002f1       0x34 c:/arduino/hardware/tools/arm/bin/../lib/gcc/arm-none-eabi/5.4.1/../../../../arm-none-eabi/lib/armv7e-m/fpu\libc.a(lib_a-init.o)
 .ARM.attributes
                0x00000325       0x34 c:/arduino/hardware/tools/arm/bin/../lib/gcc/arm-none-eabi/5.4.1/../../../../arm-none-eabi/lib/armv7e-m/fpu\libc.a(lib_a-strnlen.o)
 .ARM.attributes
                0x00000359       0x34 c:/arduino/hardware/tools/arm/bin/../lib/gcc/arm-none-eabi/5.4.1/../../../../arm-none-eabi/lib/armv7e-m/fpu\libc.a(lib_a-strtoul.o)
 .ARM.attributes
                0x0000038d       0x34 c:/arduino/hardware/tools/arm/bin/../lib/gcc/arm-none-eabi/5.4.1/../../../../arm-none-eabi/lib/armv7e-m/fpu\libc.a(lib_a-vdprintf.o)
 .ARM.attributes
                0x000003c1       0x34 c:/arduino/hardware/tools/arm/bin/../lib/gcc/arm-none-eabi/5.4.1/../../../../arm-none-eabi/lib/armv7e-m/fpu\libc.a(lib_a-writer.o)
 .ARM.attributes
                0x000003f5       0x34 c:/arduino/hardware/tools/arm/bin/../lib/gcc/arm-none-eabi/5.4.1/../../../../arm-none-eabi/lib/armv7e-m/fpu\libc.a(lib_a-__atexit.o)
 .ARM.attributes
                0x00000429       0x34 c:/arduino/hardware/tools/arm/bin/../lib/gcc/arm-none-eabi/5.4.1/../../../../arm-none-eabi/lib/armv7e-m/fpu\libc.a(lib_a-__call_atexit.o)
 .ARM.attributes
                0x0000045d       0x34 c:/arduino/hardware/tools/arm/bin/../lib/gcc/arm-none-eabi/5.4.1/../../../../arm-none-eabi/lib/armv7e-m/fpu\libc.a(lib_a-atexit.o)
 .ARM.attributes
                0x00000491       0x34 c:/arduino/hardware/tools/arm/bin/../lib/gcc/arm-none-eabi/5.4.1/../../../../arm-none-eabi/lib/armv7e-m/fpu\libc.a(lib_a-fini.o)
 .ARM.attributes
                0x000004c5       0x34 c:/arduino/hardware/tools/arm/bin/../lib/gcc/arm-none-eabi/5.4.1/../../../../arm-none-eabi/lib/armv7e-m/fpu\libc.a(lib_a-freer.o)
 .ARM.attributes
                0x000004f9       0x34 c:/arduino/hardware/tools/arm/bin/../lib/gcc/arm-none-eabi/5.4.1/../../../../arm-none-eabi/lib/armv7e-m/fpu\libc.a(lib_a-locale.o)
 .ARM.attributes
                0x0000052d       0x34 c:/arduino/hardware/tools/arm/bin/../lib/gcc/arm-none-eabi/5.4.1/../../../../arm-none-eabi/lib/armv7e-m/fpu\libc.a(lib_a-localeconv.o)
 .ARM.attributes
                0x00000561       0x34 c:/arduino/hardware/tools/arm/bin/../lib/gcc/arm-none-eabi/5.4.1/../../../../arm-none-eabi/lib/armv7e-m/fpu\libc.a(lib_a-mallocr.o)
 .ARM.attributes
                0x00000595       0x34 c:/arduino/hardware/tools/arm/bin/../lib/gcc/arm-none-eabi/5.4.1/../../../../arm-none-eabi/lib/armv7e-m/fpu\libc.a(lib_a-mbtowc_r.o)
 .ARM.attributes
                0x000005c9       0x34 c:/arduino/hardware/tools/arm/bin/../lib/gcc/arm-none-eabi/5.4.1/../../../../arm-none-eabi/lib/armv7e-m/fpu\libc.a(lib_a-mlock.o)
 .ARM.attributes
                0x000005fd       0x34 c:/arduino/hardware/tools/arm/bin/../lib/gcc/arm-none-eabi/5.4.1/../../../../arm-none-eabi/lib/armv7e-m/fpu\libc.a(lib_a-mprec.o)
 .ARM.attributes
                0x00000631       0x34 c:/arduino/hardware/tools/arm/bin/../lib/gcc/arm-none-eabi/5.4.1/../../../../arm-none-eabi/lib/armv7e-m/fpu\libc.a(lib_a-reallocr.o)
 .ARM.attributes
                0x00000665       0x34 c:/arduino/hardware/tools/arm/bin/../lib/gcc/arm-none-eabi/5.4.1/../../../../arm-none-eabi/lib/armv7e-m/fpu\libc.a(lib_a-reent.o)
 .ARM.attributes
                0x00000699       0x34 c:/arduino/hardware/tools/arm/bin/../lib/gcc/arm-none-eabi/5.4.1/../../../../arm-none-eabi/lib/armv7e-m/fpu\libc.a(lib_a-sbrkr.o)
 .ARM.attributes
                0x000006cd       0x20 c:/arduino/hardware/tools/arm/bin/../lib/gcc/arm-none-eabi/5.4.1/../../../../arm-none-eabi/lib/armv7e-m/fpu\libc.a(lib_a-strlen.o)
 .ARM.attributes
                0x000006ed       0x34 c:/arduino/hardware/tools/arm/bin/../lib/gcc/arm-none-eabi/5.4.1/../../../../arm-none-eabi/lib/armv7e-m/fpu\libc.a(lib_a-strncmp.o)
 .ARM.attributes
                0x00000721       0x34 c:/arduino/hardware/tools/arm/bin/../lib/gcc/arm-none-eabi/5.4.1/../../../../arm-none-eabi/lib/armv7e-m/fpu\libc.a(lib_a-vasnprintf.o)
 .ARM.attributes
                0x00000755       0x34 c:/arduino/hardware/tools/arm/bin/../lib/gcc/arm-none-eabi/5.4.1/../../../../arm-none-eabi/lib/armv7e-m/fpu\libc.a(lib_a-wctomb_r.o)
 .ARM.attributes
                0x00000789       0x34 c:/arduino/hardware/tools/arm/bin/../lib/gcc/arm-none-eabi/5.4.1/../../../../arm-none-eabi/lib/armv7e-m/fpu\libc.a(lib_a-callocr.o)
 .ARM.attributes
                0x000007bd       0x34 c:/arduino/hardware/tools/arm/bin/../lib/gcc/arm-none-eabi/5.4.1/../../../../arm-none-eabi/lib/armv7e-m/fpu\libc.a(lib_a-ctype_.o)
 .ARM.attributes
                0x000007f1       0x34 c:/arduino/hardware/tools/arm/bin/../lib/gcc/arm-none-eabi/5.4.1/../../../../arm-none-eabi/lib/armv7e-m/fpu\libc.a(lib_a-dtoa.o)
 .ARM.attributes
                0x00000825       0x34 c:/arduino/hardware/tools/arm/bin/../lib/gcc/arm-none-eabi/5.4.1/../../../../arm-none-eabi/lib/armv7e-m/fpu\libc.a(lib_a-memmove.o)
 .ARM.attributes
                0x00000859       0x34 c:/arduino/hardware/tools/arm/bin/../lib/gcc/arm-none-eabi/5.4.1/../../../../arm-none-eabi/lib/armv7e-m/fpu\libc.a(lib_a-svfprintf.o)
 .ARM.attributes
                0x0000088d       0x20 c:/arduino/hardware/tools/arm/bin/../lib/gcc/arm-none-eabi/5.4.1/../../../../arm-none-eabi/lib/armv7e-m/fpu\libc.a(lib_a-memchr.o)
 .ARM.attributes
                0x000008ad       0x34 c:/arduino/hardware/tools/arm/bin/../lib/gcc/arm-none-eabi/5.4.1/../../../../arm-none-eabi/lib/armv7e-m/fpu\libc.a(lib_a-svfiprintf.o)
 .ARM.attributes
                0x000008e1       0x22 c:/arduino/hardware/tools/arm/bin/../lib/gcc/arm-none-eabi/5.4.1/armv7e-m/fpu\libgcc.a(_arm_addsubdf3.o)
 .ARM.attributes
                0x00000903       0x22 c:/arduino/hardware/tools/arm/bin/../lib/gcc/arm-none-eabi/5.4.1/armv7e-m/fpu\libgcc.a(_arm_muldivdf3.o)
 .ARM.attributes
                0x00000925       0x22 c:/arduino/hardware/tools/arm/bin/../lib/gcc/arm-none-eabi/5.4.1/armv7e-m/fpu\libgcc.a(_arm_cmpdf2.o)
 .ARM.attributes
                0x00000947       0x22 c:/arduino/hardware/tools/arm/bin/../lib/gcc/arm-none-eabi/5.4.1/armv7e-m/fpu\libgcc.a(_arm_unorddf2.o)
 .ARM.attributes
                0x00000969       0x22 c:/arduino/hardware/tools/arm/bin/../lib/gcc/arm-none-eabi/5.4.1/armv7e-m/fpu\libgcc.a(_arm_fixdfsi.o)
 .ARM.attributes
                0x0000098b       0x22 c:/arduino/hardware/tools/arm/bin/../lib/gcc/arm-none-eabi/5.4.1/armv7e-m/fpu\libgcc.a(_aeabi_uldivmod.o)
 .ARM.attributes
                0x000009ad       0x34 c:/arduino/hardware/tools/arm/bin/../lib/gcc/arm-none-eabi/5.4.1/armv7e-m/fpu\libgcc.a(_udivmoddi4.o)
 .ARM.attributes
                0x000009e1       0x22 c:/arduino/hardware/tools/arm/bin/../lib/gcc/arm-none-eabi/5.4.1/armv7e-m/fpu\libgcc.a(_dvmd_tls.o)
 .ARM.attributes
                0x00000a03       0x22 c:/arduino/hardware/tools/arm/bin/../lib/gcc/arm-none-eabi/5.4.1/armv7e-m/fpu/crtn.o
 .ARM.attributes
                0x00000a25       0x34 c:/arduino/hardware/tools/arm/bin/../lib/gcc/arm-none-eabi/5.4.1/../../../../arm-none-eabi/lib/armv7e-m/fpu\libc.a(lib_a-malloc.o)
 .ARM.attributes
                0x00000a59       0x34 c:/arduino/hardware/tools/arm/bin/../lib/gcc/arm-none-eabi/5.4.1/../../../../arm-none-eabi/lib/armv7e-m/fpu\libc.a(lib_a-snprintf.o)
 .ARM.attributes
                0x00000a8d       0x34 c:/arduino/hardware/tools/arm/bin/../lib/gcc/arm-none-eabi/5.4.1/../../../../arm-none-eabi/lib/armv7e-m/fpu\libc.a(lib_a-strncpy.o)
 .ARM.attributes
                0x00000ac1       0x34 c:/arduino/hardware/tools/arm/bin/../lib/gcc/arm-none-eabi/5.4.1/../../../../arm-none-eabi/lib/armv7e-m/fpu\libc.a(lib_a-vsnprintf.o)

.comment        0x00000000       0x6e
 .comment       0x00000000       0x6e C:\Users\Max\AppData\Local\Temp\ccEtprEy.ltrans0.ltrans.o
                                 0x6f (size before relaxing)
 .comment       0x0000006e       0x6f C:\Users\Max\AppData\Local\Temp\ccEtprEy.ltrans1.ltrans.o
 .comment       0x0000006e       0x6f C:\Users\Max\AppData\Local\Temp\ccEtprEy.ltrans2.ltrans.o
 .comment       0x0000006e       0x6f C:\Users\Max\AppData\Local\Temp\ccEtprEy.ltrans3.ltrans.o
 .comment       0x0000006e       0x6f C:\Users\Max\AppData\Local\Temp\ccEtprEy.ltrans4.ltrans.o
 .comment       0x0000006e       0x6f C:\Users\Max\AppData\Local\Temp\ccEtprEy.ltrans5.ltrans.o
 .comment       0x0000006e       0x6f C:\Users\Max\AppData\Local\Temp\ccEtprEy.ltrans6.ltrans.o

.debug_line     0x00000000       0xeb
 .debug_line    0x00000000       0x93 teensy3/memcpy-armv7m.o
 .debug_line    0x00000093       0x58 teensy3/memset.o

.debug_info     0x00000000       0xad
 .debug_info    0x00000000       0x5a teensy3/memcpy-armv7m.o
 .debug_info    0x0000005a       0x53 teensy3/memset.o

.debug_abbrev   0x00000000       0x28
 .debug_abbrev  0x00000000       0x14 teensy3/memcpy-armv7m.o
 .debug_abbrev  0x00000014       0x14 teensy3/memset.o

.debug_aranges  0x00000000       0x40
 .debug_aranges
                0x00000000       0x20 teensy3/memcpy-armv7m.o
 .debug_aranges
                0x00000020       0x20 teensy3/memset.o

.debug_frame    0x00000000      0xc74
 .debug_frame   0x00000000       0x20 c:/arduino/hardware/tools/arm/bin/../lib/gcc/arm-none-eabi/5.4.1/../../../../arm-none-eabi/lib/armv7e-m/fpu\libc.a(lib_a-aeabi_atexit.o)
 .debug_frame   0x00000020       0x20 c:/arduino/hardware/tools/arm/bin/../lib/gcc/arm-none-eabi/5.4.1/../../../../arm-none-eabi/lib/armv7e-m/fpu\libc.a(lib_a-cxa_atexit.o)
 .debug_frame   0x00000040       0x20 c:/arduino/hardware/tools/arm/bin/../lib/gcc/arm-none-eabi/5.4.1/../../../../arm-none-eabi/lib/armv7e-m/fpu\libc.a(lib_a-errno.o)
 .debug_frame   0x00000060       0x2c c:/arduino/hardware/tools/arm/bin/../lib/gcc/arm-none-eabi/5.4.1/../../../../arm-none-eabi/lib/armv7e-m/fpu\libc.a(lib_a-init.o)
 .debug_frame   0x0000008c       0x30 c:/arduino/hardware/tools/arm/bin/../lib/gcc/arm-none-eabi/5.4.1/../../../../arm-none-eabi/lib/armv7e-m/fpu\libc.a(lib_a-strnlen.o)
 .debug_frame   0x000000bc       0x98 c:/arduino/hardware/tools/arm/bin/../lib/gcc/arm-none-eabi/5.4.1/../../../../arm-none-eabi/lib/armv7e-m/fpu\libc.a(lib_a-strtoul.o)
 .debug_frame   0x00000154       0x54 c:/arduino/hardware/tools/arm/bin/../lib/gcc/arm-none-eabi/5.4.1/../../../../arm-none-eabi/lib/armv7e-m/fpu\libc.a(lib_a-vdprintf.o)
 .debug_frame   0x000001a8       0x2c c:/arduino/hardware/tools/arm/bin/../lib/gcc/arm-none-eabi/5.4.1/../../../../arm-none-eabi/lib/armv7e-m/fpu\libc.a(lib_a-writer.o)
 .debug_frame   0x000001d4       0x34 c:/arduino/hardware/tools/arm/bin/../lib/gcc/arm-none-eabi/5.4.1/../../../../arm-none-eabi/lib/armv7e-m/fpu\libc.a(lib_a-__atexit.o)
 .debug_frame   0x00000208       0x50 c:/arduino/hardware/tools/arm/bin/../lib/gcc/arm-none-eabi/5.4.1/../../../../arm-none-eabi/lib/armv7e-m/fpu\libc.a(lib_a-__call_atexit.o)
 .debug_frame   0x00000258       0x20 c:/arduino/hardware/tools/arm/bin/../lib/gcc/arm-none-eabi/5.4.1/../../../../arm-none-eabi/lib/armv7e-m/fpu\libc.a(lib_a-atexit.o)
 .debug_frame   0x00000278       0x34 c:/arduino/hardware/tools/arm/bin/../lib/gcc/arm-none-eabi/5.4.1/../../../../arm-none-eabi/lib/armv7e-m/fpu\libc.a(lib_a-fini.o)
 .debug_frame   0x000002ac       0x74 c:/arduino/hardware/tools/arm/bin/../lib/gcc/arm-none-eabi/5.4.1/../../../../arm-none-eabi/lib/armv7e-m/fpu\libc.a(lib_a-freer.o)
 .debug_frame   0x00000320       0x84 c:/arduino/hardware/tools/arm/bin/../lib/gcc/arm-none-eabi/5.4.1/../../../../arm-none-eabi/lib/armv7e-m/fpu\libc.a(lib_a-locale.o)
 .debug_frame   0x000003a4       0x40 c:/arduino/hardware/tools/arm/bin/../lib/gcc/arm-none-eabi/5.4.1/../../../../arm-none-eabi/lib/armv7e-m/fpu\libc.a(lib_a-localeconv.o)
 .debug_frame   0x000003e4       0x58 c:/arduino/hardware/tools/arm/bin/../lib/gcc/arm-none-eabi/5.4.1/../../../../arm-none-eabi/lib/armv7e-m/fpu\libc.a(lib_a-mallocr.o)
 .debug_frame   0x0000043c       0x4c c:/arduino/hardware/tools/arm/bin/../lib/gcc/arm-none-eabi/5.4.1/../../../../arm-none-eabi/lib/armv7e-m/fpu\libc.a(lib_a-mbtowc_r.o)
 .debug_frame   0x00000488       0x30 c:/arduino/hardware/tools/arm/bin/../lib/gcc/arm-none-eabi/5.4.1/../../../../arm-none-eabi/lib/armv7e-m/fpu\libc.a(lib_a-mlock.o)
 .debug_frame   0x000004b8      0x264 c:/arduino/hardware/tools/arm/bin/../lib/gcc/arm-none-eabi/5.4.1/../../../../arm-none-eabi/lib/armv7e-m/fpu\libc.a(lib_a-mprec.o)
 .debug_frame   0x0000071c       0x60 c:/arduino/hardware/tools/arm/bin/../lib/gcc/arm-none-eabi/5.4.1/../../../../arm-none-eabi/lib/armv7e-m/fpu\libc.a(lib_a-reallocr.o)
 .debug_frame   0x0000077c       0x58 c:/arduino/hardware/tools/arm/bin/../lib/gcc/arm-none-eabi/5.4.1/../../../../arm-none-eabi/lib/armv7e-m/fpu\libc.a(lib_a-reent.o)
 .debug_frame   0x000007d4       0x2c c:/arduino/hardware/tools/arm/bin/../lib/gcc/arm-none-eabi/5.4.1/../../../../arm-none-eabi/lib/armv7e-m/fpu\libc.a(lib_a-sbrkr.o)
 .debug_frame   0x00000800       0x54 c:/arduino/hardware/tools/arm/bin/../lib/gcc/arm-none-eabi/5.4.1/../../../../arm-none-eabi/lib/armv7e-m/fpu\libc.a(lib_a-strncmp.o)
 .debug_frame   0x00000854       0x54 c:/arduino/hardware/tools/arm/bin/../lib/gcc/arm-none-eabi/5.4.1/../../../../arm-none-eabi/lib/armv7e-m/fpu\libc.a(lib_a-vasnprintf.o)
 .debug_frame   0x000008a8       0x3c c:/arduino/hardware/tools/arm/bin/../lib/gcc/arm-none-eabi/5.4.1/../../../../arm-none-eabi/lib/armv7e-m/fpu\libc.a(lib_a-wctomb_r.o)
 .debug_frame   0x000008e4       0x28 c:/arduino/hardware/tools/arm/bin/../lib/gcc/arm-none-eabi/5.4.1/../../../../arm-none-eabi/lib/armv7e-m/fpu\libc.a(lib_a-callocr.o)
 .debug_frame   0x0000090c       0x88 c:/arduino/hardware/tools/arm/bin/../lib/gcc/arm-none-eabi/5.4.1/../../../../arm-none-eabi/lib/armv7e-m/fpu\libc.a(lib_a-dtoa.o)
 .debug_frame   0x00000994       0x30 c:/arduino/hardware/tools/arm/bin/../lib/gcc/arm-none-eabi/5.4.1/../../../../arm-none-eabi/lib/armv7e-m/fpu\libc.a(lib_a-memmove.o)
 .debug_frame   0x000009c4       0x44 c:/arduino/hardware/tools/arm/bin/../lib/gcc/arm-none-eabi/5.4.1/../../../../arm-none-eabi/lib/armv7e-m/fpu\libc.a(lib_a-svfprintf.o)
 .debug_frame   0x00000a08       0x78 c:/arduino/hardware/tools/arm/bin/../lib/gcc/arm-none-eabi/5.4.1/../../../../arm-none-eabi/lib/armv7e-m/fpu\libc.a(lib_a-svfiprintf.o)
 .debug_frame   0x00000a80       0x2c c:/arduino/hardware/tools/arm/bin/../lib/gcc/arm-none-eabi/5.4.1/armv7e-m/fpu\libgcc.a(_aeabi_uldivmod.o)
 .debug_frame   0x00000aac       0x34 c:/arduino/hardware/tools/arm/bin/../lib/gcc/arm-none-eabi/5.4.1/armv7e-m/fpu\libgcc.a(_udivmoddi4.o)
 .debug_frame   0x00000ae0       0x30 c:/arduino/hardware/tools/arm/bin/../lib/gcc/arm-none-eabi/5.4.1/../../../../arm-none-eabi/lib/armv7e-m/fpu\libc.a(lib_a-malloc.o)
 .debug_frame   0x00000b10       0xd0 c:/arduino/hardware/tools/arm/bin/../lib/gcc/arm-none-eabi/5.4.1/../../../../arm-none-eabi/lib/armv7e-m/fpu\libc.a(lib_a-snprintf.o)
 .debug_frame   0x00000be0       0x34 c:/arduino/hardware/tools/arm/bin/../lib/gcc/arm-none-eabi/5.4.1/../../../../arm-none-eabi/lib/armv7e-m/fpu\libc.a(lib_a-strncpy.o)
 .debug_frame   0x00000c14       0x60 c:/arduino/hardware/tools/arm/bin/../lib/gcc/arm-none-eabi/5.4.1/../../../../arm-none-eabi/lib/armv7e-m/fpu\libc.a(lib_a-vsnprintf.o)
