Archive member included to satisfy reference by file (symbol)

c:/arduino/hardware/tools/arm/bin/../lib/gcc/arm-none-eabi/5.4.1/../../../../arm-none-eabi/lib/armv7e-m/fpu\libc.a(lib_a-aeabi_atexit.o)
                              teensy3/Tone.o (symbol from plugin) (__aeabi_atexit)
c:/arduino/hardware/tools/arm/bin/../lib/gcc/arm-none-eabi/5.4.1/../../../../arm-none-eabi/lib/armv7e-m/fpu\libc.a(lib_a-atol.o)
                              teensy3/WString.o (symbol from plugin) (atol)
c:/arduino/hardware/tools/arm/bin/../lib/gcc/arm-none-eabi/5.4.1/../../../../arm-none-eabi/lib/armv7e-m/fpu\libc.a(lib_a-cxa_atexit.o)
                              c:/arduino/hardware/tools/arm/bin/../lib/gcc/arm-none-eabi/5.4.1/../../../../arm-none-eabi/lib/armv7e-m/fpu\libc.a(lib_a-aeabi_atexit.o) (__cxa_atexit)
c:/arduino/hardware/tools/arm/bin/../lib/gcc/arm-none-eabi/5.4.1/../../../../arm-none-eabi/lib/armv7e-m/fpu\libc.a(lib_a-efgcvt.o)
                              teensy3/nonstd.o (symbol from plugin) (fcvtf)
c:/arduino/hardware/tools/arm/bin/../lib/gcc/arm-none-eabi/5.4.1/../../../../arm-none-eabi/lib/armv7e-m/fpu\libc.a(lib_a-errno.o)
                              teensy3/mk20dx128.o (symbol from plugin) (__errno)
c:/arduino/hardware/tools/arm/bin/../lib/gcc/arm-none-eabi/5.4.1/../../../../arm-none-eabi/lib/armv7e-m/fpu\libc.a(lib_a-exit.o)
                              c:/arduino/hardware/tools/arm/bin/../lib/gcc/arm-none-eabi/5.4.1/../../../../arm-none-eabi/lib/armv7e-m/fpu/crt0.o (exit)
c:/arduino/hardware/tools/arm/bin/../lib/gcc/arm-none-eabi/5.4.1/../../../../arm-none-eabi/lib/armv7e-m/fpu\libc.a(lib_a-impure.o)
                              c:/arduino/hardware/tools/arm/bin/../lib/gcc/arm-none-eabi/5.4.1/../../../../arm-none-eabi/lib/armv7e-m/fpu\libc.a(lib_a-exit.o) (_global_impure_ptr)
c:/arduino/hardware/tools/arm/bin/../lib/gcc/arm-none-eabi/5.4.1/../../../../arm-none-eabi/lib/armv7e-m/fpu\libc.a(lib_a-init.o)
                              c:/arduino/hardware/tools/arm/bin/../lib/gcc/arm-none-eabi/5.4.1/../../../../arm-none-eabi/lib/armv7e-m/fpu/crt0.o (__libc_init_array)
c:/arduino/hardware/tools/arm/bin/../lib/gcc/arm-none-eabi/5.4.1/../../../../arm-none-eabi/lib/armv7e-m/fpu\libc.a(lib_a-itoa.o)
                              teensy3/WString.o (symbol from plugin) (itoa)
c:/arduino/hardware/tools/arm/bin/../lib/gcc/arm-none-eabi/5.4.1/../../../../arm-none-eabi/lib/armv7e-m/fpu\libc.a(lib_a-strnlen.o)
                              console/ConsoleCtrl.o (symbol from plugin) (strnlen)
c:/arduino/hardware/tools/arm/bin/../lib/gcc/arm-none-eabi/5.4.1/../../../../arm-none-eabi/lib/armv7e-m/fpu\libc.a(lib_a-strtod.o)
                              teensy3/WString.o (symbol from plugin) (strtof)
c:/arduino/hardware/tools/arm/bin/../lib/gcc/arm-none-eabi/5.4.1/../../../../arm-none-eabi/lib/armv7e-m/fpu\libc.a(lib_a-strtol.o)
                              c:/arduino/hardware/tools/arm/bin/../lib/gcc/arm-none-eabi/5.4.1/../../../../arm-none-eabi/lib/armv7e-m/fpu\libc.a(lib_a-atol.o) (_strtol_r)
c:/arduino/hardware/tools/arm/bin/../lib/gcc/arm-none-eabi/5.4.1/../../../../arm-none-eabi/lib/armv7e-m/fpu\libc.a(lib_a-strtoul.o)
                              console/LedModeCommand.o (symbol from plugin) (strtoul)
c:/arduino/hardware/tools/arm/bin/../lib/gcc/arm-none-eabi/5.4.1/../../../../arm-none-eabi/lib/armv7e-m/fpu\libc.a(lib_a-utoa.o)
                              c:/arduino/hardware/tools/arm/bin/../lib/gcc/arm-none-eabi/5.4.1/../../../../arm-none-eabi/lib/armv7e-m/fpu\libc.a(lib_a-itoa.o) (__utoa)
c:/arduino/hardware/tools/arm/bin/../lib/gcc/arm-none-eabi/5.4.1/../../../../arm-none-eabi/lib/armv7e-m/fpu\libc.a(lib_a-vdprintf.o)
                              teensy3/Print.o (symbol from plugin) (vdprintf)
c:/arduino/hardware/tools/arm/bin/../lib/gcc/arm-none-eabi/5.4.1/../../../../arm-none-eabi/lib/armv7e-m/fpu\libc.a(lib_a-writer.o)
                              c:/arduino/hardware/tools/arm/bin/../lib/gcc/arm-none-eabi/5.4.1/../../../../arm-none-eabi/lib/armv7e-m/fpu\libc.a(lib_a-vdprintf.o) (_write_r)
c:/arduino/hardware/tools/arm/bin/../lib/gcc/arm-none-eabi/5.4.1/../../../../arm-none-eabi/lib/armv7e-m/fpu\libc.a(lib_a-__atexit.o)
                              c:/arduino/hardware/tools/arm/bin/../lib/gcc/arm-none-eabi/5.4.1/../../../../arm-none-eabi/lib/armv7e-m/fpu\libc.a(lib_a-cxa_atexit.o) (__register_exitproc)
c:/arduino/hardware/tools/arm/bin/../lib/gcc/arm-none-eabi/5.4.1/../../../../arm-none-eabi/lib/armv7e-m/fpu\libc.a(lib_a-__call_atexit.o)
                              c:/arduino/hardware/tools/arm/bin/../lib/gcc/arm-none-eabi/5.4.1/../../../../arm-none-eabi/lib/armv7e-m/fpu\libc.a(lib_a-exit.o) (__call_exitprocs)
c:/arduino/hardware/tools/arm/bin/../lib/gcc/arm-none-eabi/5.4.1/../../../../arm-none-eabi/lib/armv7e-m/fpu\libc.a(lib_a-atexit.o)
[...]
Memory Configuration

Name             Origin             Length             Attributes
FLASH            0x00000000         0x00100000         xr
RAM              0x1fff0000         0x00040000         xrw
*default*        0x00000000         0xffffffff

Linker script and memory map

LOAD c:/arduino/hardware/tools/arm/bin/../lib/gcc/arm-none-eabi/5.4.1/armv7e-m/fpu/crti.o
LOAD c:/arduino/hardware/tools/arm/bin/../lib/gcc/arm-none-eabi/5.4.1/armv7e-m/fpu/crtbegin.o
LOAD c:/arduino/hardware/tools/arm/bin/../lib/gcc/arm-none-eabi/5.4.1/../../../../arm-none-eabi/lib/armv7e-m/fpu/crt0.o
LOAD common/stringUtils.o
LOAD C:\Users\Max\AppData\Local\Temp\ccKNWLj8.ltrans0.ltrans.o
LOAD C:\Users\Max\AppData\Local\Temp\ccKNWLj8.ltrans1.ltrans.o
LOAD C:\Users\Max\AppData\Local\Temp\ccKNWLj8.ltrans2.ltrans.o
LOAD C:\Users\Max\AppData\Local\Temp\ccKNWLj8.ltrans3.ltrans.o
LOAD C:\Users\Max\AppData\Local\Temp\ccKNWLj8.ltrans4.ltrans.o
LOAD C:\Users\Max\AppData\Local\Temp\ccKNWLj8.ltrans5.ltrans.o
LOAD C:\Users\Max\AppData\Local\Temp\ccKNWLj8.ltrans6.ltrans.o
LOAD teensy3/touch.o
LOAD teensy3/usb_joystick.o
LOAD teensy3/analog.o
LOAD teensy3/serial2.o
LOAD teensy3/mk20dx128.o
LOAD teensy3/serial5.o
LOAD teensy3/usb_mouse.o
LOAD teensy3/usb_dev.o
LOAD teensy3/serial1.o
LOAD teensy3/pins_teensy.o
LOAD teensy3/usb_mem.o
LOAD teensy3/serial6_lpuart.o
LOAD teensy3/eeprom.o
LOAD teensy3/ser_print.o
LOAD teensy3/usb_desc.o
LOAD teensy3/nonstd.o
LOAD teensy3/usb_touch.o
LOAD teensy3/usb_rawhid.o
LOAD teensy3/math_helper.o
LOAD teensy3/usb_serial.o
LOAD teensy3/usb_midi.o
LOAD teensy3/serial6.o
LOAD teensy3/keylayouts.o
LOAD teensy3/usb_keyboard.o
LOAD teensy3/usb_seremu.o
LOAD teensy3/serial4.o
LOAD teensy3/usb_mtp.o
LOAD teensy3/serial3.o
LOAD mainExec.o
LOAD common/CommonData.o
LOAD common/Queue.o
LOAD common/StopWatch.o
LOAD common/crc.o
LOAD common/MemoryBlock.o
LOAD common/HashTable.o
LOAD console/StatCommand.o
LOAD console/AboutCommand.o
LOAD console/ConsoleCtrl.o
LOAD console/LedModeCommand.o
LOAD console/Command.o
LOAD control/LEDControl.o
LOAD control/Adafruit_NeoPixel.o
LOAD io/MaintenanceComm.o
LOAD io/SerialProcessing.o
LOAD io/SerialComm.o
LOAD mode/SMColorPulse.o
LOAD mode/StateMachine.o
LOAD mode/SMRainbowCycle.o
LOAD mode/LedModeControl.o
LOAD mode/SMWhite.o
LOAD mode/SMColor.o
LOAD mode/SMOff.o
LOAD mode/SMWhiteOverRainbow.o
LOAD scheduler/TaskScheduler.o
LOAD scheduler/Task.o
LOAD teensy3/HardwareSerial5.o
LOAD teensy3/usb_inst.o
LOAD teensy3/EventResponder.o
LOAD teensy3/avr_emulation.o
LOAD teensy3/HardwareSerial2.o
LOAD teensy3/HardwareSerial4.o
LOAD teensy3/WMath.o
LOAD teensy3/Tone.o
LOAD teensy3/HardwareSerial6.o
LOAD teensy3/main.o
LOAD teensy3/DMAChannel.o
LOAD teensy3/AudioStream.o
LOAD teensy3/IntervalTimer.o
LOAD teensy3/WString.o
LOAD teensy3/usb_audio.o
LOAD teensy3/IPAddress.o
LOAD teensy3/new.o
LOAD teensy3/usb_flightsim.o
LOAD teensy3/Print.o
LOAD teensy3/yield.o
LOAD teensy3/HardwareSerial3.o
LOAD teensy3/HardwareSerial1.o
LOAD teensy3/Stream.o
LOAD teensy3/memcpy-armv7m.o
LOAD teensy3/memset.o
LOAD c:/arduino/hardware/tools/arm/bin/../lib/gcc/arm-none-eabi/5.4.1/../../../../arm-none-eabi/lib/armv7e-m/fpu\libm.a
LOAD c:/arduino/hardware/tools/arm/bin/../lib/gcc/arm-none-eabi/5.4.1/../../../../arm-none-eabi/lib/armv7e-m/fpu\libc.a
LOAD c:/arduino/hardware/tools/arm/bin/../lib/gcc/arm-none-eabi/5.4.1/../../../../arm-none-eabi/lib\libarm_cortexM4lf_math.a
START GROUP
LOAD c:/arduino/hardware/tools/arm/bin/../lib/gcc/arm-none-eabi/5.4.1/armv7e-m/fpu\libgcc.a
LOAD c:/arduino/hardware/tools/arm/bin/../lib/gcc/arm-none-eabi/5.4.1/../../../../arm-none-eabi/lib/armv7e-m/fpu\libc.a
END GROUP
LOAD c:/arduino/hardware/tools/arm/bin/../lib/gcc/arm-none-eabi/5.4.1/armv7e-m/fpu/crtend.o
LOAD c:/arduino/hardware/tools/arm/bin/../lib/gcc/arm-none-eabi/5.4.1/armv7e-m/fpu/crtn.o

.text           0x00000000     0x965c
                0x00000000                . = 0x0
 *(.vectors)
 .vectors       0x00000000      0x1d0 C:\Users\Max\AppData\Local\Temp\ccKNWLj8.ltrans4.ltrans.o
                0x00000000                _VectorsFlash
 *(.startup*)
 .startup       0x000001d0      0x218 C:\Users\Max\AppData\Local\Temp\ccKNWLj8.ltrans2.ltrans.o
                0x000001d0                ResetHandler
                0x00000400                . = 0x400
 *fill*         0x000003e8       0x18 ff
 *(.flashconfig*)
 .flashconfig   0x00000400       0x10 C:\Users\Max\AppData\Local\Temp\ccKNWLj8.ltrans2.ltrans.o
                0x00000400                flashconfigbytes
 *(.text*)
 .text          0x00000410       0x5c c:/arduino/hardware/tools/arm/bin/../lib/gcc/arm-none-eabi/5.4.1/armv7e-m/fpu/crtbegin.o
 .text          0x0000046c      0x8a0 C:\Users\Max\AppData\Local\Temp\ccKNWLj8.ltrans0.ltrans.o
                0x0000046c                SMRainbowCycle::initialState()
                0x00000480                SMRainbowCycle::reset()
                0x0000048e                SMRainbowCycle::run()
                0x000004ae                SMColorPulse::fadeOut()
                0x000004d2                SMColorPulse::fadeIn()
                0x000004f6                SMColorPulse::reset()
                0x00000504                SMColorPulse::run()
                0x000005c4                SMRainbowCycle::updateStrips()
                0x000005f6                SMRainbowCycle::idle()
                0x00000614                SMColorPulse::idle()
                0x00000632                SMRainbowCycle::updatePixels()
                0x000006a8                SMRainbowCycle::~SMRainbowCycle()
                0x000006b4                SMColorPulse::~SMColorPulse()
                0x000006cc                SerialProcessing::~SerialProcessing()
                0x000006e4                SMColorPulse::initialState()
                0x00000a20                SerialProcessing::exec()
                0x00000a74                usb_serial_class::write(unsigned char const*, unsigned int)
                0x00000ad0                usb_serial_class::write(unsigned char)
                0x00000ba4                SMRainbowCycle::~SMRainbowCycle() [clone .lto_priv.74]
                0x00000ba4                SMRainbowCycle::~SMRainbowCycle() [clone .lto_priv.87]
                0x00000ba6                SMColorPulse::~SMColorPulse() [clone .lto_priv.75]
                0x00000ba6                SMColorPulse::~SMColorPulse() [clone .lto_priv.88]
                0x00000ba8                SerialProcessing::~SerialProcessing() [clone .lto_priv.79]
                0x00000ba8                SerialProcessing::~SerialProcessing() [clone .lto_priv.92]
                0x00000baa                Adafruit_NeoPixel::setBrightness(unsigned char)
                0x00000bf6                Adafruit_NeoPixel::show()
                0x00000cb0                SMColorPulse::delay()
 .text          0x00000d0c      0x7ac C:\Users\Max\AppData\Local\Temp\ccKNWLj8.ltrans1.ltrans.o
                0x00000d0c                pendablesrvreq_isr
                0x00000d3c                SMWhiteOverRainbow::reset()
                0x00000d4a                SMWhiteOverRainbow::run()
                0x00000d6a                SMOff::init()
                0x00000d6a                SMColor::init()
                0x00000d6a                SMWhite::init()
                0x00000d6a                SerialProcessing::init()
                0x00000d6a                SMColorPulse::init()
                0x00000d6a                SMRainbowCycle::init()
                0x00000d6a                SMWhiteOverRainbow::init()
                0x00000d6c                SMOff::reset()
                0x00000d6c                SMColor::reset()
                0x00000d6c                SMWhite::reset()
                0x00000d7a                SMOff::run()
                0x00000d9a                SMColor::run()
                0x00000dba                SMWhite::run()
                0x00000dda                LedModeControl::init()
                0x00000e10                usb_serial_class::availableForWrite()
                0x00000e5c                usb_serial_class::clear()
                0x00000e84                usb_serial_class::peek()
                0x00000eb4                usb_serial_class::flush()
                0x00000ef0                usb_serial_class::read()
                0x00000ef4                usb_serial_class::available()
                0x00000ef8                SMWhiteOverRainbow::updateStrips()
                0x00000f4c                SMWhiteOverRainbow::idle()
                0x00000f6a                SMOff::idle()
                0x00000f86                SMColor::idle()
                0x00000fa4                SMWhite::idle()
                0x00000fc2                SMWhiteOverRainbow::initialState()
                0x00000ff2                SMWhiteOverRainbow::updatePixels()
                0x000010b4                SMOff::turnLedsOff()
                0x0000110c                SMColor::setColor()
                0x00001168                SMWhite::setWhiteLight()
                0x000011c8                SMWhite::~SMWhite()
                0x000011d4                SMWhiteOverRainbow::~SMWhiteOverRainbow()
                0x000011e0                SMOff::~SMOff()
                0x000011ec                SMColor::~SMColor()
                0x000011f8                LedModeControl::~LedModeControl()
                0x00001204                LedModeControl::exec()
                0x00001450                MillisTimer::addToActiveList()
                0x000014ac                SMWhiteOverRainbow::~SMWhiteOverRainbow() [clone .lto_priv.86]
                0x000014ac                SMWhiteOverRainbow::~SMWhiteOverRainbow() [clone .lto_priv.73]
                0x000014ae                SMOff::~SMOff() [clone .lto_priv.78]
                0x000014ae                SMOff::~SMOff() [clone .lto_priv.91]
                0x000014b0                SMColor::~SMColor() [clone .lto_priv.76]
                0x000014b0                SMColor::~SMColor() [clone .lto_priv.89]
                0x000014b2                SMWhite::~SMWhite() [clone .lto_priv.77]
                0x000014b2                SMWhite::~SMWhite() [clone .lto_priv.90]
                0x000014b4                LedModeControl::~LedModeControl() [clone .lto_priv.72]
                0x000014b4                LedModeControl::~LedModeControl() [clone .lto_priv.85]
 .text          0x000014b8      0xdac C:\Users\Max\AppData\Local\Temp\ccKNWLj8.ltrans2.ltrans.o
                0x000014b8                uart0_status_isr
                0x000015c8                uart4_status_isr
                0x00001664                __cxa_pure_virtual
                0x00001666                uart1_status_isr
                0x00001738                usb_free
                0x000017fc                usb_malloc
                0x00001838                usb_isr
                0x00001e94                memmanage_fault_isr
                0x00001e94                fault_isr
                0x00001e94                bus_fault_isr
                0x00001e94                usage_fault_isr
                0x00001e94                hard_fault_isr
                0x00001ec8                spi1_isr
                0x00001ec8                mcm_isr
                0x00001ec8                portb_isr
                0x00001ec8                randnum_isr
                0x00001ec8                porte_isr
                0x00001ec8                watchdog_isr
                0x00001ec8                dma_ch0_isr
                0x00001ec8                i2c1_isr
                0x00001ec8                dma_ch11_isr
                0x00001ec8                i2c2_isr
                0x00001ec8                dma_ch4_isr
                0x00001ec8                dma_ch7_isr
                0x00001ec8                lptmr_isr
                0x00001ec8                can1_bus_off_isr
                0x00001ec8                ftm2_isr
                0x00001ec8                dma_ch9_isr
                0x00001ec8                tpm1_isr
                0x00001ec8                i2c3_isr
                0x00001ec8                can1_error_isr
                0x00001ec8                can0_wakeup_isr
                0x00001ec8                flash_cmd_isr
                0x00001ec8                tpm2_isr
                0x00001ec8                cmp3_isr
                0x00001ec8                svcall_isr
                0x00001ec8                dma_ch15_isr
                0x00001ec8                enet_error_isr
                0x00001ec8                usbhs_phy_isr
                0x00001ec8                unused_isr
                0x00001ec8                spi0_isr
                0x00001ec8                dma_ch3_isr
                0x00001ec8                flash_error_isr
                0x00001ec8                rtc_seconds_isr
                0x00001ec8                pdb_isr
                0x00001ec8                portd_isr
                0x00001ec8                i2c0_isr
                0x00001ec8                dma_ch14_isr
                0x00001ec8                rtc_alarm_isr
                0x00001ec8                dma_ch2_isr
                0x00001ec8                ftm1_isr
                0x00001ec8                dma_ch13_isr
                0x00001ec8                uart2_error_isr
                0x00001ec8                dma_error_isr
                0x00001ec8                usb_charge_isr
                0x00001ec8                cmt_isr
                0x00001ec8                usbhs_isr
                0x00001ec8                ftm3_isr
                0x00001ec8                tsi0_isr
                0x00001ec8                can1_rx_warn_isr
                0x00001ec8                spi2_isr
                0x00001ec8                can0_bus_off_isr
                0x00001ec8                dma_ch8_isr
                0x00001ec8                uart3_error_isr
                0x00001ec8                porta_isr
                0x00001ec8                low_voltage_isr
                0x00001ec8                can0_error_isr
                0x00001ec8                dma_ch12_isr
                0x00001ec8                can1_wakeup_isr
                0x00001ec8                enet_rx_isr
                0x00001ec8                portc_isr
                0x00001ec8                uart1_error_isr
                0x00001ec8                debugmonitor_isr
                0x00001ec8                wakeup_isr
                0x00001ec8                cmp1_isr
                0x00001ec8                ftm0_isr
                0x00001ec8                i2s0_rx_isr
                0x00001ec8                uart4_error_isr
                0x00001ec8                can0_message_isr
                0x00001ec8                can1_message_isr
                0x00001ec8                nmi_isr
                0x00001ec8                sdhc_isr
                0x00001ec8                dma_ch10_isr
                0x00001ec8                uart0_error_isr
                0x00001ec8                dma_ch6_isr
                0x00001ec8                enet_timer_isr
                0x00001ec8                i2s0_tx_isr
                0x00001ec8                adc1_isr
                0x00001ec8                cmp0_isr
                0x00001ec8                dac0_isr
                0x00001ec8                can1_tx_warn_isr
                0x00001ec8                dac1_isr
                0x00001ec8                cmp2_isr
                0x00001ec8                mcg_isr
                0x00001ec8                dma_ch1_isr
                0x00001ec8                dma_ch5_isr
                0x00001ec8                can0_rx_warn_isr
                0x00001ec8                can0_tx_warn_isr
                0x00001ec8                adc0_isr
                0x00001ec8                enet_tx_isr
                0x00001ece                digitalWrite.part.0
                0x00001f08                micros
                0x00002234                abort
                0x00002236                _exit
                0x00002238                _sbrk
 .text          0x00002264      0x7b8 C:\Users\Max\AppData\Local\Temp\ccKNWLj8.ltrans3.ltrans.o
                0x00002264                uart2_status_isr
                0x000022f8                uart3_status_isr
                0x00002390                lpuart0_status_isr
                0x00002434                ConsoleCtrl::~ConsoleCtrl()
                0x00002440                AboutCommand::~AboutCommand()
                0x0000244c                StatCommand::~StatCommand()
                0x00002458                ConsoleCtrl::~ConsoleCtrl() [clone .lto_priv.80]
                0x00002458                ConsoleCtrl::~ConsoleCtrl() [clone .lto_priv.93]
                0x0000245a                AboutCommand::~AboutCommand() [clone .lto_priv.94]
                0x0000245a                AboutCommand::~AboutCommand() [clone .lto_priv.81]
                0x0000245c                StatCommand::~StatCommand() [clone .lto_priv.83]
                0x0000245c                StatCommand::~StatCommand() [clone .lto_priv.96]
                0x0000245e                StopWatch::timerHasExpired() const
                0x00002484                StopWatch::start(unsigned int)
                0x0000249c                Queue::push(void const*)
                0x000024d6                Queue::pop(void*)
                0x0000250e                Singleton<TaskScheduler>::getInstance()
                0x00002540                Singleton<LEDControl>::getInstance()
                0x00002570                Singleton<MaintenanceComm>::getInstance()
                0x00002614                ConsoleCtrl::init()
                0x000026e4                AboutCommand::exec(char*, char*, char*, char*)
                0x0000278c                StatCommand::exec(char*, char*, char*, char*)
                0x00002828                Singleton<SerialComm>::getInstance()
                0x000028bc                usb_serial_write
                0x000029b4                usb_serial_available
                0x000029d0                usb_serial_getchar
 .text          0x00002a1c      0x3f0 C:\Users\Max\AppData\Local\Temp\ccKNWLj8.ltrans4.ltrans.o
                0x00002a1c                IPAddress::printTo(Print&) const
                0x00002a86                pit3_isr
                0x00002a9c                pit2_isr
                0x00002ab0                pit1_isr
                0x00002ac4                pit0_isr
                0x00002ad8                software_isr
                0x00002b0c                systick_isr
                0x00002b70                strnsep.constprop.66
                0x00002ba6                usb_tx.constprop.63
                0x00002c08                usb_rx.constprop.53
                0x00002c28                Task::Task(unsigned int, char const*, TaskIDEnum) [clone .constprop.50]
                0x00002c6c                MaintenanceComm::sendData(char const*, bool, bool) [clone .part.2] [clone .constprop.43]
                0x00002ce8                MaintenanceComm::sendData(int, char const*, ...) [clone .constprop.42]
                0x00002d16                Print::printf(char const*, ...) [clone .constprop.36]
                0x00002d38                yield
                0x00002dbc                _write
                0x00002dca                IntervalTimer::~IntervalTimer()
                0x00002dca                IntervalTimer::~IntervalTimer() [clone .lto_priv.84]
 .text.startup  0x00002e0c      0x1f8 C:\Users\Max\AppData\Local\Temp\ccKNWLj8.ltrans4.ltrans.o
                0x00002e0c                Adafruit_NeoPixel::Adafruit_NeoPixel(unsigned short, unsigned char, unsigned short) [clone .constprop.26]
                0x00002e80                main
 .text          0x00003004      0x4dc C:\Users\Max\AppData\Local\Temp\ccKNWLj8.ltrans5.ltrans.o
                0x00003004                LedModeCommand::~LedModeCommand()
                0x00003010                LEDControl::setPixelColor(unsigned int, unsigned int, unsigned int) [clone .part.1]
                0x00003084                LEDControl::Wheel(char, unsigned int)
                0x000030d2                LEDControl::updateStrip(unsigned int)
                0x000030e8                LEDControl::setBrightness(unsigned char)
                0x00003124                LEDControl::setLedMode(LEDModes)
                0x000031b0                LedModeCommand::exec(char*, char*, char*, char*)
                0x0000339c                LedModeCommand::~LedModeCommand() [clone .lto_priv.95]
                0x0000339c                LedModeCommand::~LedModeCommand() [clone .lto_priv.82]
                0x0000339e                HashTable<int>::findPos(char*) const
                0x0000340e                ConsoleCtrl::exec()
 .text.startup  0x000034e0      0x3b8 C:\Users\Max\AppData\Local\Temp\ccKNWLj8.ltrans6.ltrans.o
 .text          0x00003898      0x134 teensy3/memcpy-armv7m.o
                0x00003898                memcpy
 .text          0x000039cc       0x44 teensy3/memset.o
                0x000039cc                memset
 .text.__aeabi_atexit
                0x00003a10        0xc c:/arduino/hardware/tools/arm/bin/../lib/gcc/arm-none-eabi/5.4.1/../../../../arm-none-eabi/lib/armv7e-m/fpu\libc.a(lib_a-aeabi_atexit.o)
                0x00003a10                __aeabi_atexit
 .text.__cxa_atexit
                0x00003a1c        0xc c:/arduino/hardware/tools/arm/bin/../lib/gcc/arm-none-eabi/5.4.1/../../../../arm-none-eabi/lib/armv7e-m/fpu\libc.a(lib_a-cxa_atexit.o)
                0x00003a1c                __cxa_atexit
 .text.__errno  0x00003a28        0xc c:/arduino/hardware/tools/arm/bin/../lib/gcc/arm-none-eabi/5.4.1/../../../../arm-none-eabi/lib/armv7e-m/fpu\libc.a(lib_a-errno.o)
                0x00003a28                __errno
 .text.__libc_init_array
                0x00003a34       0x50 c:/arduino/hardware/tools/arm/bin/../lib/gcc/arm-none-eabi/5.4.1/../../../../arm-none-eabi/lib/armv7e-m/fpu\libc.a(lib_a-init.o)
                0x00003a34                __libc_init_array
 .text.strnlen  0x00003a84       0x34 c:/arduino/hardware/tools/arm/bin/../lib/gcc/arm-none-eabi/5.4.1/../../../../arm-none-eabi/lib/armv7e-m/fpu\libc.a(lib_a-strnlen.o)
                0x00003a84                strnlen
 .text._strtoul_l.isra.0
                0x00003ab8      0x168 c:/arduino/hardware/tools/arm/bin/../lib/gcc/arm-none-eabi/5.4.1/../../../../arm-none-eabi/lib/armv7e-m/fpu\libc.a(lib_a-strtoul.o)
 .text.strtoul  0x00003c20       0x2c c:/arduino/hardware/tools/arm/bin/../lib/gcc/arm-none-eabi/5.4.1/../../../../arm-none-eabi/lib/armv7e-m/fpu\libc.a(lib_a-strtoul.o)
                0x00003c20                strtoul
 .text._vdprintf_r
                0x00003c4c       0x4c c:/arduino/hardware/tools/arm/bin/../lib/gcc/arm-none-eabi/5.4.1/../../../../arm-none-eabi/lib/armv7e-m/fpu\libc.a(lib_a-vdprintf.o)
                0x00003c4c                _vdprintf_r
 .text.vdprintf
                0x00003c98       0x18 c:/arduino/hardware/tools/arm/bin/../lib/gcc/arm-none-eabi/5.4.1/../../../../arm-none-eabi/lib/armv7e-m/fpu\libc.a(lib_a-vdprintf.o)
                0x00003c98                vdprintf
 .text._write_r
                0x00003cb0       0x2c c:/arduino/hardware/tools/arm/bin/../lib/gcc/arm-none-eabi/5.4.1/../../../../arm-none-eabi/lib/armv7e-m/fpu\libc.a(lib_a-writer.o)
                0x00003cb0                _write_r
 .text.__register_exitproc
                0x00003cdc       0xa4 c:/arduino/hardware/tools/arm/bin/../lib/gcc/arm-none-eabi/5.4.1/../../../../arm-none-eabi/lib/armv7e-m/fpu\libc.a(lib_a-__atexit.o)
                0x00003cdc                __register_exitproc
 .text.startup.register_fini
                0x00003d80       0x14 c:/arduino/hardware/tools/arm/bin/../lib/gcc/arm-none-eabi/5.4.1/../../../../arm-none-eabi/lib/armv7e-m/fpu\libc.a(lib_a-__call_atexit.o)
 .text.atexit   0x00003d94        0xc c:/arduino/hardware/tools/arm/bin/../lib/gcc/arm-none-eabi/5.4.1/../../../../arm-none-eabi/lib/armv7e-m/fpu\libc.a(lib_a-atexit.o)
                0x00003d94                atexit
 .text.__libc_fini_array
                0x00003da0       0x28 c:/arduino/hardware/tools/arm/bin/../lib/gcc/arm-none-eabi/5.4.1/../../../../arm-none-eabi/lib/armv7e-m/fpu\libc.a(lib_a-fini.o)
                0x00003da0                __libc_fini_array
 .text._malloc_trim_r
                0x00003dc8       0x9c c:/arduino/hardware/tools/arm/bin/../lib/gcc/arm-none-eabi/5.4.1/../../../../arm-none-eabi/lib/armv7e-m/fpu\libc.a(lib_a-freer.o)
                0x00003dc8                _malloc_trim_r
 .text._free_r  0x00003e64      0x1d0 c:/arduino/hardware/tools/arm/bin/../lib/gcc/arm-none-eabi/5.4.1/../../../../arm-none-eabi/lib/armv7e-m/fpu\libc.a(lib_a-freer.o)
                0x00003e64                _free_r
 .text.__locale_ctype_ptr_l
                0x00004034        0x8 c:/arduino/hardware/tools/arm/bin/../lib/gcc/arm-none-eabi/5.4.1/../../../../arm-none-eabi/lib/armv7e-m/fpu\libc.a(lib_a-locale.o)
                0x00004034                __locale_ctype_ptr_l
 .text._localeconv_r
                0x0000403c       0x1c c:/arduino/hardware/tools/arm/bin/../lib/gcc/arm-none-eabi/5.4.1/../../../../arm-none-eabi/lib/armv7e-m/fpu\libc.a(lib_a-localeconv.o)
                0x0000403c                _localeconv_r
 .text._malloc_r
                0x00004058      0x570 c:/arduino/hardware/tools/arm/bin/../lib/gcc/arm-none-eabi/5.4.1/../../../../arm-none-eabi/lib/armv7e-m/fpu\libc.a(lib_a-mallocr.o)
                0x00004058                _malloc_r
 .text.__ascii_mbtowc
                0x000045c8       0x2c c:/arduino/hardware/tools/arm/bin/../lib/gcc/arm-none-eabi/5.4.1/../../../../arm-none-eabi/lib/armv7e-m/fpu\libc.a(lib_a-mbtowc_r.o)
                0x000045c8                __ascii_mbtowc
 .text.__malloc_lock
                0x000045f4        0x4 c:/arduino/hardware/tools/arm/bin/../lib/gcc/arm-none-eabi/5.4.1/../../../../arm-none-eabi/lib/armv7e-m/fpu\libc.a(lib_a-mlock.o)
                0x000045f4                __malloc_lock
 .text.__malloc_unlock
                0x000045f8        0x4 c:/arduino/hardware/tools/arm/bin/../lib/gcc/arm-none-eabi/5.4.1/../../../../arm-none-eabi/lib/armv7e-m/fpu\libc.a(lib_a-mlock.o)
                0x000045f8                __malloc_unlock
 .text._Balloc  0x000045fc       0x4c c:/arduino/hardware/tools/arm/bin/../lib/gcc/arm-none-eabi/5.4.1/../../../../arm-none-eabi/lib/armv7e-m/fpu\libc.a(lib_a-mprec.o)
                0x000045fc                _Balloc
 .text._Bfree   0x00004648       0x14 c:/arduino/hardware/tools/arm/bin/../lib/gcc/arm-none-eabi/5.4.1/../../../../arm-none-eabi/lib/armv7e-m/fpu\libc.a(lib_a-mprec.o)
                0x00004648                _Bfree
 .text.__multadd
                0x0000465c       0x80 c:/arduino/hardware/tools/arm/bin/../lib/gcc/arm-none-eabi/5.4.1/../../../../arm-none-eabi/lib/armv7e-m/fpu\libc.a(lib_a-mprec.o)
                0x0000465c                __multadd
 .text.__hi0bits
                0x000046dc       0x40 c:/arduino/hardware/tools/arm/bin/../lib/gcc/arm-none-eabi/5.4.1/../../../../arm-none-eabi/lib/armv7e-m/fpu\libc.a(lib_a-mprec.o)
                0x000046dc                __hi0bits
 .text.__lo0bits
                0x0000471c       0x5c c:/arduino/hardware/tools/arm/bin/../lib/gcc/arm-none-eabi/5.4.1/../../../../arm-none-eabi/lib/armv7e-m/fpu\libc.a(lib_a-mprec.o)
                0x0000471c                __lo0bits
 .text.__i2b    0x00004778       0x14 c:/arduino/hardware/tools/arm/bin/../lib/gcc/arm-none-eabi/5.4.1/../../../../arm-none-eabi/lib/armv7e-m/fpu\libc.a(lib_a-mprec.o)
                0x00004778                __i2b
 .text.__multiply
                0x0000478c      0x130 c:/arduino/hardware/tools/arm/bin/../lib/gcc/arm-none-eabi/5.4.1/../../../../arm-none-eabi/lib/armv7e-m/fpu\libc.a(lib_a-mprec.o)
                0x0000478c                __multiply
 .text.__pow5mult
                0x000048bc       0xa0 c:/arduino/hardware/tools/arm/bin/../lib/gcc/arm-none-eabi/5.4.1/../../../../arm-none-eabi/lib/armv7e-m/fpu\libc.a(lib_a-mprec.o)
                0x000048bc                __pow5mult
 .text.__lshift
                0x0000495c       0xb0 c:/arduino/hardware/tools/arm/bin/../lib/gcc/arm-none-eabi/5.4.1/../../../../arm-none-eabi/lib/armv7e-m/fpu\libc.a(lib_a-mprec.o)
                0x0000495c                __lshift
 .text.__mcmp   0x00004a0c       0x44 c:/arduino/hardware/tools/arm/bin/../lib/gcc/arm-none-eabi/5.4.1/../../../../arm-none-eabi/lib/armv7e-m/fpu\libc.a(lib_a-mprec.o)
                0x00004a0c                __mcmp
 .text.__mdiff  0x00004a50      0x114 c:/arduino/hardware/tools/arm/bin/../lib/gcc/arm-none-eabi/5.4.1/../../../../arm-none-eabi/lib/armv7e-m/fpu\libc.a(lib_a-mprec.o)
                0x00004a50                __mdiff
 .text.__d2b    0x00004b64       0xbc c:/arduino/hardware/tools/arm/bin/../lib/gcc/arm-none-eabi/5.4.1/../../../../arm-none-eabi/lib/armv7e-m/fpu\libc.a(lib_a-mprec.o)
                0x00004b64                __d2b
 .text._realloc_r
                0x00004c20      0x3e0 c:/arduino/hardware/tools/arm/bin/../lib/gcc/arm-none-eabi/5.4.1/../../../../arm-none-eabi/lib/armv7e-m/fpu\libc.a(lib_a-reallocr.o)
                0x00004c20                _realloc_r
 .text._sbrk_r  0x00005000       0x24 c:/arduino/hardware/tools/arm/bin/../lib/gcc/arm-none-eabi/5.4.1/../../../../arm-none-eabi/lib/armv7e-m/fpu\libc.a(lib_a-sbrkr.o)
                0x00005000                _sbrk_r
 *fill*         0x00005024       0x1c ff
 .text          0x00005040       0xdc c:/arduino/hardware/tools/arm/bin/../lib/gcc/arm-none-eabi/5.4.1/../../../../arm-none-eabi/lib/armv7e-m/fpu\libc.a(lib_a-strlen.o)
                0x00005040                strlen
 .text.strncmp  0x0000511c       0xa0 c:/arduino/hardware/tools/arm/bin/../lib/gcc/arm-none-eabi/5.4.1/../../../../arm-none-eabi/lib/armv7e-m/fpu\libc.a(lib_a-strncmp.o)
                0x0000511c                strncmp
 .text._vasnprintf_r
                0x000051bc       0x60 c:/arduino/hardware/tools/arm/bin/../lib/gcc/arm-none-eabi/5.4.1/../../../../arm-none-eabi/lib/armv7e-m/fpu\libc.a(lib_a-vasnprintf.o)
                0x000051bc                _vasnprintf_r
 .text.__ascii_wctomb
                0x0000521c       0x1c c:/arduino/hardware/tools/arm/bin/../lib/gcc/arm-none-eabi/5.4.1/../../../../arm-none-eabi/lib/armv7e-m/fpu\libc.a(lib_a-wctomb_r.o)
                0x0000521c                __ascii_wctomb
 .text._calloc_r
                0x00005238       0x60 c:/arduino/hardware/tools/arm/bin/../lib/gcc/arm-none-eabi/5.4.1/../../../../arm-none-eabi/lib/armv7e-m/fpu\libc.a(lib_a-callocr.o)
                0x00005238                _calloc_r
 .text.quorem   0x00005298      0x128 c:/arduino/hardware/tools/arm/bin/../lib/gcc/arm-none-eabi/5.4.1/../../../../arm-none-eabi/lib/armv7e-m/fpu\libc.a(lib_a-dtoa.o)
 .text._dtoa_r  0x000053c0      0xe34 c:/arduino/hardware/tools/arm/bin/../lib/gcc/arm-none-eabi/5.4.1/../../../../arm-none-eabi/lib/armv7e-m/fpu\libc.a(lib_a-dtoa.o)
                0x000053c0                _dtoa_r
 .text.memmove  0x000061f4       0xc8 c:/arduino/hardware/tools/arm/bin/../lib/gcc/arm-none-eabi/5.4.1/../../../../arm-none-eabi/lib/armv7e-m/fpu\libc.a(lib_a-memmove.o)
                0x000061f4                memmove
 *fill*         0x000062bc        0x4 ff
 .text._svfprintf_r
                0x000062c0     0x16e4 c:/arduino/hardware/tools/arm/bin/../lib/gcc/arm-none-eabi/5.4.1/../../../../arm-none-eabi/lib/armv7e-m/fpu\libc.a(lib_a-svfprintf.o)
                0x000062c0                _svfprintf_r
 *fill*         0x000079a4        0xc ff
 .text          0x000079b0       0xa0 c:/arduino/hardware/tools/arm/bin/../lib/gcc/arm-none-eabi/5.4.1/../../../../arm-none-eabi/lib/armv7e-m/fpu\libc.a(lib_a-memchr.o)
                0x000079b0                memchr
 .text.__ssprint_r
                0x00007a50      0x100 c:/arduino/hardware/tools/arm/bin/../lib/gcc/arm-none-eabi/5.4.1/../../../../arm-none-eabi/lib/armv7e-m/fpu\libc.a(lib_a-svfiprintf.o)
                0x00007a50                __ssprint_r
 .text          0x00007b50      0x370 c:/arduino/hardware/tools/arm/bin/../lib/gcc/arm-none-eabi/5.4.1/armv7e-m/fpu\libgcc.a(_arm_addsubdf3.o)
                0x00007b50                __aeabi_drsub
                0x00007b58                __aeabi_dsub
                0x00007b58                __subdf3
                0x00007b5c                __aeabi_dadd
                0x00007b5c                __adddf3
                0x00007dd4                __floatunsidf
                0x00007dd4                __aeabi_ui2d
                0x00007df4                __floatsidf
                0x00007df4                __aeabi_i2d
                0x00007e18                __aeabi_f2d
                0x00007e18                __extendsfdf2
                0x00007e54                __floatundidf
                0x00007e54                __aeabi_ul2d
                0x00007e64                __floatdidf
                0x00007e64                __aeabi_l2d
 .text          0x00007ec0      0x424 c:/arduino/hardware/tools/arm/bin/../lib/gcc/arm-none-eabi/5.4.1/armv7e-m/fpu\libgcc.a(_arm_muldivdf3.o)
                0x00007ec0                __aeabi_dmul
                0x00007ec0                __muldf3
                0x00008114                __divdf3
                0x00008114                __aeabi_ddiv
 .text          0x000082e4      0x110 c:/arduino/hardware/tools/arm/bin/../lib/gcc/arm-none-eabi/5.4.1/armv7e-m/fpu\libgcc.a(_arm_cmpdf2.o)
                0x000082e4                __gtdf2
                0x000082e4                __gedf2
                0x000082ec                __ltdf2
                0x000082ec                __ledf2
                0x000082f4                __nedf2
                0x000082f4                __eqdf2
                0x000082f4                __cmpdf2
                0x00008370                __aeabi_cdrcmple
                0x00008380                __aeabi_cdcmpeq
                0x00008380                __aeabi_cdcmple
                0x00008390                __aeabi_dcmpeq
                0x000083a4                __aeabi_dcmplt
                0x000083b8                __aeabi_dcmple
                0x000083cc                __aeabi_dcmpge
                0x000083e0                __aeabi_dcmpgt
 .text          0x000083f4       0x2c c:/arduino/hardware/tools/arm/bin/../lib/gcc/arm-none-eabi/5.4.1/armv7e-m/fpu\libgcc.a(_arm_unorddf2.o)
                0x000083f4                __unorddf2
                0x000083f4                __aeabi_dcmpun
 .text          0x00008420       0x50 c:/arduino/hardware/tools/arm/bin/../lib/gcc/arm-none-eabi/5.4.1/armv7e-m/fpu\libgcc.a(_arm_fixdfsi.o)
                0x00008420                __aeabi_d2iz
                0x00008420                __fixdfsi
 .text          0x00008470       0x30 c:/arduino/hardware/tools/arm/bin/../lib/gcc/arm-none-eabi/5.4.1/armv7e-m/fpu\libgcc.a(_aeabi_uldivmod.o)
                0x00008470                __aeabi_uldivmod
 .text          0x000084a0      0x2e4 c:/arduino/hardware/tools/arm/bin/../lib/gcc/arm-none-eabi/5.4.1/armv7e-m/fpu\libgcc.a(_udivmoddi4.o)
                0x000084a0                __udivmoddi4
 .text          0x00008784        0x4 c:/arduino/hardware/tools/arm/bin/../lib/gcc/arm-none-eabi/5.4.1/armv7e-m/fpu\libgcc.a(_dvmd_tls.o)
                0x00008784                __aeabi_idiv0
                0x00008784                __aeabi_ldiv0
 .text.malloc   0x00008788       0x10 c:/arduino/hardware/tools/arm/bin/../lib/gcc/arm-none-eabi/5.4.1/../../../../arm-none-eabi/lib/armv7e-m/fpu\libc.a(lib_a-malloc.o)
                0x00008788                malloc
 .text.free     0x00008798       0x10 c:/arduino/hardware/tools/arm/bin/../lib/gcc/arm-none-eabi/5.4.1/../../../../arm-none-eabi/lib/armv7e-m/fpu\libc.a(lib_a-malloc.o)
                0x00008798                free
 .text.snprintf
                0x000087a8       0x9c c:/arduino/hardware/tools/arm/bin/../lib/gcc/arm-none-eabi/5.4.1/../../../../arm-none-eabi/lib/armv7e-m/fpu\libc.a(lib_a-snprintf.o)
                0x000087a8                snprintf
 .text.strncpy  0x00008844       0x68 c:/arduino/hardware/tools/arm/bin/../lib/gcc/arm-none-eabi/5.4.1/../../../../arm-none-eabi/lib/armv7e-m/fpu\libc.a(lib_a-strncpy.o)
                0x00008844                strncpy
 .text._vsnprintf_r
                0x000088ac       0x74 c:/arduino/hardware/tools/arm/bin/../lib/gcc/arm-none-eabi/5.4.1/../../../../arm-none-eabi/lib/armv7e-m/fpu\libc.a(lib_a-vsnprintf.o)
                0x000088ac                _vsnprintf_r
 .text.vsnprintf
                0x00008920       0x20 c:/arduino/hardware/tools/arm/bin/../lib/gcc/arm-none-eabi/5.4.1/../../../../arm-none-eabi/lib/armv7e-m/fpu\libc.a(lib_a-vsnprintf.o)
                0x00008920                vsnprintf
 *(.rodata*)
 .rodata        0x00008940      0x240 C:\Users\Max\AppData\Local\Temp\ccKNWLj8.ltrans0.ltrans.o
                0x00008b48                vtable for MaintenanceComm
                0x00008b60                vtable for SerialComm
                0x00008b78                rts_pin.lto_priv.142
                0x00008b7c                transmit_pin.lto_priv.157
 .rodata.str1.1
                0x00008b80       0xa1 C:\Users\Max\AppData\Local\Temp\ccKNWLj8.ltrans0.ltrans.o
 *fill*         0x00008c21        0x3 ff
 .rodata        0x00008c24       0x58 C:\Users\Max\AppData\Local\Temp\ccKNWLj8.ltrans2.ltrans.o
 .rodata        0x00008c7c       0x40 C:\Users\Max\AppData\Local\Temp\ccKNWLj8.ltrans3.ltrans.o
 .rodata.str1.1
                0x00008cbc      0x127 C:\Users\Max\AppData\Local\Temp\ccKNWLj8.ltrans3.ltrans.o
                                0x12f (size before relaxing)
 *fill*         0x00008de3        0x1 ff
 .rodata        0x00008de4      0x240 C:\Users\Max\AppData\Local\Temp\ccKNWLj8.ltrans4.ltrans.o
                0x00008de4                vtable for Task
                0x00008dfc                digital_pin_to_info_PGM
 .rodata.str1.1
                0x00009024        0x5 C:\Users\Max\AppData\Local\Temp\ccKNWLj8.ltrans4.ltrans.o
                                  0x8 (size before relaxing)
 .rodata.str1.1
                0x00009029      0x19e C:\Users\Max\AppData\Local\Temp\ccKNWLj8.ltrans5.ltrans.o
                                0x1a9 (size before relaxing)
 *fill*         0x000091c7        0x1 ff
 .rodata        0x000091c8      0x1bc C:\Users\Max\AppData\Local\Temp\ccKNWLj8.ltrans6.ltrans.o
                0x000091c8                vtable for AboutCommand
                0x000091dc                vtable for LedModeCommand
                0x000091f0                vtable for StatCommand
                0x00009224                vtable for LedModeControl
                0x0000923c                vtable for SMOff
                0x00009258                vtable for SMWhite
                0x00009274                vtable for SMColor
                0x00009290                vtable for SMColorPulse
                0x000092ac                vtable for SMRainbowCycle
                0x000092c8                vtable for SMWhiteOverRainbow
                0x00009304                vtable for SerialProcessing
                0x0000933c                vtable for ConsoleCtrl
                0x00009354                vtable for Command
                0x00009368                vtable for StateMachine
 .rodata.str1.1
                0x00009384       0x38 C:\Users\Max\AppData\Local\Temp\ccKNWLj8.ltrans6.ltrans.o
 .rodata._global_impure_ptr
                0x000093bc        0x4 c:/arduino/hardware/tools/arm/bin/../lib/gcc/arm-none-eabi/5.4.1/../../../../arm-none-eabi/lib/armv7e-m/fpu\libc.a(lib_a-impure.o)
                0x000093bc                _global_impure_ptr
 .rodata.str1.4
                0x000093c0        0xe c:/arduino/hardware/tools/arm/bin/../lib/gcc/arm-none-eabi/5.4.1/../../../../arm-none-eabi/lib/armv7e-m/fpu\libc.a(lib_a-locale.o)
                                 0x12 (size before relaxing)
 *fill*         0x000093ce        0x2 ff
 .rodata.__mprec_tens
                0x000093d0       0xc8 c:/arduino/hardware/tools/arm/bin/../lib/gcc/arm-none-eabi/5.4.1/../../../../arm-none-eabi/lib/armv7e-m/fpu\libc.a(lib_a-mprec.o)
                0x000093d0                __mprec_tens
 .rodata.__mprec_bigtens
                0x00009498       0x28 c:/arduino/hardware/tools/arm/bin/../lib/gcc/arm-none-eabi/5.4.1/../../../../arm-none-eabi/lib/armv7e-m/fpu\libc.a(lib_a-mprec.o)
                0x00009498                __mprec_bigtens
 .rodata.p05.6087
                0x000094c0        0xc c:/arduino/hardware/tools/arm/bin/../lib/gcc/arm-none-eabi/5.4.1/../../../../arm-none-eabi/lib/armv7e-m/fpu\libc.a(lib_a-mprec.o)
 .rodata._ctype_
                0x000094cc      0x101 c:/arduino/hardware/tools/arm/bin/../lib/gcc/arm-none-eabi/5.4.1/../../../../arm-none-eabi/lib/armv7e-m/fpu\libc.a(lib_a-ctype_.o)
                0x000094cc                _ctype_
 *fill*         0x000095cd        0x3 ff
 .rodata.str1.4
                0x000095d0       0x12 c:/arduino/hardware/tools/arm/bin/../lib/gcc/arm-none-eabi/5.4.1/../../../../arm-none-eabi/lib/armv7e-m/fpu\libc.a(lib_a-dtoa.o)
 *fill*         0x000095e2        0x2 ff
 .rodata.zeroes.7258
                0x000095e4       0x10 c:/arduino/hardware/tools/arm/bin/../lib/gcc/arm-none-eabi/5.4.1/../../../../arm-none-eabi/lib/armv7e-m/fpu\libc.a(lib_a-svfprintf.o)
 .rodata.str1.4
                0x000095f4       0x40 c:/arduino/hardware/tools/arm/bin/../lib/gcc/arm-none-eabi/5.4.1/../../../../arm-none-eabi/lib/armv7e-m/fpu\libc.a(lib_a-svfprintf.o)
                                 0x42 (size before relaxing)
 .rodata.blanks.7257
                0x00009634       0x10 c:/arduino/hardware/tools/arm/bin/../lib/gcc/arm-none-eabi/5.4.1/../../../../arm-none-eabi/lib/armv7e-m/fpu\libc.a(lib_a-svfprintf.o)
                0x00009644                . = ALIGN (0x4)
 *(.init)
 .init          0x00009644        0x4 c:/arduino/hardware/tools/arm/bin/../lib/gcc/arm-none-eabi/5.4.1/armv7e-m/fpu/crti.o
                0x00009644                _init
 .init          0x00009648        0x8 c:/arduino/hardware/tools/arm/bin/../lib/gcc/arm-none-eabi/5.4.1/armv7e-m/fpu/crtn.o
                0x00009650                . = ALIGN (0x4)
                0x00009650                __preinit_array_start = .
 *(.preinit_array)
                0x00009650                __preinit_array_end = .
                0x00009650                __init_array_start = .
 *(SORT(.init_array.*))
 .init_array.00000
                0x00009650        0x4 c:/arduino/hardware/tools/arm/bin/../lib/gcc/arm-none-eabi/5.4.1/../../../../arm-none-eabi/lib/armv7e-m/fpu\libc.a(lib_a-__call_atexit.o)
 *(.init_array)
 .init_array    0x00009654        0x4 c:/arduino/hardware/tools/arm/bin/../lib/gcc/arm-none-eabi/5.4.1/armv7e-m/fpu/crtbegin.o
 .init_array    0x00009658        0x4 C:\Users\Max\AppData\Local\Temp\ccKNWLj8.ltrans6.ltrans.o
                0x0000965c                __init_array_end = .

.glue_7         0x0000965c        0x0
 .glue_7        0x0000965c        0x0 linker stubs

.glue_7t        0x0000965c        0x0
 .glue_7t       0x0000965c        0x0 linker stubs

.vfp11_veneer   0x0000965c        0x0
 .vfp11_veneer  0x0000965c        0x0 linker stubs

.v4_bx          0x0000965c        0x0
 .v4_bx         0x0000965c        0x0 linker stubs

.fini           0x0000965c        0x4
 .fini          0x0000965c        0x4 c:/arduino/hardware/tools/arm/bin/../lib/gcc/arm-none-eabi/5.4.1/armv7e-m/fpu/crti.o
                0x0000965c                _fini

.iplt           0x00009660        0x0
 .iplt          0x00009660        0x0 c:/arduino/hardware/tools/arm/bin/../lib/gcc/arm-none-eabi/5.4.1/armv7e-m/fpu/crtbegin.o

.eh_frame       0x00009660        0x0
 .eh_frame      0x00009660        0x0 c:/arduino/hardware/tools/arm/bin/../lib/gcc/arm-none-eabi/5.4.1/armv7e-m/fpu/crtbegin.o

.ARM.exidx      0x00009660        0x8
                0x00009660                __exidx_start = .
 *(.ARM.exidx* .gnu.linkonce.armexidx.*)
 .ARM.exidx     0x00009660        0x8 c:/arduino/hardware/tools/arm/bin/../lib/gcc/arm-none-eabi/5.4.1/armv7e-m/fpu\libgcc.a(_udivmoddi4.o)
                0x00009668                __exidx_end = .
                0x00009668                _etext = .

.rel.dyn        0x00009668        0x0
 .rel.iplt      0x00009668        0x0 c:/arduino/hardware/tools/arm/bin/../lib/gcc/arm-none-eabi/5.4.1/armv7e-m/fpu/crtbegin.o

.usbdescriptortable
                0x1fff0000       0xa0
                0x1fff0000                . = ALIGN (0x200)
 *(.usbdescriptortable*)
 .usbdescriptortable
                0x1fff0000       0xa0 C:\Users\Max\AppData\Local\Temp\ccKNWLj8.ltrans4.ltrans.o
                0x1fff0000                table.lto_priv.136

.dmabuffers     0x1fff0200      0x1d0
                0x1fff0200                . = ALIGN (0x4)
 *(.dmabuffers*)
 .dmabuffers    0x1fff0200      0x1d0 C:\Users\Max\AppData\Local\Temp\ccKNWLj8.ltrans2.ltrans.o
                0x1fff0200                _VectorsRam

.usbbuffers     0x1fff03d0      0x360
                0x1fff03d0                . = ALIGN (0x4)
 *(.usbbuffers*)
 .usbbuffers    0x1fff03d0      0x360 C:\Users\Max\AppData\Local\Temp\ccKNWLj8.ltrans2.ltrans.o
                0x1fff03d0                usb_buffer_memory

.data           0x1fff0730      0xab0 load address 0x00009668
                0x1fff0730                . = ALIGN (0x4)
                0x1fff0730                _sdata = .
 *(.fastrun*)
 *(.data*)
 .data          0x1fff0730        0x4 c:/arduino/hardware/tools/arm/bin/../lib/gcc/arm-none-eabi/5.4.1/armv7e-m/fpu/crtbegin.o
                0x1fff0730                __dso_handle
 .data          0x1fff0734        0x1 C:\Users\Max\AppData\Local\Temp\ccKNWLj8.ltrans0.ltrans.o
 .data          0x1fff0735        0x1 C:\Users\Max\AppData\Local\Temp\ccKNWLj8.ltrans1.ltrans.o
 *fill*         0x1fff0736        0x2 
 .data          0x1fff0738       0xa7 C:\Users\Max\AppData\Local\Temp\ccKNWLj8.ltrans2.ltrans.o
 *fill*         0x1fff07df        0x1 
 .data          0x1fff07e0       0x21 C:\Users\Max\AppData\Local\Temp\ccKNWLj8.ltrans4.ltrans.o
                0x1fff07f0                Serial
 *fill*         0x1fff0801        0x3 
 .data          0x1fff0804       0x30 C:\Users\Max\AppData\Local\Temp\ccKNWLj8.ltrans6.ltrans.o
                0x1fff0804                cmdList
 *fill*         0x1fff0834        0x4 
 .data.impure_data
                0x1fff0838      0x428 c:/arduino/hardware/tools/arm/bin/../lib/gcc/arm-none-eabi/5.4.1/../../../../arm-none-eabi/lib/armv7e-m/fpu\libc.a(lib_a-impure.o)
 .data._impure_ptr
                0x1fff0c60        0x4 c:/arduino/hardware/tools/arm/bin/../lib/gcc/arm-none-eabi/5.4.1/../../../../arm-none-eabi/lib/armv7e-m/fpu\libc.a(lib_a-impure.o)
                0x1fff0c60                _impure_ptr
 .data.__global_locale
                0x1fff0c64      0x16c c:/arduino/hardware/tools/arm/bin/../lib/gcc/arm-none-eabi/5.4.1/../../../../arm-none-eabi/lib/armv7e-m/fpu\libc.a(lib_a-locale.o)
                0x1fff0c64                __global_locale
 .data.__malloc_av_
                0x1fff0dd0      0x408 c:/arduino/hardware/tools/arm/bin/../lib/gcc/arm-none-eabi/5.4.1/../../../../arm-none-eabi/lib/armv7e-m/fpu\libc.a(lib_a-mallocr.o)
                0x1fff0dd0                __malloc_av_
 .data.__malloc_trim_threshold
                0x1fff11d8        0x4 c:/arduino/hardware/tools/arm/bin/../lib/gcc/arm-none-eabi/5.4.1/../../../../arm-none-eabi/lib/armv7e-m/fpu\libc.a(lib_a-mallocr.o)
                0x1fff11d8                __malloc_trim_threshold
 .data.__malloc_sbrk_base
                0x1fff11dc        0x4 c:/arduino/hardware/tools/arm/bin/../lib/gcc/arm-none-eabi/5.4.1/../../../../arm-none-eabi/lib/armv7e-m/fpu\libc.a(lib_a-mallocr.o)
                0x1fff11dc                __malloc_sbrk_base
                0x1fff11e0                . = ALIGN (0x4)
                0x1fff11e0                _edata = .

.jcr            0x1fff11e0        0x0 load address 0x0000a118
 .jcr           0x1fff11e0        0x0 c:/arduino/hardware/tools/arm/bin/../lib/gcc/arm-none-eabi/5.4.1/armv7e-m/fpu/crtbegin.o

.igot.plt       0x1fff11e0        0x0 load address 0x0000a118
 .igot.plt      0x1fff11e0        0x0 c:/arduino/hardware/tools/arm/bin/../lib/gcc/arm-none-eabi/5.4.1/armv7e-m/fpu/crtbegin.o

.noinit
 *(.noinit*)

.bss            0x1fff11e0      0x494 load address 0x0000a118
                0x1fff11e0                . = ALIGN (0x4)
                0x1fff11e0                _sbss = .
                0x1fff11e0                __bss_start__ = .
 *(.bss*)
 .bss           0x1fff11e0       0x1c c:/arduino/hardware/tools/arm/bin/../lib/gcc/arm-none-eabi/5.4.1/armv7e-m/fpu/crtbegin.o
 .bss           0x1fff11fc       0x74 C:\Users\Max\AppData\Local\Temp\ccKNWLj8.ltrans0.ltrans.o
                0x1fff11fc                tx_buffer_head.lto_priv.145
                0x1fff11fd                tx_buffer_tail.lto_priv.148
                0x1fff11fe                transmitting.lto_priv.154
                0x1fff1200                rx_buffer.lto_priv.139
                0x1fff1243                tx_buffer.lto_priv.151
                0x1fff126b                usb_cdc_line_rtsdtr
                0x1fff126c                usb_cdc_line_rtsdtr_millis
 .bss           0x1fff1270       0x1f C:\Users\Max\AppData\Local\Temp\ccKNWLj8.ltrans1.ltrans.o
                0x1fff1274                tx_noautoflush.lto_priv.133
                0x1fff1278                tx_packet.lto_priv.134
                0x1fff127c                usb_configuration
                0x1fff1280                rx_packet.lto_priv.135
                0x1fff1284                usb_cdc_transmit_flush_timer
                0x1fff1286                calibrating.lto_priv.137
 *fill*         0x1fff128f        0x1 
 .bss           0x1fff1290      0x1a4 C:\Users\Max\AppData\Local\Temp\ccKNWLj8.ltrans2.ltrans.o
 .bss           0x1fff1434      0x155 C:\Users\Max\AppData\Local\Temp\ccKNWLj8.ltrans3.ltrans.o
 *fill*         0x1fff1589        0x3 
 .bss           0x1fff158c       0x61 C:\Users\Max\AppData\Local\Temp\ccKNWLj8.ltrans4.ltrans.o
                0x1fff1590                systick_millis_count
                0x1fff1594                MillisTimer::listActive
                0x1fff159c                tx_state.lto_priv.159
                0x1fff15a0                tx_first.lto_priv.109
                0x1fff15b0                tx_last.lto_priv.161
                0x1fff15c0                rx_first.lto_priv.160
                0x1fff15d0                usb_rx_byte_count_data
                0x1fff15d9                rx_buffer_head.lto_priv.99
                0x1fff15da                rx_buffer_tail.lto_priv.105
                0x1fff15db                rx_buffer_head.lto_priv.97
                0x1fff15dc                rx_buffer_tail.lto_priv.103
                0x1fff15dd                rx_buffer_head.lto_priv.102
                0x1fff15de                rx_buffer_tail.lto_priv.108
                0x1fff15df                rx_buffer_head.lto_priv.101
                0x1fff15e0                rx_buffer_tail.lto_priv.107
                0x1fff15e1                rx_buffer_head.lto_priv.98
                0x1fff15e2                rx_buffer_tail.lto_priv.104
                0x1fff15e3                rx_buffer_head.lto_priv.100
                0x1fff15e4                rx_buffer_tail.lto_priv.106
 *fill*         0x1fff15ed        0x3 
 .bss           0x1fff15f0       0x4c C:\Users\Max\AppData\Local\Temp\ccKNWLj8.ltrans6.ltrans.o
                0x1fff15f8                strips
                0x1fff161c                taskList
 .bss.__malloc_max_total_mem
                0x1fff163c        0x4 c:/arduino/hardware/tools/arm/bin/../lib/gcc/arm-none-eabi/5.4.1/../../../../arm-none-eabi/lib/armv7e-m/fpu\libc.a(lib_a-mallocr.o)
                0x1fff163c                __malloc_max_total_mem
 .bss.__malloc_max_sbrked_mem
                0x1fff1640        0x4 c:/arduino/hardware/tools/arm/bin/../lib/gcc/arm-none-eabi/5.4.1/../../../../arm-none-eabi/lib/armv7e-m/fpu\libc.a(lib_a-mallocr.o)
                0x1fff1640                __malloc_max_sbrked_mem
 .bss.__malloc_top_pad
                0x1fff1644        0x4 c:/arduino/hardware/tools/arm/bin/../lib/gcc/arm-none-eabi/5.4.1/../../../../arm-none-eabi/lib/armv7e-m/fpu\libc.a(lib_a-mallocr.o)
                0x1fff1644                __malloc_top_pad
 .bss.__malloc_current_mallinfo
                0x1fff1648       0x28 c:/arduino/hardware/tools/arm/bin/../lib/gcc/arm-none-eabi/5.4.1/../../../../arm-none-eabi/lib/armv7e-m/fpu\libc.a(lib_a-mallocr.o)
                0x1fff1648                __malloc_current_mallinfo
 *(COMMON)
 COMMON         0x1fff1670        0x4 c:/arduino/hardware/tools/arm/bin/../lib/gcc/arm-none-eabi/5.4.1/../../../../arm-none-eabi/lib/armv7e-m/fpu\libc.a(lib_a-reent.o)
                0x1fff1670                errno
                0x1fff1674                . = ALIGN (0x4)
                0x1fff1674                _ebss = .
                0x1fff1674                __bss_end = .
                0x1fff1674                __bss_end__ = .
                0x20030000                _estack = (ORIGIN (RAM) + LENGTH (RAM))
OUTPUT(bins/LEDBoard.elf elf32-littlearm)

.ARM.attributes
                0x00000000       0x30
 .ARM.attributes
                0x00000000       0x22 c:/arduino/hardware/tools/arm/bin/../lib/gcc/arm-none-eabi/5.4.1/armv7e-m/fpu/crti.o
 .ARM.attributes
                0x00000022       0x34 c:/arduino/hardware/tools/arm/bin/../lib/gcc/arm-none-eabi/5.4.1/armv7e-m/fpu/crtbegin.o
 .ARM.attributes
                0x00000056       0x37 C:\Users\Max\AppData\Local\Temp\ccKNWLj8.ltrans0.ltrans.o
 .ARM.attributes
                0x0000008d       0x37 C:\Users\Max\AppData\Local\Temp\ccKNWLj8.ltrans1.ltrans.o
 .ARM.attributes
                0x000000c4       0x37 C:\Users\Max\AppData\Local\Temp\ccKNWLj8.ltrans2.ltrans.o
 .ARM.attributes
                0x000000fb       0x37 C:\Users\Max\AppData\Local\Temp\ccKNWLj8.ltrans3.ltrans.o
 .ARM.attributes
                0x00000132       0x37 C:\Users\Max\AppData\Local\Temp\ccKNWLj8.ltrans4.ltrans.o
 .ARM.attributes
                0x00000169       0x37 C:\Users\Max\AppData\Local\Temp\ccKNWLj8.ltrans5.ltrans.o
 .ARM.attributes
                0x000001a0       0x37 C:\Users\Max\AppData\Local\Temp\ccKNWLj8.ltrans6.ltrans.o
 .ARM.attributes
                0x000001d7       0x25 teensy3/memcpy-armv7m.o
 .ARM.attributes
                0x000001fc       0x25 teensy3/memset.o
 .ARM.attributes
                0x00000221       0x34 c:/arduino/hardware/tools/arm/bin/../lib/gcc/arm-none-eabi/5.4.1/../../../../arm-none-eabi/lib/armv7e-m/fpu\libc.a(lib_a-aeabi_atexit.o)
 .ARM.attributes
                0x00000255       0x34 c:/arduino/hardware/tools/arm/bin/../lib/gcc/arm-none-eabi/5.4.1/../../../../arm-none-eabi/lib/armv7e-m/fpu\libc.a(lib_a-cxa_atexit.o)
 .ARM.attributes
                0x00000289       0x34 c:/arduino/hardware/tools/arm/bin/../lib/gcc/arm-none-eabi/5.4.1/../../../../arm-none-eabi/lib/armv7e-m/fpu\libc.a(lib_a-errno.o)
 .ARM.attributes
                0x000002bd       0x34 c:/arduino/hardware/tools/arm/bin/../lib/gcc/arm-none-eabi/5.4.1/../../../../arm-none-eabi/lib/armv7e-m/fpu\libc.a(lib_a-impure.o)
 .ARM.attributes
                0x000002f1       0x34 c:/arduino/hardware/tools/arm/bin/../lib/gcc/arm-none-eabi/5.4.1/../../../../arm-none-eabi/lib/armv7e-m/fpu\libc.a(lib_a-init.o)
 .ARM.attributes
                0x00000325       0x34 c:/arduino/hardware/tools/arm/bin/../lib/gcc/arm-none-eabi/5.4.1/../../../../arm-none-eabi/lib/armv7e-m/fpu\libc.a(lib_a-strnlen.o)
 .ARM.attributes
                0x00000359       0x34 c:/arduino/hardware/tools/arm/bin/../lib/gcc/arm-none-eabi/5.4.1/../../../../arm-none-eabi/lib/armv7e-m/fpu\libc.a(lib_a-strtoul.o)
 .ARM.attributes
                0x0000038d       0x34 c:/arduino/hardware/tools/arm/bin/../lib/gcc/arm-none-eabi/5.4.1/../../../../arm-none-eabi/lib/armv7e-m/fpu\libc.a(lib_a-vdprintf.o)
 .ARM.attributes
                0x000003c1       0x34 c:/arduino/hardware/tools/arm/bin/../lib/gcc/arm-none-eabi/5.4.1/../../../../arm-none-eabi/lib/armv7e-m/fpu\libc.a(lib_a-writer.o)
 .ARM.attributes
                0x000003f5       0x34 c:/arduino/hardware/tools/arm/bin/../lib/gcc/arm-none-eabi/5.4.1/../../../../arm-none-eabi/lib/armv7e-m/fpu\libc.a(lib_a-__atexit.o)
 .ARM.attributes
                0x00000429       0x34 c:/arduino/hardware/tools/arm/bin/../lib/gcc/arm-none-eabi/5.4.1/../../../../arm-none-eabi/lib/armv7e-m/fpu\libc.a(lib_a-__call_atexit.o)
 .ARM.attributes
                0x0000045d       0x34 c:/arduino/hardware/tools/arm/bin/../lib/gcc/arm-none-eabi/5.4.1/../../../../arm-none-eabi/lib/armv7e-m/fpu\libc.a(lib_a-atexit.o)
 .ARM.attributes
                0x00000491       0x34 c:/arduino/hardware/tools/arm/bin/../lib/gcc/arm-none-eabi/5.4.1/../../../../arm-none-eabi/lib/armv7e-m/fpu\libc.a(lib_a-fini.o)
 .ARM.attributes
                0x000004c5       0x34 c:/arduino/hardware/tools/arm/bin/../lib/gcc/arm-none-eabi/5.4.1/../../../../arm-none-eabi/lib/armv7e-m/fpu\libc.a(lib_a-freer.o)
 .ARM.attributes
                0x000004f9       0x34 c:/arduino/hardware/tools/arm/bin/../lib/gcc/arm-none-eabi/5.4.1/../../../../arm-none-eabi/lib/armv7e-m/fpu\libc.a(lib_a-locale.o)
 .ARM.attributes
                0x0000052d       0x34 c:/arduino/hardware/tools/arm/bin/../lib/gcc/arm-none-eabi/5.4.1/../../../../arm-none-eabi/lib/armv7e-m/fpu\libc.a(lib_a-localeconv.o)
 .ARM.attributes
                0x00000561       0x34 c:/arduino/hardware/tools/arm/bin/../lib/gcc/arm-none-eabi/5.4.1/../../../../arm-none-eabi/lib/armv7e-m/fpu\libc.a(lib_a-mallocr.o)
 .ARM.attributes
                0x00000595       0x34 c:/arduino/hardware/tools/arm/bin/../lib/gcc/arm-none-eabi/5.4.1/../../../../arm-none-eabi/lib/armv7e-m/fpu\libc.a(lib_a-mbtowc_r.o)
 .ARM.attributes
                0x000005c9       0x34 c:/arduino/hardware/tools/arm/bin/../lib/gcc/arm-none-eabi/5.4.1/../../../../arm-none-eabi/lib/armv7e-m/fpu\libc.a(lib_a-mlock.o)
 .ARM.attributes
                0x000005fd       0x34 c:/arduino/hardware/tools/arm/bin/../lib/gcc/arm-none-eabi/5.4.1/../../../../arm-none-eabi/lib/armv7e-m/fpu\libc.a(lib_a-mprec.o)
 .ARM.attributes
                0x00000631       0x34 c:/arduino/hardware/tools/arm/bin/../lib/gcc/arm-none-eabi/5.4.1/../../../../arm-none-eabi/lib/armv7e-m/fpu\libc.a(lib_a-reallocr.o)
 .ARM.attributes
                0x00000665       0x34 c:/arduino/hardware/tools/arm/bin/../lib/gcc/arm-none-eabi/5.4.1/../../../../arm-none-eabi/lib/armv7e-m/fpu\libc.a(lib_a-reent.o)
 .ARM.attributes
                0x00000699       0x34 c:/arduino/hardware/tools/arm/bin/../lib/gcc/arm-none-eabi/5.4.1/../../../../arm-none-eabi/lib/armv7e-m/fpu\libc.a(lib_a-sbrkr.o)
 .ARM.attributes
                0x000006cd       0x20 c:/arduino/hardware/tools/arm/bin/../lib/gcc/arm-none-eabi/5.4.1/../../../../arm-none-eabi/lib/armv7e-m/fpu\libc.a(lib_a-strlen.o)
 .ARM.attributes
                0x000006ed       0x34 c:/arduino/hardware/tools/arm/bin/../lib/gcc/arm-none-eabi/5.4.1/../../../../arm-none-eabi/lib/armv7e-m/fpu\libc.a(lib_a-strncmp.o)
 .ARM.attributes
                0x00000721       0x34 c:/arduino/hardware/tools/arm/bin/../lib/gcc/arm-none-eabi/5.4.1/../../../../arm-none-eabi/lib/armv7e-m/fpu\libc.a(lib_a-vasnprintf.o)
 .ARM.attributes
                0x00000755       0x34 c:/arduino/hardware/tools/arm/bin/../lib/gcc/arm-none-eabi/5.4.1/../../../../arm-none-eabi/lib/armv7e-m/fpu\libc.a(lib_a-wctomb_r.o)
 .ARM.attributes
                0x00000789       0x34 c:/arduino/hardware/tools/arm/bin/../lib/gcc/arm-none-eabi/5.4.1/../../../../arm-none-eabi/lib/armv7e-m/fpu\libc.a(lib_a-callocr.o)
 .ARM.attributes
                0x000007bd       0x34 c:/arduino/hardware/tools/arm/bin/../lib/gcc/arm-none-eabi/5.4.1/../../../../arm-none-eabi/lib/armv7e-m/fpu\libc.a(lib_a-ctype_.o)
 .ARM.attributes
                0x000007f1       0x34 c:/arduino/hardware/tools/arm/bin/../lib/gcc/arm-none-eabi/5.4.1/../../../../arm-none-eabi/lib/armv7e-m/fpu\libc.a(lib_a-dtoa.o)
 .ARM.attributes
                0x00000825       0x34 c:/arduino/hardware/tools/arm/bin/../lib/gcc/arm-none-eabi/5.4.1/../../../../arm-none-eabi/lib/armv7e-m/fpu\libc.a(lib_a-memmove.o)
 .ARM.attributes
                0x00000859       0x34 c:/arduino/hardware/tools/arm/bin/../lib/gcc/arm-none-eabi/5.4.1/../../../../arm-none-eabi/lib/armv7e-m/fpu\libc.a(lib_a-svfprintf.o)
 .ARM.attributes
                0x0000088d       0x20 c:/arduino/hardware/tools/arm/bin/../lib/gcc/arm-none-eabi/5.4.1/../../../../arm-none-eabi/lib/armv7e-m/fpu\libc.a(lib_a-memchr.o)
 .ARM.attributes
                0x000008ad       0x34 c:/arduino/hardware/tools/arm/bin/../lib/gcc/arm-none-eabi/5.4.1/../../../../arm-none-eabi/lib/armv7e-m/fpu\libc.a(lib_a-svfiprintf.o)
 .ARM.attributes
                0x000008e1       0x22 c:/arduino/hardware/tools/arm/bin/../lib/gcc/arm-none-eabi/5.4.1/armv7e-m/fpu\libgcc.a(_arm_addsubdf3.o)
 .ARM.attributes
                0x00000903       0x22 c:/arduino/hardware/tools/arm/bin/../lib/gcc/arm-none-eabi/5.4.1/armv7e-m/fpu\libgcc.a(_arm_muldivdf3.o)
 .ARM.attributes
                0x00000925       0x22 c:/arduino/hardware/tools/arm/bin/../lib/gcc/arm-none-eabi/5.4.1/armv7e-m/fpu\libgcc.a(_arm_cmpdf2.o)
 .ARM.attributes
                0x00000947       0x22 c:/arduino/hardware/tools/arm/bin/../lib/gcc/arm-none-eabi/5.4.1/armv7e-m/fpu\libgcc.a(_arm_unorddf2.o)
 .ARM.attributes
                0x00000969       0x22 c:/arduino/hardware/tools/arm/bin/../lib/gcc/arm-none-eabi/5.4.1/armv7e-m/fpu\libgcc.a(_arm_fixdfsi.o)
 .ARM.attributes
                0x0000098b       0x22 c:/arduino/hardware/tools/arm/bin/../lib/gcc/arm-none-eabi/5.4.1/armv7e-m/fpu\libgcc.a(_aeabi_uldivmod.o)
 .ARM.attributes
                0x000009ad       0x34 c:/arduino/hardware/tools/arm/bin/../lib/gcc/arm-none-eabi/5.4.1/armv7e-m/fpu\libgcc.a(_udivmoddi4.o)
 .ARM.attributes
                0x000009e1       0x22 c:/arduino/hardware/tools/arm/bin/../lib/gcc/arm-none-eabi/5.4.1/armv7e-m/fpu\libgcc.a(_dvmd_tls.o)
 .ARM.attributes
                0x00000a03       0x22 c:/arduino/hardware/tools/arm/bin/../lib/gcc/arm-none-eabi/5.4.1/armv7e-m/fpu/crtn.o
 .ARM.attributes
                0x00000a25       0x34 c:/arduino/hardware/tools/arm/bin/../lib/gcc/arm-none-eabi/5.4.1/../../../../arm-none-eabi/lib/armv7e-m/fpu\libc.a(lib_a-malloc.o)
 .ARM.attributes
                0x00000a59       0x34 c:/arduino/hardware/tools/arm/bin/../lib/gcc/arm-none-eabi/5.4.1/../../../../arm-none-eabi/lib/armv7e-m/fpu\libc.a(lib_a-snprintf.o)
 .ARM.attributes
                0x00000a8d       0x34 c:/arduino/hardware/tools/arm/bin/../lib/gcc/arm-none-eabi/5.4.1/../../../../arm-none-eabi/lib/armv7e-m/fpu\libc.a(lib_a-strncpy.o)
 .ARM.attributes
                0x00000ac1       0x34 c:/arduino/hardware/tools/arm/bin/../lib/gcc/arm-none-eabi/5.4.1/../../../../arm-none-eabi/lib/armv7e-m/fpu\libc.a(lib_a-vsnprintf.o)

.comment        0x00000000       0x6e
 .comment       0x00000000       0x6e C:\Users\Max\AppData\Local\Temp\ccKNWLj8.ltrans0.ltrans.o
                                 0x6f (size before relaxing)
 .comment       0x0000006e       0x6f C:\Users\Max\AppData\Local\Temp\ccKNWLj8.ltrans1.ltrans.o
 .comment       0x0000006e       0x6f C:\Users\Max\AppData\Local\Temp\ccKNWLj8.ltrans2.ltrans.o
 .comment       0x0000006e       0x6f C:\Users\Max\AppData\Local\Temp\ccKNWLj8.ltrans3.ltrans.o
 .comment       0x0000006e       0x6f C:\Users\Max\AppData\Local\Temp\ccKNWLj8.ltrans4.ltrans.o
 .comment       0x0000006e       0x6f C:\Users\Max\AppData\Local\Temp\ccKNWLj8.ltrans5.ltrans.o
 .comment       0x0000006e       0x6f C:\Users\Max\AppData\Local\Temp\ccKNWLj8.ltrans6.ltrans.o

.debug_line     0x00000000       0xeb
 .debug_line    0x00000000       0x93 teensy3/memcpy-armv7m.o
 .debug_line    0x00000093       0x58 teensy3/memset.o

.debug_info     0x00000000       0xad
 .debug_info    0x00000000       0x5a teensy3/memcpy-armv7m.o
 .debug_info    0x0000005a       0x53 teensy3/memset.o

.debug_abbrev   0x00000000       0x28
 .debug_abbrev  0x00000000       0x14 teensy3/memcpy-armv7m.o
 .debug_abbrev  0x00000014       0x14 teensy3/memset.o

.debug_aranges  0x00000000       0x40
 .debug_aranges
                0x00000000       0x20 teensy3/memcpy-armv7m.o
 .debug_aranges
                0x00000020       0x20 teensy3/memset.o

.debug_frame    0x00000000      0xc74
 .debug_frame   0x00000000       0x20 c:/arduino/hardware/tools/arm/bin/../lib/gcc/arm-none-eabi/5.4.1/../../../../arm-none-eabi/lib/armv7e-m/fpu\libc.a(lib_a-aeabi_atexit.o)
 .debug_frame   0x00000020       0x20 c:/arduino/hardware/tools/arm/bin/../lib/gcc/arm-none-eabi/5.4.1/../../../../arm-none-eabi/lib/armv7e-m/fpu\libc.a(lib_a-cxa_atexit.o)
 .debug_frame   0x00000040       0x20 c:/arduino/hardware/tools/arm/bin/../lib/gcc/arm-none-eabi/5.4.1/../../../../arm-none-eabi/lib/armv7e-m/fpu\libc.a(lib_a-errno.o)
 .debug_frame   0x00000060       0x2c c:/arduino/hardware/tools/arm/bin/../lib/gcc/arm-none-eabi/5.4.1/../../../../arm-none-eabi/lib/armv7e-m/fpu\libc.a(lib_a-init.o)
 .debug_frame   0x0000008c       0x30 c:/arduino/hardware/tools/arm/bin/../lib/gcc/arm-none-eabi/5.4.1/../../../../arm-none-eabi/lib/armv7e-m/fpu\libc.a(lib_a-strnlen.o)
 .debug_frame   0x000000bc       0x98 c:/arduino/hardware/tools/arm/bin/../lib/gcc/arm-none-eabi/5.4.1/../../../../arm-none-eabi/lib/armv7e-m/fpu\libc.a(lib_a-strtoul.o)
 .debug_frame   0x00000154       0x54 c:/arduino/hardware/tools/arm/bin/../lib/gcc/arm-none-eabi/5.4.1/../../../../arm-none-eabi/lib/armv7e-m/fpu\libc.a(lib_a-vdprintf.o)
 .debug_frame   0x000001a8       0x2c c:/arduino/hardware/tools/arm/bin/../lib/gcc/arm-none-eabi/5.4.1/../../../../arm-none-eabi/lib/armv7e-m/fpu\libc.a(lib_a-writer.o)
 .debug_frame   0x000001d4       0x34 c:/arduino/hardware/tools/arm/bin/../lib/gcc/arm-none-eabi/5.4.1/../../../../arm-none-eabi/lib/armv7e-m/fpu\libc.a(lib_a-__atexit.o)
 .debug_frame   0x00000208       0x50 c:/arduino/hardware/tools/arm/bin/../lib/gcc/arm-none-eabi/5.4.1/../../../../arm-none-eabi/lib/armv7e-m/fpu\libc.a(lib_a-__call_atexit.o)
 .debug_frame   0x00000258       0x20 c:/arduino/hardware/tools/arm/bin/../lib/gcc/arm-none-eabi/5.4.1/../../../../arm-none-eabi/lib/armv7e-m/fpu\libc.a(lib_a-atexit.o)
 .debug_frame   0x00000278       0x34 c:/arduino/hardware/tools/arm/bin/../lib/gcc/arm-none-eabi/5.4.1/../../../../arm-none-eabi/lib/armv7e-m/fpu\libc.a(lib_a-fini.o)
 .debug_frame   0x000002ac       0x74 c:/arduino/hardware/tools/arm/bin/../lib/gcc/arm-none-eabi/5.4.1/../../../../arm-none-eabi/lib/armv7e-m/fpu\libc.a(lib_a-freer.o)
 .debug_frame   0x00000320       0x84 c:/arduino/hardware/tools/arm/bin/../lib/gcc/arm-none-eabi/5.4.1/../../../../arm-none-eabi/lib/armv7e-m/fpu\libc.a(lib_a-locale.o)
 .debug_frame   0x000003a4       0x40 c:/arduino/hardware/tools/arm/bin/../lib/gcc/arm-none-eabi/5.4.1/../../../../arm-none-eabi/lib/armv7e-m/fpu\libc.a(lib_a-localeconv.o)
 .debug_frame   0x000003e4       0x58 c:/arduino/hardware/tools/arm/bin/../lib/gcc/arm-none-eabi/5.4.1/../../../../arm-none-eabi/lib/armv7e-m/fpu\libc.a(lib_a-mallocr.o)
 .debug_frame   0x0000043c       0x4c c:/arduino/hardware/tools/arm/bin/../lib/gcc/arm-none-eabi/5.4.1/../../../../arm-none-eabi/lib/armv7e-m/fpu\libc.a(lib_a-mbtowc_r.o)
 .debug_frame   0x00000488       0x30 c:/arduino/hardware/tools/arm/bin/../lib/gcc/arm-none-eabi/5.4.1/../../../../arm-none-eabi/lib/armv7e-m/fpu\libc.a(lib_a-mlock.o)
 .debug_frame   0x000004b8      0x264 c:/arduino/hardware/tools/arm/bin/../lib/gcc/arm-none-eabi/5.4.1/../../../../arm-none-eabi/lib/armv7e-m/fpu\libc.a(lib_a-mprec.o)
 .debug_frame   0x0000071c       0x60 c:/arduino/hardware/tools/arm/bin/../lib/gcc/arm-none-eabi/5.4.1/../../../../arm-none-eabi/lib/armv7e-m/fpu\libc.a(lib_a-reallocr.o)
 .debug_frame   0x0000077c       0x58 c:/arduino/hardware/tools/arm/bin/../lib/gcc/arm-none-eabi/5.4.1/../../../../arm-none-eabi/lib/armv7e-m/fpu\libc.a(lib_a-reent.o)
 .debug_frame   0x000007d4       0x2c c:/arduino/hardware/tools/arm/bin/../lib/gcc/arm-none-eabi/5.4.1/../../../../arm-none-eabi/lib/armv7e-m/fpu\libc.a(lib_a-sbrkr.o)
 .debug_frame   0x00000800       0x54 c:/arduino/hardware/tools/arm/bin/../lib/gcc/arm-none-eabi/5.4.1/../../../../arm-none-eabi/lib/armv7e-m/fpu\libc.a(lib_a-strncmp.o)
 .debug_frame   0x00000854       0x54 c:/arduino/hardware/tools/arm/bin/../lib/gcc/arm-none-eabi/5.4.1/../../../../arm-none-eabi/lib/armv7e-m/fpu\libc.a(lib_a-vasnprintf.o)
 .debug_frame   0x000008a8       0x3c c:/arduino/hardware/tools/arm/bin/../lib/gcc/arm-none-eabi/5.4.1/../../../../arm-none-eabi/lib/armv7e-m/fpu\libc.a(lib_a-wctomb_r.o)
 .debug_frame   0x000008e4       0x28 c:/arduino/hardware/tools/arm/bin/../lib/gcc/arm-none-eabi/5.4.1/../../../../arm-none-eabi/lib/armv7e-m/fpu\libc.a(lib_a-callocr.o)
 .debug_frame   0x0000090c       0x88 c:/arduino/hardware/tools/arm/bin/../lib/gcc/arm-none-eabi/5.4.1/../../../../arm-none-eabi/lib/armv7e-m/fpu\libc.a(lib_a-dtoa.o)
 .debug_frame   0x00000994       0x30 c:/arduino/hardware/tools/arm/bin/../lib/gcc/arm-none-eabi/5.4.1/../../../../arm-none-eabi/lib/armv7e-m/fpu\libc.a(lib_a-memmove.o)
 .debug_frame   0x000009c4       0x44 c:/arduino/hardware/tools/arm/bin/../lib/gcc/arm-none-eabi/5.4.1/../../../../arm-none-eabi/lib/armv7e-m/fpu\libc.a(lib_a-svfprintf.o)
 .debug_frame   0x00000a08       0x78 c:/arduino/hardware/tools/arm/bin/../lib/gcc/arm-none-eabi/5.4.1/../../../../arm-none-eabi/lib/armv7e-m/fpu\libc.a(lib_a-svfiprintf.o)
 .debug_frame   0x00000a80       0x2c c:/arduino/hardware/tools/arm/bin/../lib/gcc/arm-none-eabi/5.4.1/armv7e-m/fpu\libgcc.a(_aeabi_uldivmod.o)
 .debug_frame   0x00000aac       0x34 c:/arduino/hardware/tools/arm/bin/../lib/gcc/arm-none-eabi/5.4.1/armv7e-m/fpu\libgcc.a(_udivmoddi4.o)
 .debug_frame   0x00000ae0       0x30 c:/arduino/hardware/tools/arm/bin/../lib/gcc/arm-none-eabi/5.4.1/../../../../arm-none-eabi/lib/armv7e-m/fpu\libc.a(lib_a-malloc.o)
 .debug_frame   0x00000b10       0xd0 c:/arduino/hardware/tools/arm/bin/../lib/gcc/arm-none-eabi/5.4.1/../../../../arm-none-eabi/lib/armv7e-m/fpu\libc.a(lib_a-snprintf.o)
 .debug_frame   0x00000be0       0x34 c:/arduino/hardware/tools/arm/bin/../lib/gcc/arm-none-eabi/5.4.1/../../../../arm-none-eabi/lib/armv7e-m/fpu\libc.a(lib_a-strncpy.o)
 .debug_frame   0x00000c14       0x60 c:/arduino/hardware/tools/arm/bin/../lib/gcc/arm-none-eabi/5.4.1/../../../../arm-none-eabi/lib/armv7e-m/fpu\libc.a(lib_a-vsnprintf.o)
