Archive member included to satisfy reference by file (symbol)

c:/arduino/hardware/tools/arm/bin/../lib/gcc/arm-none-eabi/5.4.1/../../../../arm-none-eabi/lib/armv7e-m/fpu\libc.a(lib_a-aeabi_atexit.o)
                              teensy3/Tone.o (symbol from plugin) (__aeabi_atexit)
c:/arduino/hardware/tools/arm/bin/../lib/gcc/arm-none-eabi/5.4.1/../../../../arm-none-eabi/lib/armv7e-m/fpu\libc.a(lib_a-atol.o)
                              teensy3/WString.o (symbol from plugin) (atol)
c:/arduino/hardware/tools/arm/bin/../lib/gcc/arm-none-eabi/5.4.1/../../../../arm-none-eabi/lib/armv7e-m/fpu\libc.a(lib_a-cxa_atexit.o)
                              c:/arduino/hardware/tools/arm/bin/../lib/gcc/arm-none-eabi/5.4.1/../../../../arm-none-eabi/lib/armv7e-m/fpu\libc.a(lib_a-aeabi_atexit.o) (__cxa_atexit)
c:/arduino/hardware/tools/arm/bin/../lib/gcc/arm-none-eabi/5.4.1/../../../../arm-none-eabi/lib/armv7e-m/fpu\libc.a(lib_a-efgcvt.o)
                              teensy3/nonstd.o (symbol from plugin) (fcvtf)
c:/arduino/hardware/tools/arm/bin/../lib/gcc/arm-none-eabi/5.4.1/../../../../arm-none-eabi/lib/armv7e-m/fpu\libc.a(lib_a-errno.o)
                              teensy3/mk20dx128.o (symbol from plugin) (__errno)
c:/arduino/hardware/tools/arm/bin/../lib/gcc/arm-none-eabi/5.4.1/../../../../arm-none-eabi/lib/armv7e-m/fpu\libc.a(lib_a-exit.o)
                              c:/arduino/hardware/tools/arm/bin/../lib/gcc/arm-none-eabi/5.4.1/../../../../arm-none-eabi/lib/armv7e-m/fpu/crt0.o (exit)
c:/arduino/hardware/tools/arm/bin/../lib/gcc/arm-none-eabi/5.4.1/../../../../arm-none-eabi/lib/armv7e-m/fpu\libc.a(lib_a-impure.o)
                              c:/arduino/hardware/tools/arm/bin/../lib/gcc/arm-none-eabi/5.4.1/../../../../arm-none-eabi/lib/armv7e-m/fpu\libc.a(lib_a-exit.o) (_global_impure_ptr)
c:/arduino/hardware/tools/arm/bin/../lib/gcc/arm-none-eabi/5.4.1/../../../../arm-none-eabi/lib/armv7e-m/fpu\libc.a(lib_a-init.o)
                              c:/arduino/hardware/tools/arm/bin/../lib/gcc/arm-none-eabi/5.4.1/../../../../arm-none-eabi/lib/armv7e-m/fpu/crt0.o (__libc_init_array)
c:/arduino/hardware/tools/arm/bin/../lib/gcc/arm-none-eabi/5.4.1/../../../../arm-none-eabi/lib/armv7e-m/fpu\libc.a(lib_a-itoa.o)
                              teensy3/WString.o (symbol from plugin) (itoa)
c:/arduino/hardware/tools/arm/bin/../lib/gcc/arm-none-eabi/5.4.1/../../../../arm-none-eabi/lib/armv7e-m/fpu\libc.a(lib_a-strnlen.o)
                              console/ConsoleCtrl.o (symbol from plugin) (strnlen)
c:/arduino/hardware/tools/arm/bin/../lib/gcc/arm-none-eabi/5.4.1/../../../../arm-none-eabi/lib/armv7e-m/fpu\libc.a(lib_a-strtod.o)
                              teensy3/WString.o (symbol from plugin) (strtof)
c:/arduino/hardware/tools/arm/bin/../lib/gcc/arm-none-eabi/5.4.1/../../../../arm-none-eabi/lib/armv7e-m/fpu\libc.a(lib_a-strtol.o)
                              c:/arduino/hardware/tools/arm/bin/../lib/gcc/arm-none-eabi/5.4.1/../../../../arm-none-eabi/lib/armv7e-m/fpu\libc.a(lib_a-atol.o) (_strtol_r)
c:/arduino/hardware/tools/arm/bin/../lib/gcc/arm-none-eabi/5.4.1/../../../../arm-none-eabi/lib/armv7e-m/fpu\libc.a(lib_a-strtoul.o)
                              console/LedModeCommand.o (symbol from plugin) (strtoul)
c:/arduino/hardware/tools/arm/bin/../lib/gcc/arm-none-eabi/5.4.1/../../../../arm-none-eabi/lib/armv7e-m/fpu\libc.a(lib_a-utoa.o)
                              c:/arduino/hardware/tools/arm/bin/../lib/gcc/arm-none-eabi/5.4.1/../../../../arm-none-eabi/lib/armv7e-m/fpu\libc.a(lib_a-itoa.o) (__utoa)
c:/arduino/hardware/tools/arm/bin/../lib/gcc/arm-none-eabi/5.4.1/../../../../arm-none-eabi/lib/armv7e-m/fpu\libc.a(lib_a-vdprintf.o)
                              teensy3/Print.o (symbol from plugin) (vdprintf)
c:/arduino/hardware/tools/arm/bin/../lib/gcc/arm-none-eabi/5.4.1/../../../../arm-none-eabi/lib/armv7e-m/fpu\libc.a(lib_a-writer.o)
                              c:/arduino/hardware/tools/arm/bin/../lib/gcc/arm-none-eabi/5.4.1/../../../../arm-none-eabi/lib/armv7e-m/fpu\libc.a(lib_a-vdprintf.o) (_write_r)
c:/arduino/hardware/tools/arm/bin/../lib/gcc/arm-none-eabi/5.4.1/../../../../arm-none-eabi/lib/armv7e-m/fpu\libc.a(lib_a-__atexit.o)
                              c:/arduino/hardware/tools/arm/bin/../lib/gcc/arm-none-eabi/5.4.1/../../../../arm-none-eabi/lib/armv7e-m/fpu\libc.a(lib_a-cxa_atexit.o) (__register_exitproc)
c:/arduino/hardware/tools/arm/bin/../lib/gcc/arm-none-eabi/5.4.1/../../../../arm-none-eabi/lib/armv7e-m/fpu\libc.a(lib_a-__call_atexit.o)
                              c:/arduino/hardware/tools/arm/bin/../lib/gcc/arm-none-eabi/5.4.1/../../../../arm-none-eabi/lib/armv7e-m/fpu\libc.a(lib_a-exit.o) (__call_exitprocs)
c:/arduino/hardware/tools/arm/bin/../lib/gcc/arm-none-eabi/5.4.1/../../../../arm-none-eabi/lib/armv7e-m/fpu\libc.a(lib_a-atexit.o)
[...]
Memory Configuration

Name             Origin             Length             Attributes
FLASH            0x00000000         0x00100000         xr
RAM              0x1fff0000         0x00040000         xrw
*default*        0x00000000         0xffffffff

Linker script and memory map

LOAD c:/arduino/hardware/tools/arm/bin/../lib/gcc/arm-none-eabi/5.4.1/armv7e-m/fpu/crti.o
LOAD c:/arduino/hardware/tools/arm/bin/../lib/gcc/arm-none-eabi/5.4.1/armv7e-m/fpu/crtbegin.o
LOAD c:/arduino/hardware/tools/arm/bin/../lib/gcc/arm-none-eabi/5.4.1/../../../../arm-none-eabi/lib/armv7e-m/fpu/crt0.o
LOAD common/stringUtils.o
LOAD C:\Users\Max\AppData\Local\Temp\ccrcZPFj.ltrans0.ltrans.o
LOAD C:\Users\Max\AppData\Local\Temp\ccrcZPFj.ltrans1.ltrans.o
LOAD C:\Users\Max\AppData\Local\Temp\ccrcZPFj.ltrans2.ltrans.o
LOAD C:\Users\Max\AppData\Local\Temp\ccrcZPFj.ltrans3.ltrans.o
LOAD C:\Users\Max\AppData\Local\Temp\ccrcZPFj.ltrans4.ltrans.o
LOAD C:\Users\Max\AppData\Local\Temp\ccrcZPFj.ltrans5.ltrans.o
LOAD C:\Users\Max\AppData\Local\Temp\ccrcZPFj.ltrans6.ltrans.o
LOAD teensy3/touch.o
LOAD teensy3/usb_joystick.o
LOAD teensy3/analog.o
LOAD teensy3/serial2.o
LOAD teensy3/mk20dx128.o
LOAD teensy3/serial5.o
LOAD teensy3/usb_mouse.o
LOAD teensy3/usb_dev.o
LOAD teensy3/serial1.o
LOAD teensy3/pins_teensy.o
LOAD teensy3/usb_mem.o
LOAD teensy3/serial6_lpuart.o
LOAD teensy3/eeprom.o
LOAD teensy3/ser_print.o
LOAD teensy3/usb_desc.o
LOAD teensy3/nonstd.o
LOAD teensy3/usb_touch.o
LOAD teensy3/usb_rawhid.o
LOAD teensy3/math_helper.o
LOAD teensy3/usb_serial.o
LOAD teensy3/usb_midi.o
LOAD teensy3/serial6.o
LOAD teensy3/keylayouts.o
LOAD teensy3/usb_keyboard.o
LOAD teensy3/usb_seremu.o
LOAD teensy3/serial4.o
LOAD teensy3/usb_mtp.o
LOAD teensy3/serial3.o
LOAD mainExec.o
LOAD common/CommonData.o
LOAD common/Queue.o
LOAD common/StopWatch.o
LOAD common/MemoryBlock.o
LOAD common/HashTable.o
LOAD console/StatCommand.o
LOAD console/AboutCommand.o
LOAD console/ConsoleCtrl.o
LOAD console/LedModeCommand.o
LOAD console/Command.o
LOAD control/LEDControl.o
LOAD control/Adafruit_NeoPixel.o
LOAD io/MaintenanceComm.o
LOAD mode/SMColorPulse.o
LOAD mode/StateMachine.o
LOAD mode/SMRainbowCycle.o
LOAD mode/LedModeControl.o
LOAD mode/SMWhite.o
LOAD mode/SMColor.o
LOAD mode/SMOff.o
LOAD mode/SMWhiteOverRainbow.o
LOAD scheduler/TaskScheduler.o
LOAD scheduler/Task.o
LOAD teensy3/HardwareSerial5.o
LOAD teensy3/usb_inst.o
LOAD teensy3/EventResponder.o
LOAD teensy3/avr_emulation.o
LOAD teensy3/HardwareSerial2.o
LOAD teensy3/HardwareSerial4.o
LOAD teensy3/WMath.o
LOAD teensy3/Tone.o
LOAD teensy3/HardwareSerial6.o
LOAD teensy3/main.o
LOAD teensy3/DMAChannel.o
LOAD teensy3/AudioStream.o
LOAD teensy3/IntervalTimer.o
LOAD teensy3/WString.o
LOAD teensy3/usb_audio.o
LOAD teensy3/IPAddress.o
LOAD teensy3/new.o
LOAD teensy3/usb_flightsim.o
LOAD teensy3/Print.o
LOAD teensy3/yield.o
LOAD teensy3/HardwareSerial3.o
LOAD teensy3/HardwareSerial1.o
LOAD teensy3/Stream.o
LOAD teensy3/memcpy-armv7m.o
LOAD teensy3/memset.o
LOAD c:/arduino/hardware/tools/arm/bin/../lib/gcc/arm-none-eabi/5.4.1/../../../../arm-none-eabi/lib/armv7e-m/fpu\libm.a
LOAD c:/arduino/hardware/tools/arm/bin/../lib/gcc/arm-none-eabi/5.4.1/../../../../arm-none-eabi/lib/armv7e-m/fpu\libc.a
LOAD c:/arduino/hardware/tools/arm/bin/../lib/gcc/arm-none-eabi/5.4.1/../../../../arm-none-eabi/lib\libarm_cortexM4lf_math.a
START GROUP
LOAD c:/arduino/hardware/tools/arm/bin/../lib/gcc/arm-none-eabi/5.4.1/armv7e-m/fpu\libgcc.a
LOAD c:/arduino/hardware/tools/arm/bin/../lib/gcc/arm-none-eabi/5.4.1/../../../../arm-none-eabi/lib/armv7e-m/fpu\libc.a
END GROUP
LOAD c:/arduino/hardware/tools/arm/bin/../lib/gcc/arm-none-eabi/5.4.1/armv7e-m/fpu/crtend.o
LOAD c:/arduino/hardware/tools/arm/bin/../lib/gcc/arm-none-eabi/5.4.1/armv7e-m/fpu/crtn.o

.text           0x00000000     0x93a4
                0x00000000                . = 0x0
 *(.vectors)
 .vectors       0x00000000      0x1d0 C:\Users\Max\AppData\Local\Temp\ccrcZPFj.ltrans4.ltrans.o
                0x00000000                _VectorsFlash
 *(.startup*)
 .startup       0x000001d0      0x218 C:\Users\Max\AppData\Local\Temp\ccrcZPFj.ltrans0.ltrans.o
                0x000001d0                ResetHandler
                0x00000400                . = 0x400
 *fill*         0x000003e8       0x18 ff
 *(.flashconfig*)
 .flashconfig   0x00000400       0x10 C:\Users\Max\AppData\Local\Temp\ccrcZPFj.ltrans0.ltrans.o
                0x00000400                flashconfigbytes
 *(.text*)
 .text          0x00000410       0x5c c:/arduino/hardware/tools/arm/bin/../lib/gcc/arm-none-eabi/5.4.1/armv7e-m/fpu/crtbegin.o
 .text          0x0000046c      0xdec C:\Users\Max\AppData\Local\Temp\ccrcZPFj.ltrans0.ltrans.o
                0x0000046c                uart0_status_isr
                0x0000057c                uart4_status_isr
                0x0000064c                __cxa_pure_virtual
                0x0000064e                uart1_status_isr
                0x000009e4                usb_isr
                0x0000102c                hard_fault_isr
                0x0000102c                memmanage_fault_isr
                0x0000102c                bus_fault_isr
                0x0000102c                fault_isr
                0x0000102c                usage_fault_isr
                0x00001060                tpm1_isr
                0x00001060                porte_isr
                0x00001060                portb_isr
                0x00001060                spi1_isr
                0x00001060                mcm_isr
                0x00001060                enet_error_isr
                0x00001060                randnum_isr
                0x00001060                portd_isr
                0x00001060                watchdog_isr
                0x00001060                i2c1_isr
                0x00001060                dma_ch11_isr
                0x00001060                i2c2_isr
                0x00001060                dma_ch4_isr
                0x00001060                dma_ch7_isr
                0x00001060                lptmr_isr
                0x00001060                can1_bus_off_isr
                0x00001060                ftm2_isr
                0x00001060                dma_ch9_isr
                0x00001060                i2c3_isr
                0x00001060                can1_error_isr
                0x00001060                can0_wakeup_isr
                0x00001060                flash_cmd_isr
                0x00001060                tpm2_isr
                0x00001060                cmp3_isr
                0x00001060                svcall_isr
                0x00001060                dma_ch15_isr
                0x00001060                uart1_error_isr
                0x00001060                i2c0_isr
                0x00001060                unused_isr
                0x00001060                wakeup_isr
                0x00001060                spi0_isr
                0x00001060                dma_ch3_isr
                0x00001060                flash_error_isr
                0x00001060                rtc_seconds_isr
                0x00001060                pdb_isr
                0x00001060                dma_error_isr
                0x00001060                dac1_isr
                0x00001060                dma_ch14_isr
                0x00001060                rtc_alarm_isr
                0x00001060                dma_ch2_isr
                0x00001060                ftm1_isr
                0x00001060                dma_ch13_isr
                0x00001060                uart2_error_isr
                0x00001060                can1_rx_warn_isr
                0x00001060                usb_charge_isr
                0x00001060                cmt_isr
                0x00001060                usbhs_isr
                0x00001060                ftm3_isr
                0x00001060                tsi0_isr
                0x00001060                dma_ch0_isr
                0x00001060                spi2_isr
                0x00001060                can0_bus_off_isr
                0x00001060                dma_ch8_isr
                0x00001060                cmp2_isr
                0x00001060                uart3_error_isr
                0x00001060                porta_isr
                0x00001060                low_voltage_isr
                0x00001060                can0_error_isr
                0x00001060                dma_ch12_isr
                0x00001060                can1_wakeup_isr
                0x00001060                enet_rx_isr
                0x00001060                portc_isr
                0x00001060                usbhs_phy_isr
                0x00001060                debugmonitor_isr
                0x00001060                cmp1_isr
                0x00001060                ftm0_isr
                0x00001060                i2s0_rx_isr
                0x00001060                uart4_error_isr
                0x00001060                can0_message_isr
                0x00001060                can1_message_isr
                0x00001060                nmi_isr
                0x00001060                sdhc_isr
                0x00001060                dma_ch10_isr
                0x00001060                uart0_error_isr
                0x00001060                enet_timer_isr
                0x00001060                i2s0_tx_isr
                0x00001060                adc1_isr
                0x00001060                cmp0_isr
                0x00001060                dac0_isr
                0x00001060                can1_tx_warn_isr
                0x00001060                dma_ch6_isr
                0x00001060                adc0_isr
                0x00001060                mcg_isr
                0x00001060                dma_ch1_isr
                0x00001060                dma_ch5_isr
                0x00001060                can0_rx_warn_isr
                0x00001060                can0_tx_warn_isr
                0x00001060                enet_tx_isr
                0x00001066                serial5_putchar
                0x0000113c                serial5_write
                0x00001152                serial5_set_tx
                0x000011a0                serial5_begin
                0x00001228                abort
                0x0000122a                _exit
                0x0000122c                _sbrk
 .text          0x00001258      0x838 C:\Users\Max\AppData\Local\Temp\ccrcZPFj.ltrans1.ltrans.o
                0x00001258                pendablesrvreq_isr
                0x00001288                HardwareSerial5::write(long)
                0x00001288                HardwareSerial5::write(int)
                0x00001290                HardwareSerial5::write(unsigned long)
                0x00001290                HardwareSerial5::write(unsigned int)
                0x00001298                HardwareSerial5::availableForWrite()
                0x000012b4                HardwareSerial5::clear()
                0x000012d8                HardwareSerial5::read()
                0x00001328                HardwareSerial5::peek()
                0x0000135c                HardwareSerial5::available()
                0x0000137c                HardwareSerial5::attachCts(unsigned char)
                0x000013bc                HardwareSerial5::attachRts(unsigned char)
                0x00001410                HardwareSerial5::setRX(unsigned char)
                0x00001412                SMWhiteOverRainbow::reset()
                0x00001420                SMWhiteOverRainbow::run()
                0x00001440                SMColorPulse::init()
                0x00001440                SMWhite::init()
                0x00001440                SMOff::init()
                0x00001440                SMColor::init()
                0x00001440                SMRainbowCycle::init()
                0x00001440                SMWhiteOverRainbow::init()
                0x00001442                SMWhite::reset()
                0x00001442                SMOff::reset()
                0x00001442                SMColor::reset()
                0x00001450                SMOff::run()
                0x00001470                SMColor::run()
                0x00001490                SMWhite::run()
                0x000014b0                usb_serial_class::availableForWrite()
                0x00001504                usb_serial_class::clear()
                0x0000152c                usb_serial_class::peek()
                0x00001560                usb_serial_class::flush()
                0x000015a8                usb_serial_class::read()
                0x000015ac                usb_serial_class::available()
                0x000015b0                HardwareSerial5::write9bit(unsigned long)
                0x000015bc                HardwareSerial5::write(char const*)
                0x000015d4                HardwareSerial5::flush()
                0x000015ec                HardwareSerial5::end()
                0x00001650                HardwareSerial5::setTX(unsigned char, bool)
                0x00001658                HardwareSerial5::transmitterEnable(unsigned char)
                0x000016a8                HardwareSerial5::begin(unsigned long, unsigned long)
                0x00001724                HardwareSerial5::begin(unsigned long)
                0x00001738                SMWhiteOverRainbow::updateStrips()
                0x0000178c                SMWhiteOverRainbow::idle()
                0x000017aa                SMOff::idle()
                0x000017c6                SMColor::idle()
                0x000017e4                SMWhite::idle()
                0x00001802                SMWhiteOverRainbow::initialState()
                0x00001832                SMWhiteOverRainbow::updatePixels()
                0x000018f4                SMOff::turnLedsOff()
                0x0000194c                SMColor::setColor()
                0x000019a8                SMWhite::setWhiteLight()
                0x00001a08                SMWhiteOverRainbow::~SMWhiteOverRainbow()
                0x00001a14                SMOff::~SMOff()
                0x00001a20                SMColor::~SMColor()
                0x00001a2c                MillisTimer::addToActiveList()
                0x00001a88                SMWhiteOverRainbow::~SMWhiteOverRainbow() [clone .lto_priv.66]
                0x00001a88                SMWhiteOverRainbow::~SMWhiteOverRainbow() [clone .lto_priv.78]
                0x00001a8a                SMOff::~SMOff() [clone .lto_priv.71]
                0x00001a8a                SMOff::~SMOff() [clone .lto_priv.83]
                0x00001a8c                SMColor::~SMColor() [clone .lto_priv.69]
                0x00001a8c                SMColor::~SMColor() [clone .lto_priv.81]
 .text          0x00001a90      0x7a8 C:\Users\Max\AppData\Local\Temp\ccrcZPFj.ltrans2.ltrans.o
                0x00001a90                LedModeControl::init()
                0x00001ac4                SMRainbowCycle::initialState()
                0x00001ad8                SMRainbowCycle::reset()
                0x00001ae6                SMRainbowCycle::run()
                0x00001b06                SMColorPulse::fadeOut()
                0x00001b2a                SMColorPulse::fadeIn()
                0x00001b4e                SMColorPulse::reset()
                0x00001b5c                SMColorPulse::run()
                0x00001b7e                SMColorPulse::~SMColorPulse()
                0x00001b8a                SMWhite::~SMWhite()
                0x00001b96                LedModeControl::~LedModeControl()
                0x00001ba2                SMRainbowCycle::~SMRainbowCycle()
                0x00001bba                SMRainbowCycle::idle()
                0x00001bd8                SMColorPulse::idle()
                0x00001bf6                SMColorPulse::initialState()
                0x00001c20                LedModeControl::exec()
                0x00001e6c                SMRainbowCycle::updateStrips()
                0x00001e9e                usb_serial_class::write(unsigned char const*, unsigned int)
                0x00001ea6                usb_serial_class::write(unsigned char)
                0x00001fe8                SMWhite::~SMWhite() [clone .lto_priv.82]
                0x00001fe8                SMWhite::~SMWhite() [clone .lto_priv.70]
                0x00001fea                LedModeControl::~LedModeControl() [clone .lto_priv.77]
                0x00001fea                LedModeControl::~LedModeControl() [clone .lto_priv.65]
                0x00001fec                SMRainbowCycle::~SMRainbowCycle() [clone .lto_priv.67]
                0x00001fec                SMRainbowCycle::~SMRainbowCycle() [clone .lto_priv.79]
                0x00001fee                SMColorPulse::~SMColorPulse() [clone .lto_priv.68]
                0x00001fee                SMColorPulse::~SMColorPulse() [clone .lto_priv.80]
                0x00001ff0                Adafruit_NeoPixel::setBrightness(unsigned char)
                0x0000203c                Adafruit_NeoPixel::show()
                0x000020f4                SMColorPulse::delay()
                0x00002150                LEDControl::setPixelColor(unsigned int, unsigned int, unsigned int) [clone .part.1]
                0x000021c4                SMRainbowCycle::updatePixels()
 .text          0x00002238      0x890 C:\Users\Max\AppData\Local\Temp\ccrcZPFj.ltrans3.ltrans.o
                0x00002238                uart2_status_isr
                0x000022cc                uart3_status_isr
                0x00002364                lpuart0_status_isr
                0x00002408                ConsoleCtrl::~ConsoleCtrl()
                0x00002414                AboutCommand::~AboutCommand()
                0x00002420                StatCommand::~StatCommand()
                0x0000242c                ConsoleCtrl::~ConsoleCtrl() [clone .lto_priv.84]
                0x0000242c                ConsoleCtrl::~ConsoleCtrl() [clone .lto_priv.72]
                0x0000242e                AboutCommand::~AboutCommand() [clone .lto_priv.85]
                0x0000242e                AboutCommand::~AboutCommand() [clone .lto_priv.73]
                0x00002430                StatCommand::~StatCommand() [clone .lto_priv.87]
                0x00002430                StatCommand::~StatCommand() [clone .lto_priv.75]
                0x00002432                StopWatch::timerHasExpired() const
                0x00002458                StopWatch::start(unsigned int)
                0x00002470                Queue::push(void const*)
                0x000024aa                Singleton<TaskScheduler>::getInstance()
                0x000024dc                Singleton<LEDControl>::getInstance()
                0x0000250c                Singleton<MaintenanceComm>::getInstance()
                0x000025ac                ConsoleCtrl::init()
                0x0000267c                AboutCommand::exec(char*, char*, char*, char*)
                0x00002724                StatCommand::exec(char*, char*, char*, char*)
                0x000027c0                usb_serial_available
                0x000027dc                usb_free
                0x000028a0                usb_serial_getchar
                0x000028ec                usb_malloc
                0x00002928                usb_serial_write
                0x00002a20                digitalWrite.part.0
                0x00002a5c                micros
                0x00002a9c                delay
 .text          0x00002ac8      0x3f0 C:\Users\Max\AppData\Local\Temp\ccrcZPFj.ltrans4.ltrans.o
                0x00002ac8                IPAddress::printTo(Print&) const
                0x00002b32                pit3_isr
                0x00002b48                pit2_isr
                0x00002b5c                pit1_isr
                0x00002b70                pit0_isr
                0x00002b84                software_isr
                0x00002bb8                systick_isr
                0x00002c1c                strnsep.constprop.59
                0x00002c52                usb_tx.constprop.56
                0x00002cb4                usb_rx.constprop.49
                0x00002cd4                Task::Task(unsigned int, char const*, TaskIDEnum) [clone .constprop.46]
                0x00002d18                MaintenanceComm::sendData(char const*, bool, bool) [clone .part.2] [clone .constprop.39]
                0x00002d94                MaintenanceComm::sendData(int, char const*, ...) [clone .constprop.38]
                0x00002dc4                Print::printf(char const*, ...) [clone .constprop.32]
                0x00002de4                yield
                0x00002e68                _write
                0x00002e76                IntervalTimer::~IntervalTimer() [clone .lto_priv.76]
                0x00002e76                IntervalTimer::~IntervalTimer()
 .text.startup  0x00002eb8      0x1f8 C:\Users\Max\AppData\Local\Temp\ccrcZPFj.ltrans4.ltrans.o
                0x00002eb8                Adafruit_NeoPixel::Adafruit_NeoPixel(unsigned short, unsigned char, unsigned short) [clone .constprop.22]
                0x00002f2c                main
 .text          0x000030b0      0x484 C:\Users\Max\AppData\Local\Temp\ccrcZPFj.ltrans5.ltrans.o
                0x000030b0                LedModeCommand::~LedModeCommand()
                0x000030bc                LEDControl::Wheel(char, unsigned int)
                0x0000310a                LEDControl::updateStrip(unsigned int)
                0x00003120                LEDControl::setBrightness(unsigned char)
                0x0000315c                LEDControl::setLedMode(LEDModes)
                0x000031e8                LedModeCommand::exec(char*, char*, char*, char*)
                0x000033d4                LedModeCommand::~LedModeCommand() [clone .lto_priv.86]
                0x000033d4                LedModeCommand::~LedModeCommand() [clone .lto_priv.74]
                0x000033d6                HashTable<int>::findPos(char*) const
                0x00003446                ConsoleCtrl::exec()
 .text.startup  0x00003534      0x388 C:\Users\Max\AppData\Local\Temp\ccrcZPFj.ltrans6.ltrans.o
 .text          0x000038bc      0x134 teensy3/memcpy-armv7m.o
                0x000038bc                memcpy
 .text          0x000039f0       0x44 teensy3/memset.o
                0x000039f0                memset
 .text.__aeabi_atexit
                0x00003a34        0xc c:/arduino/hardware/tools/arm/bin/../lib/gcc/arm-none-eabi/5.4.1/../../../../arm-none-eabi/lib/armv7e-m/fpu\libc.a(lib_a-aeabi_atexit.o)
                0x00003a34                __aeabi_atexit
 .text.__cxa_atexit
                0x00003a40        0xc c:/arduino/hardware/tools/arm/bin/../lib/gcc/arm-none-eabi/5.4.1/../../../../arm-none-eabi/lib/armv7e-m/fpu\libc.a(lib_a-cxa_atexit.o)
                0x00003a40                __cxa_atexit
 .text.__errno  0x00003a4c        0xc c:/arduino/hardware/tools/arm/bin/../lib/gcc/arm-none-eabi/5.4.1/../../../../arm-none-eabi/lib/armv7e-m/fpu\libc.a(lib_a-errno.o)
                0x00003a4c                __errno
 .text.__libc_init_array
                0x00003a58       0x50 c:/arduino/hardware/tools/arm/bin/../lib/gcc/arm-none-eabi/5.4.1/../../../../arm-none-eabi/lib/armv7e-m/fpu\libc.a(lib_a-init.o)
                0x00003a58                __libc_init_array
 .text.strnlen  0x00003aa8       0x34 c:/arduino/hardware/tools/arm/bin/../lib/gcc/arm-none-eabi/5.4.1/../../../../arm-none-eabi/lib/armv7e-m/fpu\libc.a(lib_a-strnlen.o)
                0x00003aa8                strnlen
 .text._strtoul_l.isra.0
                0x00003adc      0x168 c:/arduino/hardware/tools/arm/bin/../lib/gcc/arm-none-eabi/5.4.1/../../../../arm-none-eabi/lib/armv7e-m/fpu\libc.a(lib_a-strtoul.o)
 .text.strtoul  0x00003c44       0x2c c:/arduino/hardware/tools/arm/bin/../lib/gcc/arm-none-eabi/5.4.1/../../../../arm-none-eabi/lib/armv7e-m/fpu\libc.a(lib_a-strtoul.o)
                0x00003c44                strtoul
 .text._vdprintf_r
                0x00003c70       0x4c c:/arduino/hardware/tools/arm/bin/../lib/gcc/arm-none-eabi/5.4.1/../../../../arm-none-eabi/lib/armv7e-m/fpu\libc.a(lib_a-vdprintf.o)
                0x00003c70                _vdprintf_r
 .text.vdprintf
                0x00003cbc       0x18 c:/arduino/hardware/tools/arm/bin/../lib/gcc/arm-none-eabi/5.4.1/../../../../arm-none-eabi/lib/armv7e-m/fpu\libc.a(lib_a-vdprintf.o)
                0x00003cbc                vdprintf
 .text._write_r
                0x00003cd4       0x2c c:/arduino/hardware/tools/arm/bin/../lib/gcc/arm-none-eabi/5.4.1/../../../../arm-none-eabi/lib/armv7e-m/fpu\libc.a(lib_a-writer.o)
                0x00003cd4                _write_r
 .text.__register_exitproc
                0x00003d00       0xa4 c:/arduino/hardware/tools/arm/bin/../lib/gcc/arm-none-eabi/5.4.1/../../../../arm-none-eabi/lib/armv7e-m/fpu\libc.a(lib_a-__atexit.o)
                0x00003d00                __register_exitproc
 .text.startup.register_fini
                0x00003da4       0x14 c:/arduino/hardware/tools/arm/bin/../lib/gcc/arm-none-eabi/5.4.1/../../../../arm-none-eabi/lib/armv7e-m/fpu\libc.a(lib_a-__call_atexit.o)
 .text.atexit   0x00003db8        0xc c:/arduino/hardware/tools/arm/bin/../lib/gcc/arm-none-eabi/5.4.1/../../../../arm-none-eabi/lib/armv7e-m/fpu\libc.a(lib_a-atexit.o)
                0x00003db8                atexit
 .text.__libc_fini_array
                0x00003dc4       0x28 c:/arduino/hardware/tools/arm/bin/../lib/gcc/arm-none-eabi/5.4.1/../../../../arm-none-eabi/lib/armv7e-m/fpu\libc.a(lib_a-fini.o)
                0x00003dc4                __libc_fini_array
 .text._malloc_trim_r
                0x00003dec       0x9c c:/arduino/hardware/tools/arm/bin/../lib/gcc/arm-none-eabi/5.4.1/../../../../arm-none-eabi/lib/armv7e-m/fpu\libc.a(lib_a-freer.o)
                0x00003dec                _malloc_trim_r
 .text._free_r  0x00003e88      0x1d0 c:/arduino/hardware/tools/arm/bin/../lib/gcc/arm-none-eabi/5.4.1/../../../../arm-none-eabi/lib/armv7e-m/fpu\libc.a(lib_a-freer.o)
                0x00003e88                _free_r
 .text.__locale_ctype_ptr_l
                0x00004058        0x8 c:/arduino/hardware/tools/arm/bin/../lib/gcc/arm-none-eabi/5.4.1/../../../../arm-none-eabi/lib/armv7e-m/fpu\libc.a(lib_a-locale.o)
                0x00004058                __locale_ctype_ptr_l
 .text._localeconv_r
                0x00004060       0x1c c:/arduino/hardware/tools/arm/bin/../lib/gcc/arm-none-eabi/5.4.1/../../../../arm-none-eabi/lib/armv7e-m/fpu\libc.a(lib_a-localeconv.o)
                0x00004060                _localeconv_r
 .text._malloc_r
                0x0000407c      0x570 c:/arduino/hardware/tools/arm/bin/../lib/gcc/arm-none-eabi/5.4.1/../../../../arm-none-eabi/lib/armv7e-m/fpu\libc.a(lib_a-mallocr.o)
                0x0000407c                _malloc_r
 .text.__ascii_mbtowc
                0x000045ec       0x2c c:/arduino/hardware/tools/arm/bin/../lib/gcc/arm-none-eabi/5.4.1/../../../../arm-none-eabi/lib/armv7e-m/fpu\libc.a(lib_a-mbtowc_r.o)
                0x000045ec                __ascii_mbtowc
 .text.__malloc_lock
                0x00004618        0x4 c:/arduino/hardware/tools/arm/bin/../lib/gcc/arm-none-eabi/5.4.1/../../../../arm-none-eabi/lib/armv7e-m/fpu\libc.a(lib_a-mlock.o)
                0x00004618                __malloc_lock
 .text.__malloc_unlock
                0x0000461c        0x4 c:/arduino/hardware/tools/arm/bin/../lib/gcc/arm-none-eabi/5.4.1/../../../../arm-none-eabi/lib/armv7e-m/fpu\libc.a(lib_a-mlock.o)
                0x0000461c                __malloc_unlock
 .text._Balloc  0x00004620       0x4c c:/arduino/hardware/tools/arm/bin/../lib/gcc/arm-none-eabi/5.4.1/../../../../arm-none-eabi/lib/armv7e-m/fpu\libc.a(lib_a-mprec.o)
                0x00004620                _Balloc
 .text._Bfree   0x0000466c       0x14 c:/arduino/hardware/tools/arm/bin/../lib/gcc/arm-none-eabi/5.4.1/../../../../arm-none-eabi/lib/armv7e-m/fpu\libc.a(lib_a-mprec.o)
                0x0000466c                _Bfree
 .text.__multadd
                0x00004680       0x80 c:/arduino/hardware/tools/arm/bin/../lib/gcc/arm-none-eabi/5.4.1/../../../../arm-none-eabi/lib/armv7e-m/fpu\libc.a(lib_a-mprec.o)
                0x00004680                __multadd
 .text.__hi0bits
                0x00004700       0x40 c:/arduino/hardware/tools/arm/bin/../lib/gcc/arm-none-eabi/5.4.1/../../../../arm-none-eabi/lib/armv7e-m/fpu\libc.a(lib_a-mprec.o)
                0x00004700                __hi0bits
 .text.__lo0bits
                0x00004740       0x5c c:/arduino/hardware/tools/arm/bin/../lib/gcc/arm-none-eabi/5.4.1/../../../../arm-none-eabi/lib/armv7e-m/fpu\libc.a(lib_a-mprec.o)
                0x00004740                __lo0bits
 .text.__i2b    0x0000479c       0x14 c:/arduino/hardware/tools/arm/bin/../lib/gcc/arm-none-eabi/5.4.1/../../../../arm-none-eabi/lib/armv7e-m/fpu\libc.a(lib_a-mprec.o)
                0x0000479c                __i2b
 .text.__multiply
                0x000047b0      0x130 c:/arduino/hardware/tools/arm/bin/../lib/gcc/arm-none-eabi/5.4.1/../../../../arm-none-eabi/lib/armv7e-m/fpu\libc.a(lib_a-mprec.o)
                0x000047b0                __multiply
 .text.__pow5mult
                0x000048e0       0xa0 c:/arduino/hardware/tools/arm/bin/../lib/gcc/arm-none-eabi/5.4.1/../../../../arm-none-eabi/lib/armv7e-m/fpu\libc.a(lib_a-mprec.o)
                0x000048e0                __pow5mult
 .text.__lshift
                0x00004980       0xb0 c:/arduino/hardware/tools/arm/bin/../lib/gcc/arm-none-eabi/5.4.1/../../../../arm-none-eabi/lib/armv7e-m/fpu\libc.a(lib_a-mprec.o)
                0x00004980                __lshift
 .text.__mcmp   0x00004a30       0x44 c:/arduino/hardware/tools/arm/bin/../lib/gcc/arm-none-eabi/5.4.1/../../../../arm-none-eabi/lib/armv7e-m/fpu\libc.a(lib_a-mprec.o)
                0x00004a30                __mcmp
 .text.__mdiff  0x00004a74      0x114 c:/arduino/hardware/tools/arm/bin/../lib/gcc/arm-none-eabi/5.4.1/../../../../arm-none-eabi/lib/armv7e-m/fpu\libc.a(lib_a-mprec.o)
                0x00004a74                __mdiff
 .text.__d2b    0x00004b88       0xbc c:/arduino/hardware/tools/arm/bin/../lib/gcc/arm-none-eabi/5.4.1/../../../../arm-none-eabi/lib/armv7e-m/fpu\libc.a(lib_a-mprec.o)
                0x00004b88                __d2b
 .text._realloc_r
                0x00004c44      0x3e0 c:/arduino/hardware/tools/arm/bin/../lib/gcc/arm-none-eabi/5.4.1/../../../../arm-none-eabi/lib/armv7e-m/fpu\libc.a(lib_a-reallocr.o)
                0x00004c44                _realloc_r
 .text._sbrk_r  0x00005024       0x24 c:/arduino/hardware/tools/arm/bin/../lib/gcc/arm-none-eabi/5.4.1/../../../../arm-none-eabi/lib/armv7e-m/fpu\libc.a(lib_a-sbrkr.o)
                0x00005024                _sbrk_r
 *fill*         0x00005048       0x38 ff
 .text          0x00005080       0xdc c:/arduino/hardware/tools/arm/bin/../lib/gcc/arm-none-eabi/5.4.1/../../../../arm-none-eabi/lib/armv7e-m/fpu\libc.a(lib_a-strlen.o)
                0x00005080                strlen
 .text.strncmp  0x0000515c       0xa0 c:/arduino/hardware/tools/arm/bin/../lib/gcc/arm-none-eabi/5.4.1/../../../../arm-none-eabi/lib/armv7e-m/fpu\libc.a(lib_a-strncmp.o)
                0x0000515c                strncmp
 .text._vasnprintf_r
                0x000051fc       0x60 c:/arduino/hardware/tools/arm/bin/../lib/gcc/arm-none-eabi/5.4.1/../../../../arm-none-eabi/lib/armv7e-m/fpu\libc.a(lib_a-vasnprintf.o)
                0x000051fc                _vasnprintf_r
 .text.__ascii_wctomb
                0x0000525c       0x1c c:/arduino/hardware/tools/arm/bin/../lib/gcc/arm-none-eabi/5.4.1/../../../../arm-none-eabi/lib/armv7e-m/fpu\libc.a(lib_a-wctomb_r.o)
                0x0000525c                __ascii_wctomb
 .text._calloc_r
                0x00005278       0x60 c:/arduino/hardware/tools/arm/bin/../lib/gcc/arm-none-eabi/5.4.1/../../../../arm-none-eabi/lib/armv7e-m/fpu\libc.a(lib_a-callocr.o)
                0x00005278                _calloc_r
 .text.quorem   0x000052d8      0x128 c:/arduino/hardware/tools/arm/bin/../lib/gcc/arm-none-eabi/5.4.1/../../../../arm-none-eabi/lib/armv7e-m/fpu\libc.a(lib_a-dtoa.o)
 .text._dtoa_r  0x00005400      0xe34 c:/arduino/hardware/tools/arm/bin/../lib/gcc/arm-none-eabi/5.4.1/../../../../arm-none-eabi/lib/armv7e-m/fpu\libc.a(lib_a-dtoa.o)
                0x00005400                _dtoa_r
 .text.memmove  0x00006234       0xc8 c:/arduino/hardware/tools/arm/bin/../lib/gcc/arm-none-eabi/5.4.1/../../../../arm-none-eabi/lib/armv7e-m/fpu\libc.a(lib_a-memmove.o)
                0x00006234                memmove
 *fill*         0x000062fc        0x4 ff
 .text._svfprintf_r
                0x00006300     0x16e4 c:/arduino/hardware/tools/arm/bin/../lib/gcc/arm-none-eabi/5.4.1/../../../../arm-none-eabi/lib/armv7e-m/fpu\libc.a(lib_a-svfprintf.o)
                0x00006300                _svfprintf_r
 *fill*         0x000079e4        0xc ff
 .text          0x000079f0       0xa0 c:/arduino/hardware/tools/arm/bin/../lib/gcc/arm-none-eabi/5.4.1/../../../../arm-none-eabi/lib/armv7e-m/fpu\libc.a(lib_a-memchr.o)
                0x000079f0                memchr
 .text.__ssprint_r
                0x00007a90      0x100 c:/arduino/hardware/tools/arm/bin/../lib/gcc/arm-none-eabi/5.4.1/../../../../arm-none-eabi/lib/armv7e-m/fpu\libc.a(lib_a-svfiprintf.o)
                0x00007a90                __ssprint_r
 .text          0x00007b90      0x370 c:/arduino/hardware/tools/arm/bin/../lib/gcc/arm-none-eabi/5.4.1/armv7e-m/fpu\libgcc.a(_arm_addsubdf3.o)
                0x00007b90                __aeabi_drsub
                0x00007b98                __aeabi_dsub
                0x00007b98                __subdf3
                0x00007b9c                __aeabi_dadd
                0x00007b9c                __adddf3
                0x00007e14                __floatunsidf
                0x00007e14                __aeabi_ui2d
                0x00007e34                __floatsidf
                0x00007e34                __aeabi_i2d
                0x00007e58                __aeabi_f2d
                0x00007e58                __extendsfdf2
                0x00007e94                __floatundidf
                0x00007e94                __aeabi_ul2d
                0x00007ea4                __floatdidf
                0x00007ea4                __aeabi_l2d
 .text          0x00007f00      0x424 c:/arduino/hardware/tools/arm/bin/../lib/gcc/arm-none-eabi/5.4.1/armv7e-m/fpu\libgcc.a(_arm_muldivdf3.o)
                0x00007f00                __aeabi_dmul
                0x00007f00                __muldf3
                0x00008154                __divdf3
                0x00008154                __aeabi_ddiv
 .text          0x00008324      0x110 c:/arduino/hardware/tools/arm/bin/../lib/gcc/arm-none-eabi/5.4.1/armv7e-m/fpu\libgcc.a(_arm_cmpdf2.o)
                0x00008324                __gtdf2
                0x00008324                __gedf2
                0x0000832c                __ltdf2
                0x0000832c                __ledf2
                0x00008334                __nedf2
                0x00008334                __eqdf2
                0x00008334                __cmpdf2
                0x000083b0                __aeabi_cdrcmple
                0x000083c0                __aeabi_cdcmpeq
                0x000083c0                __aeabi_cdcmple
                0x000083d0                __aeabi_dcmpeq
                0x000083e4                __aeabi_dcmplt
                0x000083f8                __aeabi_dcmple
                0x0000840c                __aeabi_dcmpge
                0x00008420                __aeabi_dcmpgt
 .text          0x00008434       0x2c c:/arduino/hardware/tools/arm/bin/../lib/gcc/arm-none-eabi/5.4.1/armv7e-m/fpu\libgcc.a(_arm_unorddf2.o)
                0x00008434                __unorddf2
                0x00008434                __aeabi_dcmpun
 .text          0x00008460       0x50 c:/arduino/hardware/tools/arm/bin/../lib/gcc/arm-none-eabi/5.4.1/armv7e-m/fpu\libgcc.a(_arm_fixdfsi.o)
                0x00008460                __aeabi_d2iz
                0x00008460                __fixdfsi
 .text          0x000084b0       0x30 c:/arduino/hardware/tools/arm/bin/../lib/gcc/arm-none-eabi/5.4.1/armv7e-m/fpu\libgcc.a(_aeabi_uldivmod.o)
                0x000084b0                __aeabi_uldivmod
 .text          0x000084e0      0x2e4 c:/arduino/hardware/tools/arm/bin/../lib/gcc/arm-none-eabi/5.4.1/armv7e-m/fpu\libgcc.a(_udivmoddi4.o)
                0x000084e0                __udivmoddi4
 .text          0x000087c4        0x4 c:/arduino/hardware/tools/arm/bin/../lib/gcc/arm-none-eabi/5.4.1/armv7e-m/fpu\libgcc.a(_dvmd_tls.o)
                0x000087c4                __aeabi_idiv0
                0x000087c4                __aeabi_ldiv0
 .text.malloc   0x000087c8       0x10 c:/arduino/hardware/tools/arm/bin/../lib/gcc/arm-none-eabi/5.4.1/../../../../arm-none-eabi/lib/armv7e-m/fpu\libc.a(lib_a-malloc.o)
                0x000087c8                malloc
 .text.free     0x000087d8       0x10 c:/arduino/hardware/tools/arm/bin/../lib/gcc/arm-none-eabi/5.4.1/../../../../arm-none-eabi/lib/armv7e-m/fpu\libc.a(lib_a-malloc.o)
                0x000087d8                free
 .text.snprintf
                0x000087e8       0x9c c:/arduino/hardware/tools/arm/bin/../lib/gcc/arm-none-eabi/5.4.1/../../../../arm-none-eabi/lib/armv7e-m/fpu\libc.a(lib_a-snprintf.o)
                0x000087e8                snprintf
 .text.strncpy  0x00008884       0x68 c:/arduino/hardware/tools/arm/bin/../lib/gcc/arm-none-eabi/5.4.1/../../../../arm-none-eabi/lib/armv7e-m/fpu\libc.a(lib_a-strncpy.o)
                0x00008884                strncpy
 .text._vsnprintf_r
                0x000088ec       0x74 c:/arduino/hardware/tools/arm/bin/../lib/gcc/arm-none-eabi/5.4.1/../../../../arm-none-eabi/lib/armv7e-m/fpu\libc.a(lib_a-vsnprintf.o)
                0x000088ec                _vsnprintf_r
 .text.vsnprintf
                0x00008960       0x20 c:/arduino/hardware/tools/arm/bin/../lib/gcc/arm-none-eabi/5.4.1/../../../../arm-none-eabi/lib/armv7e-m/fpu\libc.a(lib_a-vsnprintf.o)
                0x00008960                vsnprintf
 *(.rodata*)
 .rodata        0x00008980       0x54 C:\Users\Max\AppData\Local\Temp\ccrcZPFj.ltrans0.ltrans.o
 .rodata        0x000089d4       0x20 C:\Users\Max\AppData\Local\Temp\ccrcZPFj.ltrans2.ltrans.o
                0x000089dc                vtable for MaintenanceComm
 .rodata.str1.1
                0x000089f4       0x1e C:\Users\Max\AppData\Local\Temp\ccrcZPFj.ltrans2.ltrans.o
 .rodata        0x00008a12       0x24 C:\Users\Max\AppData\Local\Temp\ccrcZPFj.ltrans3.ltrans.o
                0x00008a32                usb_endpoint_config_table
 .rodata.str1.1
                0x00008a36      0x127 C:\Users\Max\AppData\Local\Temp\ccrcZPFj.ltrans3.ltrans.o
                                0x12f (size before relaxing)
 *fill*         0x00008b5d        0x3 ff
 .rodata        0x00008b60      0x240 C:\Users\Max\AppData\Local\Temp\ccrcZPFj.ltrans4.ltrans.o
                0x00008b60                vtable for Task
                0x00008b78                digital_pin_to_info_PGM
 .rodata.str1.1
                0x00008da0        0x4 C:\Users\Max\AppData\Local\Temp\ccrcZPFj.ltrans4.ltrans.o
                                 0x40 (size before relaxing)
 .rodata.str1.1
                0x00008da4      0x19e C:\Users\Max\AppData\Local\Temp\ccrcZPFj.ltrans5.ltrans.o
                                0x1a9 (size before relaxing)
 *fill*         0x00008f42        0x2 ff
 .rodata        0x00008f44      0x184 C:\Users\Max\AppData\Local\Temp\ccrcZPFj.ltrans6.ltrans.o
                0x00008f44                vtable for AboutCommand
                0x00008f58                vtable for LedModeCommand
                0x00008f6c                vtable for StatCommand
                0x00008fa0                vtable for LedModeControl
                0x00008fb8                vtable for SMOff
                0x00008fd4                vtable for SMWhite
                0x00008ff0                vtable for SMColor
                0x0000900c                vtable for SMColorPulse
                0x00009028                vtable for SMRainbowCycle
                0x00009044                vtable for SMWhiteOverRainbow
                0x00009080                vtable for ConsoleCtrl
                0x00009098                vtable for Command
                0x000090ac                vtable for StateMachine
 .rodata.str1.1
                0x000090c8       0x38 C:\Users\Max\AppData\Local\Temp\ccrcZPFj.ltrans6.ltrans.o
 .rodata._global_impure_ptr
                0x00009100        0x4 c:/arduino/hardware/tools/arm/bin/../lib/gcc/arm-none-eabi/5.4.1/../../../../arm-none-eabi/lib/armv7e-m/fpu\libc.a(lib_a-impure.o)
                0x00009100                _global_impure_ptr
 .rodata.str1.4
                0x00009104        0xe c:/arduino/hardware/tools/arm/bin/../lib/gcc/arm-none-eabi/5.4.1/../../../../arm-none-eabi/lib/armv7e-m/fpu\libc.a(lib_a-locale.o)
                                 0x12 (size before relaxing)
 *fill*         0x00009112        0x6 ff
 .rodata.__mprec_tens
                0x00009118       0xc8 c:/arduino/hardware/tools/arm/bin/../lib/gcc/arm-none-eabi/5.4.1/../../../../arm-none-eabi/lib/armv7e-m/fpu\libc.a(lib_a-mprec.o)
                0x00009118                __mprec_tens
 .rodata.__mprec_bigtens
                0x000091e0       0x28 c:/arduino/hardware/tools/arm/bin/../lib/gcc/arm-none-eabi/5.4.1/../../../../arm-none-eabi/lib/armv7e-m/fpu\libc.a(lib_a-mprec.o)
                0x000091e0                __mprec_bigtens
 .rodata.p05.6087
                0x00009208        0xc c:/arduino/hardware/tools/arm/bin/../lib/gcc/arm-none-eabi/5.4.1/../../../../arm-none-eabi/lib/armv7e-m/fpu\libc.a(lib_a-mprec.o)
 .rodata._ctype_
                0x00009214      0x101 c:/arduino/hardware/tools/arm/bin/../lib/gcc/arm-none-eabi/5.4.1/../../../../arm-none-eabi/lib/armv7e-m/fpu\libc.a(lib_a-ctype_.o)
                0x00009214                _ctype_
 *fill*         0x00009315        0x3 ff
 .rodata.str1.4
                0x00009318       0x12 c:/arduino/hardware/tools/arm/bin/../lib/gcc/arm-none-eabi/5.4.1/../../../../arm-none-eabi/lib/armv7e-m/fpu\libc.a(lib_a-dtoa.o)
 *fill*         0x0000932a        0x2 ff
 .rodata.zeroes.7258
                0x0000932c       0x10 c:/arduino/hardware/tools/arm/bin/../lib/gcc/arm-none-eabi/5.4.1/../../../../arm-none-eabi/lib/armv7e-m/fpu\libc.a(lib_a-svfprintf.o)
 .rodata.str1.4
                0x0000933c       0x40 c:/arduino/hardware/tools/arm/bin/../lib/gcc/arm-none-eabi/5.4.1/../../../../arm-none-eabi/lib/armv7e-m/fpu\libc.a(lib_a-svfprintf.o)
                                 0x42 (size before relaxing)
 .rodata.blanks.7257
                0x0000937c       0x10 c:/arduino/hardware/tools/arm/bin/../lib/gcc/arm-none-eabi/5.4.1/../../../../arm-none-eabi/lib/armv7e-m/fpu\libc.a(lib_a-svfprintf.o)
                0x0000938c                . = ALIGN (0x4)
 *(.init)
 .init          0x0000938c        0x4 c:/arduino/hardware/tools/arm/bin/../lib/gcc/arm-none-eabi/5.4.1/armv7e-m/fpu/crti.o
                0x0000938c                _init
 .init          0x00009390        0x8 c:/arduino/hardware/tools/arm/bin/../lib/gcc/arm-none-eabi/5.4.1/armv7e-m/fpu/crtn.o
                0x00009398                . = ALIGN (0x4)
                0x00009398                __preinit_array_start = .
 *(.preinit_array)
                0x00009398                __preinit_array_end = .
                0x00009398                __init_array_start = .
 *(SORT(.init_array.*))
 .init_array.00000
                0x00009398        0x4 c:/arduino/hardware/tools/arm/bin/../lib/gcc/arm-none-eabi/5.4.1/../../../../arm-none-eabi/lib/armv7e-m/fpu\libc.a(lib_a-__call_atexit.o)
 *(.init_array)
 .init_array    0x0000939c        0x4 c:/arduino/hardware/tools/arm/bin/../lib/gcc/arm-none-eabi/5.4.1/armv7e-m/fpu/crtbegin.o
 .init_array    0x000093a0        0x4 C:\Users\Max\AppData\Local\Temp\ccrcZPFj.ltrans6.ltrans.o
                0x000093a4                __init_array_end = .

.glue_7         0x000093a4        0x0
 .glue_7        0x000093a4        0x0 linker stubs

.glue_7t        0x000093a4        0x0
 .glue_7t       0x000093a4        0x0 linker stubs

.vfp11_veneer   0x000093a4        0x0
 .vfp11_veneer  0x000093a4        0x0 linker stubs

.v4_bx          0x000093a4        0x0
 .v4_bx         0x000093a4        0x0 linker stubs

.fini           0x000093a4        0x4
 .fini          0x000093a4        0x4 c:/arduino/hardware/tools/arm/bin/../lib/gcc/arm-none-eabi/5.4.1/armv7e-m/fpu/crti.o
                0x000093a4                _fini

.iplt           0x000093a8        0x0
 .iplt          0x000093a8        0x0 c:/arduino/hardware/tools/arm/bin/../lib/gcc/arm-none-eabi/5.4.1/armv7e-m/fpu/crtbegin.o

.eh_frame       0x000093a8        0x0
 .eh_frame      0x000093a8        0x0 c:/arduino/hardware/tools/arm/bin/../lib/gcc/arm-none-eabi/5.4.1/armv7e-m/fpu/crtbegin.o

.ARM.exidx      0x000093a8        0x8
                0x000093a8                __exidx_start = .
 *(.ARM.exidx* .gnu.linkonce.armexidx.*)
 .ARM.exidx     0x000093a8        0x8 c:/arduino/hardware/tools/arm/bin/../lib/gcc/arm-none-eabi/5.4.1/armv7e-m/fpu\libgcc.a(_udivmoddi4.o)
                0x000093b0                __exidx_end = .
                0x000093b0                _etext = .

.rel.dyn        0x000093b0        0x0
 .rel.iplt      0x000093b0        0x0 c:/arduino/hardware/tools/arm/bin/../lib/gcc/arm-none-eabi/5.4.1/armv7e-m/fpu/crtbegin.o

.usbdescriptortable
                0x1fff0000       0xa0
                0x1fff0000                . = ALIGN (0x200)
 *(.usbdescriptortable*)
 .usbdescriptortable
                0x1fff0000       0xa0 C:\Users\Max\AppData\Local\Temp\ccrcZPFj.ltrans4.ltrans.o
                0x1fff0000                table.lto_priv.127

.dmabuffers     0x1fff0200      0x1d0
                0x1fff0200                . = ALIGN (0x4)
 *(.dmabuffers*)
 .dmabuffers    0x1fff0200      0x1d0 C:\Users\Max\AppData\Local\Temp\ccrcZPFj.ltrans0.ltrans.o
                0x1fff0200                _VectorsRam

.usbbuffers     0x1fff03d0      0x360
                0x1fff03d0                . = ALIGN (0x4)
 *(.usbbuffers*)
 .usbbuffers    0x1fff03d0      0x360 C:\Users\Max\AppData\Local\Temp\ccrcZPFj.ltrans3.ltrans.o
                0x1fff03d0                usb_buffer_memory

.data           0x1fff0730      0xaa8 load address 0x000093b0
                0x1fff0730                . = ALIGN (0x4)
                0x1fff0730                _sdata = .
 *(.fastrun*)
 *(.data*)
 .data          0x1fff0730        0x4 c:/arduino/hardware/tools/arm/bin/../lib/gcc/arm-none-eabi/5.4.1/armv7e-m/fpu/crtbegin.o
                0x1fff0730                __dso_handle
 .data          0x1fff0734       0xa3 C:\Users\Max\AppData\Local\Temp\ccrcZPFj.ltrans0.ltrans.o
 .data          0x1fff07d7        0x1 C:\Users\Max\AppData\Local\Temp\ccrcZPFj.ltrans2.ltrans.o
 .data          0x1fff07d8        0x4 C:\Users\Max\AppData\Local\Temp\ccrcZPFj.ltrans3.ltrans.o
 .data          0x1fff07dc       0x21 C:\Users\Max\AppData\Local\Temp\ccrcZPFj.ltrans4.ltrans.o
                0x1fff07ec                Serial
 *fill*         0x1fff07fd        0x3 
 .data          0x1fff0800       0x30 C:\Users\Max\AppData\Local\Temp\ccrcZPFj.ltrans6.ltrans.o
                0x1fff0800                cmdList
 .data.impure_data
                0x1fff0830      0x428 c:/arduino/hardware/tools/arm/bin/../lib/gcc/arm-none-eabi/5.4.1/../../../../arm-none-eabi/lib/armv7e-m/fpu\libc.a(lib_a-impure.o)
 .data._impure_ptr
                0x1fff0c58        0x4 c:/arduino/hardware/tools/arm/bin/../lib/gcc/arm-none-eabi/5.4.1/../../../../arm-none-eabi/lib/armv7e-m/fpu\libc.a(lib_a-impure.o)
                0x1fff0c58                _impure_ptr
 .data.__global_locale
                0x1fff0c5c      0x16c c:/arduino/hardware/tools/arm/bin/../lib/gcc/arm-none-eabi/5.4.1/../../../../arm-none-eabi/lib/armv7e-m/fpu\libc.a(lib_a-locale.o)
                0x1fff0c5c                __global_locale
 .data.__malloc_av_
                0x1fff0dc8      0x408 c:/arduino/hardware/tools/arm/bin/../lib/gcc/arm-none-eabi/5.4.1/../../../../arm-none-eabi/lib/armv7e-m/fpu\libc.a(lib_a-mallocr.o)
                0x1fff0dc8                __malloc_av_
 .data.__malloc_trim_threshold
                0x1fff11d0        0x4 c:/arduino/hardware/tools/arm/bin/../lib/gcc/arm-none-eabi/5.4.1/../../../../arm-none-eabi/lib/armv7e-m/fpu\libc.a(lib_a-mallocr.o)
                0x1fff11d0                __malloc_trim_threshold
 .data.__malloc_sbrk_base
                0x1fff11d4        0x4 c:/arduino/hardware/tools/arm/bin/../lib/gcc/arm-none-eabi/5.4.1/../../../../arm-none-eabi/lib/armv7e-m/fpu\libc.a(lib_a-mallocr.o)
                0x1fff11d4                __malloc_sbrk_base
                0x1fff11d8                . = ALIGN (0x4)
                0x1fff11d8                _edata = .

.jcr            0x1fff11d8        0x0 load address 0x00009e58
 .jcr           0x1fff11d8        0x0 c:/arduino/hardware/tools/arm/bin/../lib/gcc/arm-none-eabi/5.4.1/armv7e-m/fpu/crtbegin.o

.igot.plt       0x1fff11d8        0x0 load address 0x00009e58
 .igot.plt      0x1fff11d8        0x0 c:/arduino/hardware/tools/arm/bin/../lib/gcc/arm-none-eabi/5.4.1/armv7e-m/fpu/crtbegin.o

.noinit
 *(.noinit*)

.bss            0x1fff11d8      0x48c load address 0x00009e58
                0x1fff11d8                . = ALIGN (0x4)
                0x1fff11d8                _sbss = .
                0x1fff11d8                __bss_start__ = .
 *(.bss*)
 .bss           0x1fff11d8       0x1c c:/arduino/hardware/tools/arm/bin/../lib/gcc/arm-none-eabi/5.4.1/armv7e-m/fpu/crtbegin.o
 .bss           0x1fff11f4      0x1d0 C:\Users\Max\AppData\Local\Temp\ccrcZPFj.ltrans0.ltrans.o
 .bss           0x1fff13c4       0x64 C:\Users\Max\AppData\Local\Temp\ccrcZPFj.ltrans1.ltrans.o
                0x1fff13c8                tx_buffer_head.lto_priv.136
                0x1fff13c9                tx_buffer_tail.lto_priv.139
                0x1fff13cc                rts_pin.lto_priv.133
                0x1fff13d0                rx_buffer.lto_priv.130
                0x1fff1410                tx_noautoflush.lto_priv.124
                0x1fff1414                tx_packet.lto_priv.125
                0x1fff1418                usb_configuration
                0x1fff141c                rx_packet.lto_priv.126
                0x1fff1420                usb_cdc_transmit_flush_timer
                0x1fff1421                transmitting.lto_priv.145
                0x1fff1424                transmit_pin.lto_priv.148
 .bss           0x1fff1428        0xb C:\Users\Max\AppData\Local\Temp\ccrcZPFj.ltrans2.ltrans.o
                0x1fff1429                calibrating.lto_priv.128
 *fill*         0x1fff1433        0x1 
 .bss           0x1fff1434      0x152 C:\Users\Max\AppData\Local\Temp\ccrcZPFj.ltrans3.ltrans.o
                0x1fff1584                usb_rx_memory_needed
 *fill*         0x1fff1586        0x2 
 .bss           0x1fff1588       0x61 C:\Users\Max\AppData\Local\Temp\ccrcZPFj.ltrans4.ltrans.o
                0x1fff158c                systick_millis_count
                0x1fff1590                MillisTimer::listActive
                0x1fff1598                tx_state.lto_priv.150
                0x1fff159c                tx_first.lto_priv.100
                0x1fff15ac                tx_last.lto_priv.152
                0x1fff15bc                rx_first.lto_priv.151
                0x1fff15cc                usb_rx_byte_count_data
                0x1fff15d5                rx_buffer_head.lto_priv.90
                0x1fff15d6                rx_buffer_tail.lto_priv.96
                0x1fff15d7                rx_buffer_head.lto_priv.88
                0x1fff15d8                rx_buffer_tail.lto_priv.94
                0x1fff15d9                rx_buffer_head.lto_priv.93
                0x1fff15da                rx_buffer_tail.lto_priv.99
                0x1fff15db                rx_buffer_head.lto_priv.92
                0x1fff15dc                rx_buffer_tail.lto_priv.98
                0x1fff15dd                rx_buffer_head.lto_priv.89
                0x1fff15de                rx_buffer_tail.lto_priv.95
                0x1fff15df                rx_buffer_head.lto_priv.91
                0x1fff15e0                rx_buffer_tail.lto_priv.97
 *fill*         0x1fff15e9        0x3 
 .bss           0x1fff15ec       0x40 C:\Users\Max\AppData\Local\Temp\ccrcZPFj.ltrans6.ltrans.o
                0x1fff15f4                strips
                0x1fff1618                taskList
 .bss.__malloc_max_total_mem
                0x1fff162c        0x4 c:/arduino/hardware/tools/arm/bin/../lib/gcc/arm-none-eabi/5.4.1/../../../../arm-none-eabi/lib/armv7e-m/fpu\libc.a(lib_a-mallocr.o)
                0x1fff162c                __malloc_max_total_mem
 .bss.__malloc_max_sbrked_mem
                0x1fff1630        0x4 c:/arduino/hardware/tools/arm/bin/../lib/gcc/arm-none-eabi/5.4.1/../../../../arm-none-eabi/lib/armv7e-m/fpu\libc.a(lib_a-mallocr.o)
                0x1fff1630                __malloc_max_sbrked_mem
 .bss.__malloc_top_pad
                0x1fff1634        0x4 c:/arduino/hardware/tools/arm/bin/../lib/gcc/arm-none-eabi/5.4.1/../../../../arm-none-eabi/lib/armv7e-m/fpu\libc.a(lib_a-mallocr.o)
                0x1fff1634                __malloc_top_pad
 .bss.__malloc_current_mallinfo
                0x1fff1638       0x28 c:/arduino/hardware/tools/arm/bin/../lib/gcc/arm-none-eabi/5.4.1/../../../../arm-none-eabi/lib/armv7e-m/fpu\libc.a(lib_a-mallocr.o)
                0x1fff1638                __malloc_current_mallinfo
 *(COMMON)
 COMMON         0x1fff1660        0x4 c:/arduino/hardware/tools/arm/bin/../lib/gcc/arm-none-eabi/5.4.1/../../../../arm-none-eabi/lib/armv7e-m/fpu\libc.a(lib_a-reent.o)
                0x1fff1660                errno
                0x1fff1664                . = ALIGN (0x4)
                0x1fff1664                _ebss = .
                0x1fff1664                __bss_end = .
                0x1fff1664                __bss_end__ = .
                0x20030000                _estack = (ORIGIN (RAM) + LENGTH (RAM))
OUTPUT(bins/LEDBoard.elf elf32-littlearm)

.ARM.attributes
                0x00000000       0x30
 .ARM.attributes
                0x00000000       0x22 c:/arduino/hardware/tools/arm/bin/../lib/gcc/arm-none-eabi/5.4.1/armv7e-m/fpu/crti.o
 .ARM.attributes
                0x00000022       0x34 c:/arduino/hardware/tools/arm/bin/../lib/gcc/arm-none-eabi/5.4.1/armv7e-m/fpu/crtbegin.o
 .ARM.attributes
                0x00000056       0x37 C:\Users\Max\AppData\Local\Temp\ccrcZPFj.ltrans0.ltrans.o
 .ARM.attributes
                0x0000008d       0x37 C:\Users\Max\AppData\Local\Temp\ccrcZPFj.ltrans1.ltrans.o
 .ARM.attributes
                0x000000c4       0x37 C:\Users\Max\AppData\Local\Temp\ccrcZPFj.ltrans2.ltrans.o
 .ARM.attributes
                0x000000fb       0x37 C:\Users\Max\AppData\Local\Temp\ccrcZPFj.ltrans3.ltrans.o
 .ARM.attributes
                0x00000132       0x37 C:\Users\Max\AppData\Local\Temp\ccrcZPFj.ltrans4.ltrans.o
 .ARM.attributes
                0x00000169       0x37 C:\Users\Max\AppData\Local\Temp\ccrcZPFj.ltrans5.ltrans.o
 .ARM.attributes
                0x000001a0       0x37 C:\Users\Max\AppData\Local\Temp\ccrcZPFj.ltrans6.ltrans.o
 .ARM.attributes
                0x000001d7       0x25 teensy3/memcpy-armv7m.o
 .ARM.attributes
                0x000001fc       0x25 teensy3/memset.o
 .ARM.attributes
                0x00000221       0x34 c:/arduino/hardware/tools/arm/bin/../lib/gcc/arm-none-eabi/5.4.1/../../../../arm-none-eabi/lib/armv7e-m/fpu\libc.a(lib_a-aeabi_atexit.o)
 .ARM.attributes
                0x00000255       0x34 c:/arduino/hardware/tools/arm/bin/../lib/gcc/arm-none-eabi/5.4.1/../../../../arm-none-eabi/lib/armv7e-m/fpu\libc.a(lib_a-cxa_atexit.o)
 .ARM.attributes
                0x00000289       0x34 c:/arduino/hardware/tools/arm/bin/../lib/gcc/arm-none-eabi/5.4.1/../../../../arm-none-eabi/lib/armv7e-m/fpu\libc.a(lib_a-errno.o)
 .ARM.attributes
                0x000002bd       0x34 c:/arduino/hardware/tools/arm/bin/../lib/gcc/arm-none-eabi/5.4.1/../../../../arm-none-eabi/lib/armv7e-m/fpu\libc.a(lib_a-impure.o)
 .ARM.attributes
                0x000002f1       0x34 c:/arduino/hardware/tools/arm/bin/../lib/gcc/arm-none-eabi/5.4.1/../../../../arm-none-eabi/lib/armv7e-m/fpu\libc.a(lib_a-init.o)
 .ARM.attributes
                0x00000325       0x34 c:/arduino/hardware/tools/arm/bin/../lib/gcc/arm-none-eabi/5.4.1/../../../../arm-none-eabi/lib/armv7e-m/fpu\libc.a(lib_a-strnlen.o)
 .ARM.attributes
                0x00000359       0x34 c:/arduino/hardware/tools/arm/bin/../lib/gcc/arm-none-eabi/5.4.1/../../../../arm-none-eabi/lib/armv7e-m/fpu\libc.a(lib_a-strtoul.o)
 .ARM.attributes
                0x0000038d       0x34 c:/arduino/hardware/tools/arm/bin/../lib/gcc/arm-none-eabi/5.4.1/../../../../arm-none-eabi/lib/armv7e-m/fpu\libc.a(lib_a-vdprintf.o)
 .ARM.attributes
                0x000003c1       0x34 c:/arduino/hardware/tools/arm/bin/../lib/gcc/arm-none-eabi/5.4.1/../../../../arm-none-eabi/lib/armv7e-m/fpu\libc.a(lib_a-writer.o)
 .ARM.attributes
                0x000003f5       0x34 c:/arduino/hardware/tools/arm/bin/../lib/gcc/arm-none-eabi/5.4.1/../../../../arm-none-eabi/lib/armv7e-m/fpu\libc.a(lib_a-__atexit.o)
 .ARM.attributes
                0x00000429       0x34 c:/arduino/hardware/tools/arm/bin/../lib/gcc/arm-none-eabi/5.4.1/../../../../arm-none-eabi/lib/armv7e-m/fpu\libc.a(lib_a-__call_atexit.o)
 .ARM.attributes
                0x0000045d       0x34 c:/arduino/hardware/tools/arm/bin/../lib/gcc/arm-none-eabi/5.4.1/../../../../arm-none-eabi/lib/armv7e-m/fpu\libc.a(lib_a-atexit.o)
 .ARM.attributes
                0x00000491       0x34 c:/arduino/hardware/tools/arm/bin/../lib/gcc/arm-none-eabi/5.4.1/../../../../arm-none-eabi/lib/armv7e-m/fpu\libc.a(lib_a-fini.o)
 .ARM.attributes
                0x000004c5       0x34 c:/arduino/hardware/tools/arm/bin/../lib/gcc/arm-none-eabi/5.4.1/../../../../arm-none-eabi/lib/armv7e-m/fpu\libc.a(lib_a-freer.o)
 .ARM.attributes
                0x000004f9       0x34 c:/arduino/hardware/tools/arm/bin/../lib/gcc/arm-none-eabi/5.4.1/../../../../arm-none-eabi/lib/armv7e-m/fpu\libc.a(lib_a-locale.o)
 .ARM.attributes
                0x0000052d       0x34 c:/arduino/hardware/tools/arm/bin/../lib/gcc/arm-none-eabi/5.4.1/../../../../arm-none-eabi/lib/armv7e-m/fpu\libc.a(lib_a-localeconv.o)
 .ARM.attributes
                0x00000561       0x34 c:/arduino/hardware/tools/arm/bin/../lib/gcc/arm-none-eabi/5.4.1/../../../../arm-none-eabi/lib/armv7e-m/fpu\libc.a(lib_a-mallocr.o)
 .ARM.attributes
                0x00000595       0x34 c:/arduino/hardware/tools/arm/bin/../lib/gcc/arm-none-eabi/5.4.1/../../../../arm-none-eabi/lib/armv7e-m/fpu\libc.a(lib_a-mbtowc_r.o)
 .ARM.attributes
                0x000005c9       0x34 c:/arduino/hardware/tools/arm/bin/../lib/gcc/arm-none-eabi/5.4.1/../../../../arm-none-eabi/lib/armv7e-m/fpu\libc.a(lib_a-mlock.o)
 .ARM.attributes
                0x000005fd       0x34 c:/arduino/hardware/tools/arm/bin/../lib/gcc/arm-none-eabi/5.4.1/../../../../arm-none-eabi/lib/armv7e-m/fpu\libc.a(lib_a-mprec.o)
 .ARM.attributes
                0x00000631       0x34 c:/arduino/hardware/tools/arm/bin/../lib/gcc/arm-none-eabi/5.4.1/../../../../arm-none-eabi/lib/armv7e-m/fpu\libc.a(lib_a-reallocr.o)
 .ARM.attributes
                0x00000665       0x34 c:/arduino/hardware/tools/arm/bin/../lib/gcc/arm-none-eabi/5.4.1/../../../../arm-none-eabi/lib/armv7e-m/fpu\libc.a(lib_a-reent.o)
 .ARM.attributes
                0x00000699       0x34 c:/arduino/hardware/tools/arm/bin/../lib/gcc/arm-none-eabi/5.4.1/../../../../arm-none-eabi/lib/armv7e-m/fpu\libc.a(lib_a-sbrkr.o)
 .ARM.attributes
                0x000006cd       0x20 c:/arduino/hardware/tools/arm/bin/../lib/gcc/arm-none-eabi/5.4.1/../../../../arm-none-eabi/lib/armv7e-m/fpu\libc.a(lib_a-strlen.o)
 .ARM.attributes
                0x000006ed       0x34 c:/arduino/hardware/tools/arm/bin/../lib/gcc/arm-none-eabi/5.4.1/../../../../arm-none-eabi/lib/armv7e-m/fpu\libc.a(lib_a-strncmp.o)
 .ARM.attributes
                0x00000721       0x34 c:/arduino/hardware/tools/arm/bin/../lib/gcc/arm-none-eabi/5.4.1/../../../../arm-none-eabi/lib/armv7e-m/fpu\libc.a(lib_a-vasnprintf.o)
 .ARM.attributes
                0x00000755       0x34 c:/arduino/hardware/tools/arm/bin/../lib/gcc/arm-none-eabi/5.4.1/../../../../arm-none-eabi/lib/armv7e-m/fpu\libc.a(lib_a-wctomb_r.o)
 .ARM.attributes
                0x00000789       0x34 c:/arduino/hardware/tools/arm/bin/../lib/gcc/arm-none-eabi/5.4.1/../../../../arm-none-eabi/lib/armv7e-m/fpu\libc.a(lib_a-callocr.o)
 .ARM.attributes
                0x000007bd       0x34 c:/arduino/hardware/tools/arm/bin/../lib/gcc/arm-none-eabi/5.4.1/../../../../arm-none-eabi/lib/armv7e-m/fpu\libc.a(lib_a-ctype_.o)
 .ARM.attributes
                0x000007f1       0x34 c:/arduino/hardware/tools/arm/bin/../lib/gcc/arm-none-eabi/5.4.1/../../../../arm-none-eabi/lib/armv7e-m/fpu\libc.a(lib_a-dtoa.o)
 .ARM.attributes
                0x00000825       0x34 c:/arduino/hardware/tools/arm/bin/../lib/gcc/arm-none-eabi/5.4.1/../../../../arm-none-eabi/lib/armv7e-m/fpu\libc.a(lib_a-memmove.o)
 .ARM.attributes
                0x00000859       0x34 c:/arduino/hardware/tools/arm/bin/../lib/gcc/arm-none-eabi/5.4.1/../../../../arm-none-eabi/lib/armv7e-m/fpu\libc.a(lib_a-svfprintf.o)
 .ARM.attributes
                0x0000088d       0x20 c:/arduino/hardware/tools/arm/bin/../lib/gcc/arm-none-eabi/5.4.1/../../../../arm-none-eabi/lib/armv7e-m/fpu\libc.a(lib_a-memchr.o)
 .ARM.attributes
                0x000008ad       0x34 c:/arduino/hardware/tools/arm/bin/../lib/gcc/arm-none-eabi/5.4.1/../../../../arm-none-eabi/lib/armv7e-m/fpu\libc.a(lib_a-svfiprintf.o)
 .ARM.attributes
                0x000008e1       0x22 c:/arduino/hardware/tools/arm/bin/../lib/gcc/arm-none-eabi/5.4.1/armv7e-m/fpu\libgcc.a(_arm_addsubdf3.o)
 .ARM.attributes
                0x00000903       0x22 c:/arduino/hardware/tools/arm/bin/../lib/gcc/arm-none-eabi/5.4.1/armv7e-m/fpu\libgcc.a(_arm_muldivdf3.o)
 .ARM.attributes
                0x00000925       0x22 c:/arduino/hardware/tools/arm/bin/../lib/gcc/arm-none-eabi/5.4.1/armv7e-m/fpu\libgcc.a(_arm_cmpdf2.o)
 .ARM.attributes
                0x00000947       0x22 c:/arduino/hardware/tools/arm/bin/../lib/gcc/arm-none-eabi/5.4.1/armv7e-m/fpu\libgcc.a(_arm_unorddf2.o)
 .ARM.attributes
                0x00000969       0x22 c:/arduino/hardware/tools/arm/bin/../lib/gcc/arm-none-eabi/5.4.1/armv7e-m/fpu\libgcc.a(_arm_fixdfsi.o)
 .ARM.attributes
                0x0000098b       0x22 c:/arduino/hardware/tools/arm/bin/../lib/gcc/arm-none-eabi/5.4.1/armv7e-m/fpu\libgcc.a(_aeabi_uldivmod.o)
 .ARM.attributes
                0x000009ad       0x34 c:/arduino/hardware/tools/arm/bin/../lib/gcc/arm-none-eabi/5.4.1/armv7e-m/fpu\libgcc.a(_udivmoddi4.o)
 .ARM.attributes
                0x000009e1       0x22 c:/arduino/hardware/tools/arm/bin/../lib/gcc/arm-none-eabi/5.4.1/armv7e-m/fpu\libgcc.a(_dvmd_tls.o)
 .ARM.attributes
                0x00000a03       0x22 c:/arduino/hardware/tools/arm/bin/../lib/gcc/arm-none-eabi/5.4.1/armv7e-m/fpu/crtn.o
 .ARM.attributes
                0x00000a25       0x34 c:/arduino/hardware/tools/arm/bin/../lib/gcc/arm-none-eabi/5.4.1/../../../../arm-none-eabi/lib/armv7e-m/fpu\libc.a(lib_a-malloc.o)
 .ARM.attributes
                0x00000a59       0x34 c:/arduino/hardware/tools/arm/bin/../lib/gcc/arm-none-eabi/5.4.1/../../../../arm-none-eabi/lib/armv7e-m/fpu\libc.a(lib_a-snprintf.o)
 .ARM.attributes
                0x00000a8d       0x34 c:/arduino/hardware/tools/arm/bin/../lib/gcc/arm-none-eabi/5.4.1/../../../../arm-none-eabi/lib/armv7e-m/fpu\libc.a(lib_a-strncpy.o)
 .ARM.attributes
                0x00000ac1       0x34 c:/arduino/hardware/tools/arm/bin/../lib/gcc/arm-none-eabi/5.4.1/../../../../arm-none-eabi/lib/armv7e-m/fpu\libc.a(lib_a-vsnprintf.o)

.comment        0x00000000       0x6e
 .comment       0x00000000       0x6e C:\Users\Max\AppData\Local\Temp\ccrcZPFj.ltrans0.ltrans.o
                                 0x6f (size before relaxing)
 .comment       0x0000006e       0x6f C:\Users\Max\AppData\Local\Temp\ccrcZPFj.ltrans1.ltrans.o
 .comment       0x0000006e       0x6f C:\Users\Max\AppData\Local\Temp\ccrcZPFj.ltrans2.ltrans.o
 .comment       0x0000006e       0x6f C:\Users\Max\AppData\Local\Temp\ccrcZPFj.ltrans3.ltrans.o
 .comment       0x0000006e       0x6f C:\Users\Max\AppData\Local\Temp\ccrcZPFj.ltrans4.ltrans.o
 .comment       0x0000006e       0x6f C:\Users\Max\AppData\Local\Temp\ccrcZPFj.ltrans5.ltrans.o
 .comment       0x0000006e       0x6f C:\Users\Max\AppData\Local\Temp\ccrcZPFj.ltrans6.ltrans.o

.debug_line     0x00000000       0xeb
 .debug_line    0x00000000       0x93 teensy3/memcpy-armv7m.o
 .debug_line    0x00000093       0x58 teensy3/memset.o

.debug_info     0x00000000       0xad
 .debug_info    0x00000000       0x5a teensy3/memcpy-armv7m.o
 .debug_info    0x0000005a       0x53 teensy3/memset.o

.debug_abbrev   0x00000000       0x28
 .debug_abbrev  0x00000000       0x14 teensy3/memcpy-armv7m.o
 .debug_abbrev  0x00000014       0x14 teensy3/memset.o

.debug_aranges  0x00000000       0x40
 .debug_aranges
                0x00000000       0x20 teensy3/memcpy-armv7m.o
 .debug_aranges
                0x00000020       0x20 teensy3/memset.o

.debug_frame    0x00000000      0xc74
 .debug_frame   0x00000000       0x20 c:/arduino/hardware/tools/arm/bin/../lib/gcc/arm-none-eabi/5.4.1/../../../../arm-none-eabi/lib/armv7e-m/fpu\libc.a(lib_a-aeabi_atexit.o)
 .debug_frame   0x00000020       0x20 c:/arduino/hardware/tools/arm/bin/../lib/gcc/arm-none-eabi/5.4.1/../../../../arm-none-eabi/lib/armv7e-m/fpu\libc.a(lib_a-cxa_atexit.o)
 .debug_frame   0x00000040       0x20 c:/arduino/hardware/tools/arm/bin/../lib/gcc/arm-none-eabi/5.4.1/../../../../arm-none-eabi/lib/armv7e-m/fpu\libc.a(lib_a-errno.o)
 .debug_frame   0x00000060       0x2c c:/arduino/hardware/tools/arm/bin/../lib/gcc/arm-none-eabi/5.4.1/../../../../arm-none-eabi/lib/armv7e-m/fpu\libc.a(lib_a-init.o)
 .debug_frame   0x0000008c       0x30 c:/arduino/hardware/tools/arm/bin/../lib/gcc/arm-none-eabi/5.4.1/../../../../arm-none-eabi/lib/armv7e-m/fpu\libc.a(lib_a-strnlen.o)
 .debug_frame   0x000000bc       0x98 c:/arduino/hardware/tools/arm/bin/../lib/gcc/arm-none-eabi/5.4.1/../../../../arm-none-eabi/lib/armv7e-m/fpu\libc.a(lib_a-strtoul.o)
 .debug_frame   0x00000154       0x54 c:/arduino/hardware/tools/arm/bin/../lib/gcc/arm-none-eabi/5.4.1/../../../../arm-none-eabi/lib/armv7e-m/fpu\libc.a(lib_a-vdprintf.o)
 .debug_frame   0x000001a8       0x2c c:/arduino/hardware/tools/arm/bin/../lib/gcc/arm-none-eabi/5.4.1/../../../../arm-none-eabi/lib/armv7e-m/fpu\libc.a(lib_a-writer.o)
 .debug_frame   0x000001d4       0x34 c:/arduino/hardware/tools/arm/bin/../lib/gcc/arm-none-eabi/5.4.1/../../../../arm-none-eabi/lib/armv7e-m/fpu\libc.a(lib_a-__atexit.o)
 .debug_frame   0x00000208       0x50 c:/arduino/hardware/tools/arm/bin/../lib/gcc/arm-none-eabi/5.4.1/../../../../arm-none-eabi/lib/armv7e-m/fpu\libc.a(lib_a-__call_atexit.o)
 .debug_frame   0x00000258       0x20 c:/arduino/hardware/tools/arm/bin/../lib/gcc/arm-none-eabi/5.4.1/../../../../arm-none-eabi/lib/armv7e-m/fpu\libc.a(lib_a-atexit.o)
 .debug_frame   0x00000278       0x34 c:/arduino/hardware/tools/arm/bin/../lib/gcc/arm-none-eabi/5.4.1/../../../../arm-none-eabi/lib/armv7e-m/fpu\libc.a(lib_a-fini.o)
 .debug_frame   0x000002ac       0x74 c:/arduino/hardware/tools/arm/bin/../lib/gcc/arm-none-eabi/5.4.1/../../../../arm-none-eabi/lib/armv7e-m/fpu\libc.a(lib_a-freer.o)
 .debug_frame   0x00000320       0x84 c:/arduino/hardware/tools/arm/bin/../lib/gcc/arm-none-eabi/5.4.1/../../../../arm-none-eabi/lib/armv7e-m/fpu\libc.a(lib_a-locale.o)
 .debug_frame   0x000003a4       0x40 c:/arduino/hardware/tools/arm/bin/../lib/gcc/arm-none-eabi/5.4.1/../../../../arm-none-eabi/lib/armv7e-m/fpu\libc.a(lib_a-localeconv.o)
 .debug_frame   0x000003e4       0x58 c:/arduino/hardware/tools/arm/bin/../lib/gcc/arm-none-eabi/5.4.1/../../../../arm-none-eabi/lib/armv7e-m/fpu\libc.a(lib_a-mallocr.o)
 .debug_frame   0x0000043c       0x4c c:/arduino/hardware/tools/arm/bin/../lib/gcc/arm-none-eabi/5.4.1/../../../../arm-none-eabi/lib/armv7e-m/fpu\libc.a(lib_a-mbtowc_r.o)
 .debug_frame   0x00000488       0x30 c:/arduino/hardware/tools/arm/bin/../lib/gcc/arm-none-eabi/5.4.1/../../../../arm-none-eabi/lib/armv7e-m/fpu\libc.a(lib_a-mlock.o)
 .debug_frame   0x000004b8      0x264 c:/arduino/hardware/tools/arm/bin/../lib/gcc/arm-none-eabi/5.4.1/../../../../arm-none-eabi/lib/armv7e-m/fpu\libc.a(lib_a-mprec.o)
 .debug_frame   0x0000071c       0x60 c:/arduino/hardware/tools/arm/bin/../lib/gcc/arm-none-eabi/5.4.1/../../../../arm-none-eabi/lib/armv7e-m/fpu\libc.a(lib_a-reallocr.o)
 .debug_frame   0x0000077c       0x58 c:/arduino/hardware/tools/arm/bin/../lib/gcc/arm-none-eabi/5.4.1/../../../../arm-none-eabi/lib/armv7e-m/fpu\libc.a(lib_a-reent.o)
 .debug_frame   0x000007d4       0x2c c:/arduino/hardware/tools/arm/bin/../lib/gcc/arm-none-eabi/5.4.1/../../../../arm-none-eabi/lib/armv7e-m/fpu\libc.a(lib_a-sbrkr.o)
 .debug_frame   0x00000800       0x54 c:/arduino/hardware/tools/arm/bin/../lib/gcc/arm-none-eabi/5.4.1/../../../../arm-none-eabi/lib/armv7e-m/fpu\libc.a(lib_a-strncmp.o)
 .debug_frame   0x00000854       0x54 c:/arduino/hardware/tools/arm/bin/../lib/gcc/arm-none-eabi/5.4.1/../../../../arm-none-eabi/lib/armv7e-m/fpu\libc.a(lib_a-vasnprintf.o)
 .debug_frame   0x000008a8       0x3c c:/arduino/hardware/tools/arm/bin/../lib/gcc/arm-none-eabi/5.4.1/../../../../arm-none-eabi/lib/armv7e-m/fpu\libc.a(lib_a-wctomb_r.o)
 .debug_frame   0x000008e4       0x28 c:/arduino/hardware/tools/arm/bin/../lib/gcc/arm-none-eabi/5.4.1/../../../../arm-none-eabi/lib/armv7e-m/fpu\libc.a(lib_a-callocr.o)
 .debug_frame   0x0000090c       0x88 c:/arduino/hardware/tools/arm/bin/../lib/gcc/arm-none-eabi/5.4.1/../../../../arm-none-eabi/lib/armv7e-m/fpu\libc.a(lib_a-dtoa.o)
 .debug_frame   0x00000994       0x30 c:/arduino/hardware/tools/arm/bin/../lib/gcc/arm-none-eabi/5.4.1/../../../../arm-none-eabi/lib/armv7e-m/fpu\libc.a(lib_a-memmove.o)
 .debug_frame   0x000009c4       0x44 c:/arduino/hardware/tools/arm/bin/../lib/gcc/arm-none-eabi/5.4.1/../../../../arm-none-eabi/lib/armv7e-m/fpu\libc.a(lib_a-svfprintf.o)
 .debug_frame   0x00000a08       0x78 c:/arduino/hardware/tools/arm/bin/../lib/gcc/arm-none-eabi/5.4.1/../../../../arm-none-eabi/lib/armv7e-m/fpu\libc.a(lib_a-svfiprintf.o)
 .debug_frame   0x00000a80       0x2c c:/arduino/hardware/tools/arm/bin/../lib/gcc/arm-none-eabi/5.4.1/armv7e-m/fpu\libgcc.a(_aeabi_uldivmod.o)
 .debug_frame   0x00000aac       0x34 c:/arduino/hardware/tools/arm/bin/../lib/gcc/arm-none-eabi/5.4.1/armv7e-m/fpu\libgcc.a(_udivmoddi4.o)
 .debug_frame   0x00000ae0       0x30 c:/arduino/hardware/tools/arm/bin/../lib/gcc/arm-none-eabi/5.4.1/../../../../arm-none-eabi/lib/armv7e-m/fpu\libc.a(lib_a-malloc.o)
 .debug_frame   0x00000b10       0xd0 c:/arduino/hardware/tools/arm/bin/../lib/gcc/arm-none-eabi/5.4.1/../../../../arm-none-eabi/lib/armv7e-m/fpu\libc.a(lib_a-snprintf.o)
 .debug_frame   0x00000be0       0x34 c:/arduino/hardware/tools/arm/bin/../lib/gcc/arm-none-eabi/5.4.1/../../../../arm-none-eabi/lib/armv7e-m/fpu\libc.a(lib_a-strncpy.o)
 .debug_frame   0x00000c14       0x60 c:/arduino/hardware/tools/arm/bin/../lib/gcc/arm-none-eabi/5.4.1/../../../../arm-none-eabi/lib/armv7e-m/fpu\libc.a(lib_a-vsnprintf.o)
